<?xml version="1.0" encoding="ISO-8859-1" ?>
<link_info>
   <banner>TI ARM Linker PC v18.12.2.LTS</banner>
   <copyright>Copyright (c) 1996-2018 Texas Instruments Incorporated</copyright>
   <link_time>0x5eb1fdc2</link_time>
   <link_errors>0x0</link_errors>
   <output_file>118_Menon.out</output_file>
   <entry_point>
      <name>_c_int00_noargs</name>
      <address>0x97bd</address>
   </entry_point>
   <input_file_list>
      <input_file id="fl-2">
         <path>.\</path>
         <kind>object</kind>
         <file>eth0.obj</file>
         <name>eth0.obj</name>
      </input_file>
      <input_file id="fl-3">
         <path>.\</path>
         <kind>object</kind>
         <file>ethernet.obj</file>
         <name>ethernet.obj</name>
      </input_file>
      <input_file id="fl-4">
         <path>.\</path>
         <kind>object</kind>
         <file>gpio.obj</file>
         <name>gpio.obj</name>
      </input_file>
      <input_file id="fl-5">
         <path>.\</path>
         <kind>object</kind>
         <file>periodic.obj</file>
         <name>periodic.obj</name>
      </input_file>
      <input_file id="fl-6">
         <path>.\</path>
         <kind>object</kind>
         <file>rtc.obj</file>
         <name>rtc.obj</name>
      </input_file>
      <input_file id="fl-7">
         <path>.\</path>
         <kind>object</kind>
         <file>spi0.obj</file>
         <name>spi0.obj</name>
      </input_file>
      <input_file id="fl-8">
         <path>.\</path>
         <kind>object</kind>
         <file>time.obj</file>
         <name>time.obj</name>
      </input_file>
      <input_file id="fl-9">
         <path>.\</path>
         <kind>object</kind>
         <file>timer.obj</file>
         <name>timer.obj</name>
      </input_file>
      <input_file id="fl-a">
         <path>.\</path>
         <kind>object</kind>
         <file>tm4c123gh6pm_startup_ccs.obj</file>
         <name>tm4c123gh6pm_startup_ccs.obj</name>
      </input_file>
      <input_file id="fl-b">
         <path>.\</path>
         <kind>object</kind>
         <file>uart0.obj</file>
         <name>uart0.obj</name>
      </input_file>
      <input_file id="fl-c">
         <path>.\</path>
         <kind>object</kind>
         <file>wait.obj</file>
         <name>wait.obj</name>
      </input_file>
      <input_file id="fl-10">
         <kind>object</kind>
         <file>&lt;internal&gt;</file>
         <name>&lt;internal&gt;</name>
      </input_file>
      <input_file id="fl-c6">
         <path>C:\ti\ccs910\ccs\tools\compiler\ti-cgt-arm_18.12.2.LTS\lib\</path>
         <kind>archive</kind>
         <file>rtsv7M4_T_le_v4SPD16_eabi.lib</file>
         <name>sprintf.c.obj</name>
      </input_file>
      <input_file id="fl-c7">
         <path>C:\ti\ccs910\ccs\tools\compiler\ti-cgt-arm_18.12.2.LTS\lib\</path>
         <kind>archive</kind>
         <file>rtsv7M4_T_le_v4SPD16_eabi.lib</file>
         <name>memset_t2.asm.obj</name>
      </input_file>
      <input_file id="fl-c8">
         <path>C:\ti\ccs910\ccs\tools\compiler\ti-cgt-arm_18.12.2.LTS\lib\</path>
         <kind>archive</kind>
         <file>rtsv7M4_T_le_v4SPD16_eabi.lib</file>
         <name>fd_add_t2.asm.obj</name>
      </input_file>
      <input_file id="fl-c9">
         <path>C:\ti\ccs910\ccs\tools\compiler\ti-cgt-arm_18.12.2.LTS\lib\</path>
         <kind>archive</kind>
         <file>rtsv7M4_T_le_v4SPD16_eabi.lib</file>
         <name>fd_div_t2.asm.obj</name>
      </input_file>
      <input_file id="fl-ca">
         <path>C:\ti\ccs910\ccs\tools\compiler\ti-cgt-arm_18.12.2.LTS\lib\</path>
         <kind>archive</kind>
         <file>rtsv7M4_T_le_v4SPD16_eabi.lib</file>
         <name>fd_mul_t2.asm.obj</name>
      </input_file>
      <input_file id="fl-cb">
         <path>C:\ti\ccs910\ccs\tools\compiler\ti-cgt-arm_18.12.2.LTS\lib\</path>
         <kind>archive</kind>
         <file>rtsv7M4_T_le_v4SPD16_eabi.lib</file>
         <name>fd_tos_t2.asm.obj</name>
      </input_file>
      <input_file id="fl-cc">
         <path>C:\ti\ccs910\ccs\tools\compiler\ti-cgt-arm_18.12.2.LTS\lib\</path>
         <kind>archive</kind>
         <file>rtsv7M4_T_le_v4SPD16_eabi.lib</file>
         <name>fd_tou_t2.asm.obj</name>
      </input_file>
      <input_file id="fl-cd">
         <path>C:\ti\ccs910\ccs\tools\compiler\ti-cgt-arm_18.12.2.LTS\lib\</path>
         <kind>archive</kind>
         <file>rtsv7M4_T_le_v4SPD16_eabi.lib</file>
         <name>fs_tod_t2.asm.obj</name>
      </input_file>
      <input_file id="fl-ce">
         <path>C:\ti\ccs910\ccs\tools\compiler\ti-cgt-arm_18.12.2.LTS\lib\</path>
         <kind>archive</kind>
         <file>rtsv7M4_T_le_v4SPD16_eabi.lib</file>
         <name>memcpy_t2.asm.obj</name>
      </input_file>
      <input_file id="fl-cf">
         <path>C:\ti\ccs910\ccs\tools\compiler\ti-cgt-arm_18.12.2.LTS\lib\</path>
         <kind>archive</kind>
         <file>rtsv7M4_T_le_v4SPD16_eabi.lib</file>
         <name>u_tofd_t2.asm.obj</name>
      </input_file>
      <input_file id="fl-d0">
         <path>C:\ti\ccs910\ccs\tools\compiler\ti-cgt-arm_18.12.2.LTS\lib\</path>
         <kind>archive</kind>
         <file>rtsv7M4_T_le_v4SPD16_eabi.lib</file>
         <name>copy_zero_init.c.obj</name>
      </input_file>
      <input_file id="fl-d1">
         <path>C:\ti\ccs910\ccs\tools\compiler\ti-cgt-arm_18.12.2.LTS\lib\</path>
         <kind>archive</kind>
         <file>rtsv7M4_T_le_v4SPD16_eabi.lib</file>
         <name>copy_decompress_none.c.obj</name>
      </input_file>
      <input_file id="fl-d2">
         <path>C:\ti\ccs910\ccs\tools\compiler\ti-cgt-arm_18.12.2.LTS\lib\</path>
         <kind>archive</kind>
         <file>rtsv7M4_T_le_v4SPD16_eabi.lib</file>
         <name>copy_decompress_lzss.c.obj</name>
      </input_file>
      <input_file id="fl-d3">
         <path>C:\ti\ccs910\ccs\tools\compiler\ti-cgt-arm_18.12.2.LTS\lib\</path>
         <kind>archive</kind>
         <file>rtsv7M4_T_le_v4SPD16_eabi.lib</file>
         <name>atoi.c.obj</name>
      </input_file>
      <input_file id="fl-d4">
         <path>C:\ti\ccs910\ccs\tools\compiler\ti-cgt-arm_18.12.2.LTS\lib\</path>
         <kind>archive</kind>
         <file>rtsv7M4_T_le_v4SPD16_eabi.lib</file>
         <name>ctype.c.obj</name>
      </input_file>
      <input_file id="fl-d5">
         <path>C:\ti\ccs910\ccs\tools\compiler\ti-cgt-arm_18.12.2.LTS\lib\</path>
         <kind>archive</kind>
         <file>rtsv7M4_T_le_v4SPD16_eabi.lib</file>
         <name>strcmp.c.obj</name>
      </input_file>
      <input_file id="fl-d6">
         <path>C:\ti\ccs910\ccs\tools\compiler\ti-cgt-arm_18.12.2.LTS\lib\</path>
         <kind>archive</kind>
         <file>rtsv7M4_T_le_v4SPD16_eabi.lib</file>
         <name>boot_cortex_m.c.obj</name>
      </input_file>
      <input_file id="fl-d7">
         <path>C:\ti\ccs910\ccs\tools\compiler\ti-cgt-arm_18.12.2.LTS\lib\</path>
         <kind>archive</kind>
         <file>rtsv7M4_T_le_v4SPD16_eabi.lib</file>
         <name>_printfi.c.obj</name>
      </input_file>
      <input_file id="fl-d8">
         <path>C:\ti\ccs910\ccs\tools\compiler\ti-cgt-arm_18.12.2.LTS\lib\</path>
         <kind>archive</kind>
         <file>rtsv7M4_T_le_v4SPD16_eabi.lib</file>
         <name>s_frexp.c.obj</name>
      </input_file>
      <input_file id="fl-d9">
         <path>C:\ti\ccs910\ccs\tools\compiler\ti-cgt-arm_18.12.2.LTS\lib\</path>
         <kind>archive</kind>
         <file>rtsv7M4_T_le_v4SPD16_eabi.lib</file>
         <name>s_scalbn.c.obj</name>
      </input_file>
      <input_file id="fl-da">
         <path>C:\ti\ccs910\ccs\tools\compiler\ti-cgt-arm_18.12.2.LTS\lib\</path>
         <kind>archive</kind>
         <file>rtsv7M4_T_le_v4SPD16_eabi.lib</file>
         <name>ull_div_t2.asm.obj</name>
      </input_file>
      <input_file id="fl-db">
         <path>C:\ti\ccs910\ccs\tools\compiler\ti-cgt-arm_18.12.2.LTS\lib\</path>
         <kind>archive</kind>
         <file>rtsv7M4_T_le_v4SPD16_eabi.lib</file>
         <name>fd_cmp_t2.asm.obj</name>
      </input_file>
      <input_file id="fl-dc">
         <path>C:\ti\ccs910\ccs\tools\compiler\ti-cgt-arm_18.12.2.LTS\lib\</path>
         <kind>archive</kind>
         <file>rtsv7M4_T_le_v4SPD16_eabi.lib</file>
         <name>fd_toi_t2.asm.obj</name>
      </input_file>
      <input_file id="fl-dd">
         <path>C:\ti\ccs910\ccs\tools\compiler\ti-cgt-arm_18.12.2.LTS\lib\</path>
         <kind>archive</kind>
         <file>rtsv7M4_T_le_v4SPD16_eabi.lib</file>
         <name>i_tofd_t2.asm.obj</name>
      </input_file>
      <input_file id="fl-de">
         <path>C:\ti\ccs910\ccs\tools\compiler\ti-cgt-arm_18.12.2.LTS\lib\</path>
         <kind>archive</kind>
         <file>rtsv7M4_T_le_v4SPD16_eabi.lib</file>
         <name>autoinit.c.obj</name>
      </input_file>
      <input_file id="fl-df">
         <path>C:\ti\ccs910\ccs\tools\compiler\ti-cgt-arm_18.12.2.LTS\lib\</path>
         <kind>archive</kind>
         <file>rtsv7M4_T_le_v4SPD16_eabi.lib</file>
         <name>pre_init.c.obj</name>
      </input_file>
      <input_file id="fl-e0">
         <path>C:\ti\ccs910\ccs\tools\compiler\ti-cgt-arm_18.12.2.LTS\lib\</path>
         <kind>archive</kind>
         <file>rtsv7M4_T_le_v4SPD16_eabi.lib</file>
         <name>cpy_tbl.c.obj</name>
      </input_file>
      <input_file id="fl-e1">
         <path>C:\ti\ccs910\ccs\tools\compiler\ti-cgt-arm_18.12.2.LTS\lib\</path>
         <kind>archive</kind>
         <file>rtsv7M4_T_le_v4SPD16_eabi.lib</file>
         <name>exit.c.obj</name>
      </input_file>
      <input_file id="fl-e2">
         <path>C:\ti\ccs910\ccs\tools\compiler\ti-cgt-arm_18.12.2.LTS\lib\</path>
         <kind>archive</kind>
         <file>rtsv7M4_T_le_v4SPD16_eabi.lib</file>
         <name>_lock.c.obj</name>
      </input_file>
      <input_file id="fl-e3">
         <path>C:\ti\ccs910\ccs\tools\compiler\ti-cgt-arm_18.12.2.LTS\lib\</path>
         <kind>archive</kind>
         <file>rtsv7M4_T_le_v4SPD16_eabi.lib</file>
         <name>args_main.c.obj</name>
      </input_file>
      <input_file id="fl-e4">
         <path>C:\ti\ccs910\ccs\tools\compiler\ti-cgt-arm_18.12.2.LTS\lib\</path>
         <kind>archive</kind>
         <file>rtsv7M4_T_le_v4SPD16_eabi.lib</file>
         <name>ltoa.c.obj</name>
      </input_file>
      <input_file id="fl-e5">
         <path>C:\ti\ccs910\ccs\tools\compiler\ti-cgt-arm_18.12.2.LTS\lib\</path>
         <kind>archive</kind>
         <file>rtsv7M4_T_le_v4SPD16_eabi.lib</file>
         <name>memccpy.c.obj</name>
      </input_file>
      <input_file id="fl-e6">
         <path>C:\ti\ccs910\ccs\tools\compiler\ti-cgt-arm_18.12.2.LTS\lib\</path>
         <kind>archive</kind>
         <file>rtsv7M4_T_le_v4SPD16_eabi.lib</file>
         <name>strchr.c.obj</name>
      </input_file>
      <input_file id="fl-e7">
         <path>C:\ti\ccs910\ccs\tools\compiler\ti-cgt-arm_18.12.2.LTS\lib\</path>
         <kind>archive</kind>
         <file>rtsv7M4_T_le_v4SPD16_eabi.lib</file>
         <name>strlen.c.obj</name>
      </input_file>
      <input_file id="fl-e8">
         <path>C:\ti\ccs910\ccs\tools\compiler\ti-cgt-arm_18.12.2.LTS\lib\</path>
         <kind>archive</kind>
         <file>rtsv7M4_T_le_v4SPD16_eabi.lib</file>
         <name>errno.c.obj</name>
      </input_file>
      <input_file id="fl-e9">
         <path>C:\ti\ccs910\ccs\tools\compiler\ti-cgt-arm_18.12.2.LTS\lib\</path>
         <kind>archive</kind>
         <file>rtsv7M4_T_le_v4SPD16_eabi.lib</file>
         <name>wcslen.c.obj</name>
      </input_file>
      <input_file id="fl-ea">
         <path>C:\ti\ccs910\ccs\tools\compiler\ti-cgt-arm_18.12.2.LTS\lib\</path>
         <kind>archive</kind>
         <file>rtsv7M4_T_le_v4SPD16_eabi.lib</file>
         <name>s_copysign.c.obj</name>
      </input_file>
      <input_file id="fl-eb">
         <path>C:\ti\ccs910\ccs\tools\compiler\ti-cgt-arm_18.12.2.LTS\lib\</path>
         <kind>archive</kind>
         <file>rtsv7M4_T_le_v4SPD16_eabi.lib</file>
         <name>div0.asm.obj</name>
      </input_file>
   </input_file_list>
   <object_component_list>
      <object_component id="oc-f">
         <name>.intvecs</name>
         <load_address>0x0</load_address>
         <run_address>0x0</run_address>
         <size>0x26c</size>
         <input_file_ref idref="fl-a"/>
      </object_component>
      <object_component id="oc-116">
         <name>.text</name>
         <load_address>0x26c</load_address>
         <run_address>0x26c</run_address>
         <size>0x3d94</size>
         <input_file_ref idref="fl-2"/>
      </object_component>
      <object_component id="oc-ce">
         <name>.text</name>
         <load_address>0x4000</load_address>
         <run_address>0x4000</run_address>
         <size>0x27f4</size>
         <input_file_ref idref="fl-3"/>
      </object_component>
      <object_component id="oc-1dc">
         <name>.text:__TI_printfi</name>
         <load_address>0x67f4</load_address>
         <run_address>0x67f4</run_address>
         <size>0xa4e</size>
         <input_file_ref idref="fl-d7"/>
      </object_component>
      <object_component id="oc-32c">
         <name>.text</name>
         <load_address>0x7242</load_address>
         <run_address>0x7242</run_address>
         <size>0x2</size>
         <input_file_ref idref="fl-eb"/>
      </object_component>
      <object_component id="oc-8f">
         <name>.text</name>
         <load_address>0x7244</load_address>
         <run_address>0x7244</run_address>
         <size>0x7c0</size>
         <input_file_ref idref="fl-4"/>
      </object_component>
      <object_component id="oc-30">
         <name>.text</name>
         <load_address>0x7a04</load_address>
         <run_address>0x7a04</run_address>
         <size>0x3c0</size>
         <input_file_ref idref="fl-9"/>
      </object_component>
      <object_component id="oc-25c">
         <name>.text:_pconv_a</name>
         <load_address>0x7dc4</load_address>
         <run_address>0x7dc4</run_address>
         <size>0x270</size>
         <input_file_ref idref="fl-d7"/>
      </object_component>
      <object_component id="oc-14d">
         <name>.text</name>
         <load_address>0x8034</load_address>
         <run_address>0x8034</run_address>
         <size>0x1fc</size>
         <input_file_ref idref="fl-8"/>
      </object_component>
      <object_component id="oc-24a">
         <name>.text:_pconv_g</name>
         <load_address>0x8230</load_address>
         <run_address>0x8230</run_address>
         <size>0x1d0</size>
         <input_file_ref idref="fl-d7"/>
      </object_component>
      <object_component id="oc-139">
         <name>.text</name>
         <load_address>0x8400</load_address>
         <run_address>0x8400</run_address>
         <size>0x1b6</size>
         <input_file_ref idref="fl-c8"/>
      </object_component>
      <object_component id="oc-77">
         <name>.text</name>
         <load_address>0x85b8</load_address>
         <run_address>0x85b8</run_address>
         <size>0x17c</size>
         <input_file_ref idref="fl-b"/>
      </object_component>
      <object_component id="oc-2a">
         <name>.text</name>
         <load_address>0x8734</load_address>
         <run_address>0x8734</run_address>
         <size>0x164</size>
         <input_file_ref idref="fl-6"/>
      </object_component>
      <object_component id="oc-1ba">
         <name>.text</name>
         <load_address>0x8898</load_address>
         <run_address>0x8898</run_address>
         <size>0x160</size>
         <input_file_ref idref="fl-7"/>
      </object_component>
      <object_component id="oc-256">
         <name>.text:_pconv_e</name>
         <load_address>0x89f8</load_address>
         <run_address>0x89f8</run_address>
         <size>0x13c</size>
         <input_file_ref idref="fl-d7"/>
      </object_component>
      <object_component id="oc-13e">
         <name>.text</name>
         <load_address>0x8b34</load_address>
         <run_address>0x8b34</run_address>
         <size>0x136</size>
         <input_file_ref idref="fl-c9"/>
      </object_component>
      <object_component id="oc-2d9">
         <name>.text:fcvt</name>
         <load_address>0x8c6c</load_address>
         <run_address>0x8c6c</run_address>
         <size>0x124</size>
         <input_file_ref idref="fl-d7"/>
      </object_component>
      <object_component id="oc-2ed">
         <name>.text:scalbn</name>
         <load_address>0x8d90</load_address>
         <run_address>0x8d90</run_address>
         <size>0x110</size>
         <input_file_ref idref="fl-d9"/>
      </object_component>
      <object_component id="oc-143">
         <name>.text</name>
         <load_address>0x8ea0</load_address>
         <run_address>0x8ea0</run_address>
         <size>0xfc</size>
         <input_file_ref idref="fl-ca"/>
      </object_component>
      <object_component id="oc-23f">
         <name>.text:_ltostr</name>
         <load_address>0x8f9c</load_address>
         <run_address>0x8f9c</run_address>
         <size>0xb1</size>
         <input_file_ref idref="fl-d7"/>
      </object_component>
      <object_component id="oc-44">
         <name>.text</name>
         <load_address>0x904e</load_address>
         <run_address>0x904e</run_address>
         <size>0x9c</size>
         <input_file_ref idref="fl-ce"/>
      </object_component>
      <object_component id="oc-2b0">
         <name>.text</name>
         <load_address>0x90ea</load_address>
         <run_address>0x90ea</run_address>
         <size>0x96</size>
         <input_file_ref idref="fl-da"/>
      </object_component>
      <object_component id="oc-245">
         <name>.text:__aeabi_cdcmple</name>
         <load_address>0x9180</load_address>
         <run_address>0x9180</run_address>
         <size>0x86</size>
         <input_file_ref idref="fl-db"/>
      </object_component>
      <object_component id="oc-2b7">
         <name>.text:__aeabi_cdrcmple</name>
         <load_address>0x9206</load_address>
         <run_address>0x9206</run_address>
         <size>0x86</size>
         <input_file_ref idref="fl-db"/>
      </object_component>
      <object_component id="oc-c2">
         <name>.text</name>
         <load_address>0x928c</load_address>
         <run_address>0x928c</run_address>
         <size>0x7a</size>
         <input_file_ref idref="fl-c7"/>
      </object_component>
      <object_component id="oc-2d2">
         <name>.text:_mcpy</name>
         <load_address>0x9306</load_address>
         <run_address>0x9306</run_address>
         <size>0x6e</size>
         <input_file_ref idref="fl-d7"/>
      </object_component>
      <object_component id="oc-148">
         <name>.text</name>
         <load_address>0x9374</load_address>
         <run_address>0x9374</run_address>
         <size>0x6e</size>
         <input_file_ref idref="fl-cb"/>
      </object_component>
      <object_component id="oc-12">
         <name>.text:decompress:lzss:__TI_decompress_lzss</name>
         <load_address>0x93e2</load_address>
         <run_address>0x93e2</run_address>
         <size>0x68</size>
         <input_file_ref idref="fl-d2"/>
      </object_component>
      <object_component id="oc-2e7">
         <name>.text:frexp</name>
         <load_address>0x944c</load_address>
         <run_address>0x944c</run_address>
         <size>0x64</size>
         <input_file_ref idref="fl-d8"/>
      </object_component>
      <object_component id="oc-250">
         <name>.text:_pconv_f</name>
         <load_address>0x94b0</load_address>
         <run_address>0x94b0</run_address>
         <size>0x56</size>
         <input_file_ref idref="fl-d7"/>
      </object_component>
      <object_component id="oc-2c1">
         <name>.text:ltoa</name>
         <load_address>0x9506</load_address>
         <run_address>0x9506</run_address>
         <size>0x54</size>
         <input_file_ref idref="fl-e4"/>
      </object_component>
      <object_component id="oc-2cc">
         <name>.text:_ecpy</name>
         <load_address>0x955a</load_address>
         <run_address>0x955a</run_address>
         <size>0x52</size>
         <input_file_ref idref="fl-d7"/>
      </object_component>
      <object_component id="oc-122">
         <name>.text:atoi</name>
         <load_address>0x95ac</load_address>
         <run_address>0x95ac</run_address>
         <size>0x4c</size>
         <input_file_ref idref="fl-d3"/>
      </object_component>
      <object_component id="oc-2bc">
         <name>.text</name>
         <load_address>0x95f8</load_address>
         <run_address>0x95f8</run_address>
         <size>0x48</size>
         <input_file_ref idref="fl-dc"/>
      </object_component>
      <object_component id="oc-178">
         <name>.text:__TI_auto_init_nobinit_nopinit:__TI_auto_init_nobinit_nopinit</name>
         <load_address>0x9640</load_address>
         <run_address>0x9640</run_address>
         <size>0x44</size>
         <input_file_ref idref="fl-de"/>
      </object_component>
      <object_component id="oc-166">
         <name>.text</name>
         <load_address>0x9684</load_address>
         <run_address>0x9684</run_address>
         <size>0x44</size>
         <input_file_ref idref="fl-cc"/>
      </object_component>
      <object_component id="oc-11c">
         <name>.text:sprintf</name>
         <load_address>0x96c8</load_address>
         <run_address>0x96c8</run_address>
         <size>0x40</size>
         <input_file_ref idref="fl-c6"/>
      </object_component>
      <object_component id="oc-2df">
         <name>.text:_fcpy</name>
         <load_address>0x9708</load_address>
         <run_address>0x9708</run_address>
         <size>0x3e</size>
         <input_file_ref idref="fl-d7"/>
      </object_component>
      <object_component id="oc-7d">
         <name>.text</name>
         <load_address>0x9748</load_address>
         <run_address>0x9748</run_address>
         <size>0x3c</size>
         <input_file_ref idref="fl-5"/>
      </object_component>
      <object_component id="oc-153">
         <name>.text</name>
         <load_address>0x9784</load_address>
         <run_address>0x9784</run_address>
         <size>0x38</size>
         <input_file_ref idref="fl-cd"/>
      </object_component>
      <object_component id="oc-62">
         <name>.text:_c_int00_noargs:_c_int00_noargs</name>
         <load_address>0x97bc</load_address>
         <run_address>0x97bc</run_address>
         <size>0x34</size>
         <input_file_ref idref="fl-d6"/>
      </object_component>
      <object_component id="oc-2c7">
         <name>.text</name>
         <load_address>0x97f0</load_address>
         <run_address>0x97f0</run_address>
         <size>0x2e</size>
         <input_file_ref idref="fl-dd"/>
      </object_component>
      <object_component id="oc-12e">
         <name>.text</name>
         <load_address>0x981e</load_address>
         <run_address>0x981e</run_address>
         <size>0x24</size>
         <input_file_ref idref="fl-c"/>
      </object_component>
      <object_component id="oc-134">
         <name>.text</name>
         <load_address>0x9842</load_address>
         <run_address>0x9842</run_address>
         <size>0x20</size>
         <input_file_ref idref="fl-cf"/>
      </object_component>
      <object_component id="oc-50">
         <name>.text:decompress:ZI:__TI_zero_init_nomemset:__TI_zero_init_nomemset</name>
         <load_address>0x9862</load_address>
         <run_address>0x9862</run_address>
         <size>0x1c</size>
         <input_file_ref idref="fl-d0"/>
      </object_component>
      <object_component id="oc-262">
         <name>.text:memccpy</name>
         <load_address>0x987e</load_address>
         <run_address>0x987e</run_address>
         <size>0x1c</size>
         <input_file_ref idref="fl-e5"/>
      </object_component>
      <object_component id="oc-342">
         <name>.text:copysign</name>
         <load_address>0x989a</load_address>
         <run_address>0x989a</run_address>
         <size>0x1a</size>
         <input_file_ref idref="fl-ea"/>
      </object_component>
      <object_component id="oc-1e2">
         <name>.text:_outs</name>
         <load_address>0x98b4</load_address>
         <run_address>0x98b4</run_address>
         <size>0x18</size>
         <input_file_ref idref="fl-c6"/>
      </object_component>
      <object_component id="oc-15e">
         <name>.text:strcmp</name>
         <load_address>0x98cc</load_address>
         <run_address>0x98cc</run_address>
         <size>0x18</size>
         <input_file_ref idref="fl-d5"/>
      </object_component>
      <object_component id="oc-2f3">
         <name>.text:strchr</name>
         <load_address>0x98e4</load_address>
         <run_address>0x98e4</run_address>
         <size>0x16</size>
         <input_file_ref idref="fl-e6"/>
      </object_component>
      <object_component id="oc-239">
         <name>.text:strlen</name>
         <load_address>0x98fa</load_address>
         <run_address>0x98fa</run_address>
         <size>0x14</size>
         <input_file_ref idref="fl-e7"/>
      </object_component>
      <object_component id="oc-268">
         <name>.text:wcslen</name>
         <load_address>0x990e</load_address>
         <run_address>0x990e</run_address>
         <size>0x12</size>
         <input_file_ref idref="fl-e9"/>
      </object_component>
      <object_component id="oc-18">
         <name>.text:decompress:none:__TI_decompress_none</name>
         <load_address>0x9920</load_address>
         <run_address>0x9920</run_address>
         <size>0xe</size>
         <input_file_ref idref="fl-d1"/>
      </object_component>
      <object_component id="oc-24">
         <name>.text</name>
         <load_address>0x992e</load_address>
         <run_address>0x992e</run_address>
         <size>0xc</size>
         <input_file_ref idref="fl-a"/>
      </object_component>
      <object_component id="oc-1e8">
         <name>.text:_outc</name>
         <load_address>0x993a</load_address>
         <run_address>0x993a</run_address>
         <size>0xa</size>
         <input_file_ref idref="fl-c6"/>
      </object_component>
      <object_component id="oc-26e">
         <name>.text:__aeabi_errno_addr</name>
         <load_address>0x9944</load_address>
         <run_address>0x9944</run_address>
         <size>0x8</size>
         <input_file_ref idref="fl-e8"/>
      </object_component>
      <object_component id="oc-c8">
         <name>.text:_system_pre_init</name>
         <load_address>0x994c</load_address>
         <run_address>0x994c</run_address>
         <size>0x4</size>
         <input_file_ref idref="fl-df"/>
      </object_component>
      <object_component id="oc-16c">
         <name>.text:abort:abort</name>
         <load_address>0x9950</load_address>
         <run_address>0x9950</run_address>
         <size>0x4</size>
         <input_file_ref idref="fl-e1"/>
      </object_component>
      <object_component id="oc-1f5">
         <name>.const:.string:_ctypes_</name>
         <load_address>0x9954</load_address>
         <run_address>0x9954</run_address>
         <size>0x101</size>
         <input_file_ref idref="fl-d4"/>
      </object_component>
      <object_component id="oc-396">
         <name>.cinit..data.load</name>
         <load_address>0x9a58</load_address>
         <run_address>0x9a58</run_address>
         <size>0x21</size>
      </object_component>
      <object_component id="oc-394">
         <name>__TI_handler_table</name>
         <load_address>0x9a7c</load_address>
         <run_address>0x9a7c</run_address>
         <size>0xc</size>
      </object_component>
      <object_component id="oc-397">
         <name>.cinit..bss.load</name>
         <load_address>0x9a88</load_address>
         <run_address>0x9a88</run_address>
         <size>0x8</size>
      </object_component>
      <object_component id="oc-395">
         <name>__TI_cinit_table</name>
         <load_address>0x9a90</load_address>
         <run_address>0x9a90</run_address>
         <size>0x10</size>
      </object_component>
      <object_component id="oc-1c3">
         <name>.data</name>
         <load_address>0x200010e4</load_address>
         <run_address>0x200010e4</run_address>
         <size>0x6</size>
         <input_file_ref idref="fl-2"/>
      </object_component>
      <object_component id="oc-1c0">
         <name>.data:macAddress</name>
         <load_address>0x200010ea</load_address>
         <run_address>0x200010ea</run_address>
         <size>0x6</size>
         <input_file_ref idref="fl-2"/>
      </object_component>
      <object_component id="oc-1c9">
         <name>.data:ipAddress</name>
         <load_address>0x200010f0</load_address>
         <run_address>0x200010f0</run_address>
         <size>0x4</size>
         <input_file_ref idref="fl-2"/>
      </object_component>
      <object_component id="oc-1d5">
         <name>.data:ipSubnetMask</name>
         <load_address>0x200010f8</load_address>
         <run_address>0x200010f8</run_address>
         <size>0x4</size>
         <input_file_ref idref="fl-2"/>
      </object_component>
      <object_component id="oc-1d8">
         <name>.data:ipGwAddress</name>
         <load_address>0x200010f4</load_address>
         <run_address>0x200010f4</run_address>
         <size>0x4</size>
         <input_file_ref idref="fl-2"/>
      </object_component>
      <object_component id="oc-128">
         <name>.data</name>
         <load_address>0x200010c8</load_address>
         <run_address>0x200010c8</run_address>
         <size>0x13</size>
         <input_file_ref idref="fl-3"/>
      </object_component>
      <object_component id="oc-12b">
         <name>.data:topics</name>
         <load_address>0x20001000</load_address>
         <run_address>0x20001000</run_address>
         <size>0xc8</size>
         <input_file_ref idref="fl-3"/>
      </object_component>
      <object_component id="oc-158">
         <name>.data:set_time</name>
         <load_address>0x200010dc</load_address>
         <run_address>0x200010dc</run_address>
         <size>0x8</size>
         <input_file_ref idref="fl-3"/>
      </object_component>
      <object_component id="oc-15b">
         <name>.data:set_date</name>
         <load_address>0x20001104</load_address>
         <run_address>0x20001104</run_address>
         <size>0x4</size>
         <input_file_ref idref="fl-3"/>
      </object_component>
      <object_component id="oc-86">
         <name>.data</name>
         <load_address>0x200010fc</load_address>
         <run_address>0x200010fc</run_address>
         <size>0x4</size>
         <input_file_ref idref="fl-6"/>
      </object_component>
      <object_component id="oc-303">
         <name>.data</name>
         <load_address>0x20001100</load_address>
         <run_address>0x20001100</run_address>
         <size>0x4</size>
         <input_file_ref idref="fl-e8"/>
      </object_component>
      <object_component id="oc-1c7">
         <name>.bss:ip_l_time$1</name>
         <uninitialized>true</uninitialized>
         <run_address>0x2000118c</run_address>
         <size>0x8</size>
         <input_file_ref idref="fl-2"/>
      </object_component>
      <object_component id="oc-164">
         <name>.common:topic_length</name>
         <uninitialized>true</uninitialized>
         <run_address>0x200011c4</run_address>
         <size>0x2</size>
      </object_component>
      <object_component id="oc-165">
         <name>.common:d_length</name>
         <uninitialized>true</uninitialized>
         <run_address>0x200011c6</run_address>
         <size>0x1</size>
      </object_component>
      <object_component id="oc-1c6">
         <name>.common:sum</name>
         <uninitialized>true</uninitialized>
         <run_address>0x200011c0</run_address>
         <size>0x4</size>
      </object_component>
      <object_component id="oc-1cc">
         <name>.common:g_yiaddr</name>
         <uninitialized>true</uninitialized>
         <run_address>0x200011b8</run_address>
         <size>0x4</size>
      </object_component>
      <object_component id="oc-1cd">
         <name>.common:g_siaddr</name>
         <uninitialized>true</uninitialized>
         <run_address>0x200011b0</run_address>
         <size>0x4</size>
      </object_component>
      <object_component id="oc-1cf">
         <name>.common:g_subnet</name>
         <uninitialized>true</uninitialized>
         <run_address>0x200011b4</run_address>
         <size>0x4</size>
      </object_component>
      <object_component id="oc-1d0">
         <name>.common:g_gateway</name>
         <uninitialized>true</uninitialized>
         <run_address>0x200011a8</run_address>
         <size>0x4</size>
      </object_component>
      <object_component id="oc-1d1">
         <name>.common:g_dns</name>
         <uninitialized>true</uninitialized>
         <run_address>0x200011a4</run_address>
         <size>0x4</size>
      </object_component>
      <object_component id="oc-1ce">
         <name>.common:g_ether_server</name>
         <uninitialized>true</uninitialized>
         <run_address>0x20001194</run_address>
         <size>0x8</size>
      </object_component>
      <object_component id="oc-1c8">
         <name>.common:ack_ip_lease</name>
         <uninitialized>true</uninitialized>
         <run_address>0x2000119c</run_address>
         <size>0x4</size>
      </object_component>
      <object_component id="oc-1d3">
         <name>.common:g_sekno</name>
         <uninitialized>true</uninitialized>
         <run_address>0x200011ac</run_address>
         <size>0x4</size>
      </object_component>
      <object_component id="oc-1d4">
         <name>.common:g_ackno</name>
         <uninitialized>true</uninitialized>
         <run_address>0x200011a0</run_address>
         <size>0x4</size>
      </object_component>
      <object_component id="oc-1d2">
         <name>.common:topic_len</name>
         <uninitialized>true</uninitialized>
         <run_address>0x200011c7</run_address>
         <size>0x1</size>
      </object_component>
      <object_component id="oc-83">
         <name>.common:periodic_time_value</name>
         <uninitialized>true</uninitialized>
         <run_address>0x200011bc</run_address>
         <size>0x4</size>
      </object_component>
      <object_component id="oc-99">
         <name>.common:fn</name>
         <uninitialized>true</uninitialized>
         <run_address>0x20001108</run_address>
         <size>0x28</size>
      </object_component>
      <object_component id="oc-95">
         <name>.common:period</name>
         <uninitialized>true</uninitialized>
         <run_address>0x20001130</run_address>
         <size>0x28</size>
      </object_component>
      <object_component id="oc-98">
         <name>.common:ticks</name>
         <uninitialized>true</uninitialized>
         <run_address>0x20001158</run_address>
         <size>0x28</size>
      </object_component>
      <object_component id="oc-9a">
         <name>.common:reload</name>
         <uninitialized>true</uninitialized>
         <run_address>0x20001180</run_address>
         <size>0xc</size>
      </object_component>
      <object_component id="oc-21">
         <name>.stack</name>
         <uninitialized>true</uninitialized>
         <run_address>0x20000000</run_address>
         <size>0x4</size>
         <input_file_ref idref="fl-d6"/>
      </object_component>
      <object_component id="oc-398">
         <name>.stack</name>
         <uninitialized>true</uninitialized>
         <run_address>0x20000000</run_address>
         <size>0x0</size>
      </object_component>
      <object_component id="oc-104">
         <name>.debug_info</name>
         <load_address>0x0</load_address>
         <run_address>0x0</run_address>
         <size>0x760</size>
         <input_file_ref idref="fl-2"/>
      </object_component>
      <object_component id="oc-1c4">
         <name>.debug_info</name>
         <load_address>0x760</load_address>
         <run_address>0x760</run_address>
         <size>0x18c</size>
         <input_file_ref idref="fl-2"/>
      </object_component>
      <object_component id="oc-1c1">
         <name>.debug_info</name>
         <load_address>0x8ec</load_address>
         <run_address>0x8ec</run_address>
         <size>0xd7</size>
         <input_file_ref idref="fl-2"/>
      </object_component>
      <object_component id="oc-1ca">
         <name>.debug_info</name>
         <load_address>0x9c3</load_address>
         <run_address>0x9c3</run_address>
         <size>0xd5</size>
         <input_file_ref idref="fl-2"/>
      </object_component>
      <object_component id="oc-1d6">
         <name>.debug_info</name>
         <load_address>0xa98</load_address>
         <run_address>0xa98</run_address>
         <size>0xdb</size>
         <input_file_ref idref="fl-2"/>
      </object_component>
      <object_component id="oc-1d9">
         <name>.debug_info</name>
         <load_address>0xb73</load_address>
         <run_address>0xb73</run_address>
         <size>0xd9</size>
         <input_file_ref idref="fl-2"/>
      </object_component>
      <object_component id="oc-118">
         <name>.debug_info</name>
         <load_address>0xc4c</load_address>
         <run_address>0xc4c</run_address>
         <size>0x57f3</size>
         <input_file_ref idref="fl-2"/>
      </object_component>
      <object_component id="oc-a8">
         <name>.debug_info</name>
         <load_address>0x643f</load_address>
         <run_address>0x643f</run_address>
         <size>0x26b</size>
         <input_file_ref idref="fl-2"/>
      </object_component>
      <object_component id="oc-ea">
         <name>.debug_info</name>
         <load_address>0x66aa</load_address>
         <run_address>0x66aa</run_address>
         <size>0x7e6</size>
         <input_file_ref idref="fl-2"/>
      </object_component>
      <object_component id="oc-f4">
         <name>.debug_info</name>
         <load_address>0x6e90</load_address>
         <run_address>0x6e90</run_address>
         <size>0x88</size>
         <input_file_ref idref="fl-2"/>
      </object_component>
      <object_component id="oc-9c">
         <name>.debug_info</name>
         <load_address>0x6f18</load_address>
         <run_address>0x6f18</run_address>
         <size>0x8b</size>
         <input_file_ref idref="fl-2"/>
      </object_component>
      <object_component id="oc-a1">
         <name>.debug_info</name>
         <load_address>0x6fa3</load_address>
         <run_address>0x6fa3</run_address>
         <size>0x2c</size>
         <input_file_ref idref="fl-2"/>
      </object_component>
      <object_component id="oc-fb">
         <name>.debug_info</name>
         <load_address>0x6fcf</load_address>
         <run_address>0x6fcf</run_address>
         <size>0x297</size>
         <input_file_ref idref="fl-2"/>
      </object_component>
      <object_component id="oc-8a">
         <name>.debug_info</name>
         <load_address>0x7266</load_address>
         <run_address>0x7266</run_address>
         <size>0xbb</size>
         <input_file_ref idref="fl-2"/>
      </object_component>
      <object_component id="oc-1b5">
         <name>.debug_info</name>
         <load_address>0x7321</load_address>
         <run_address>0x7321</run_address>
         <size>0xcc</size>
         <input_file_ref idref="fl-2"/>
      </object_component>
      <object_component id="oc-1f0">
         <name>.debug_info</name>
         <load_address>0x73ed</load_address>
         <run_address>0x73ed</run_address>
         <size>0x2c</size>
         <input_file_ref idref="fl-2"/>
      </object_component>
      <object_component id="oc-1b0">
         <name>.debug_info</name>
         <load_address>0x7419</load_address>
         <run_address>0x7419</run_address>
         <size>0x2d1</size>
         <input_file_ref idref="fl-2"/>
      </object_component>
      <object_component id="oc-84">
         <name>.debug_info</name>
         <load_address>0x76ea</load_address>
         <run_address>0x76ea</run_address>
         <size>0x13db</size>
         <input_file_ref idref="fl-3"/>
      </object_component>
      <object_component id="oc-129">
         <name>.debug_info</name>
         <load_address>0x8ac5</load_address>
         <run_address>0x8ac5</run_address>
         <size>0x2ff</size>
         <input_file_ref idref="fl-3"/>
      </object_component>
      <object_component id="oc-12c">
         <name>.debug_info</name>
         <load_address>0x8dc4</load_address>
         <run_address>0x8dc4</run_address>
         <size>0xd3</size>
         <input_file_ref idref="fl-3"/>
      </object_component>
      <object_component id="oc-159">
         <name>.debug_info</name>
         <load_address>0x8e97</load_address>
         <run_address>0x8e97</run_address>
         <size>0xd7</size>
         <input_file_ref idref="fl-3"/>
      </object_component>
      <object_component id="oc-15c">
         <name>.debug_info</name>
         <load_address>0x8f6e</load_address>
         <run_address>0x8f6e</run_address>
         <size>0xd7</size>
         <input_file_ref idref="fl-3"/>
      </object_component>
      <object_component id="oc-cf">
         <name>.debug_info</name>
         <load_address>0x9045</load_address>
         <run_address>0x9045</run_address>
         <size>0x404e</size>
         <input_file_ref idref="fl-3"/>
      </object_component>
      <object_component id="oc-e5">
         <name>.debug_info</name>
         <load_address>0xd093</load_address>
         <run_address>0xd093</run_address>
         <size>0xc7</size>
         <input_file_ref idref="fl-3"/>
      </object_component>
      <object_component id="oc-ef">
         <name>.debug_info</name>
         <load_address>0xd15a</load_address>
         <run_address>0xd15a</run_address>
         <size>0x1a4</size>
         <input_file_ref idref="fl-3"/>
      </object_component>
      <object_component id="oc-101">
         <name>.debug_info</name>
         <load_address>0xd2fe</load_address>
         <run_address>0xd2fe</run_address>
         <size>0x264</size>
         <input_file_ref idref="fl-4"/>
      </object_component>
      <object_component id="oc-90">
         <name>.debug_info</name>
         <load_address>0xd562</load_address>
         <run_address>0xd562</run_address>
         <size>0xfa1</size>
         <input_file_ref idref="fl-4"/>
      </object_component>
      <object_component id="oc-81">
         <name>.debug_info</name>
         <load_address>0xe503</load_address>
         <run_address>0xe503</run_address>
         <size>0x1f1</size>
         <input_file_ref idref="fl-5"/>
      </object_component>
      <object_component id="oc-3f">
         <name>.debug_info</name>
         <load_address>0xe6f4</load_address>
         <run_address>0xe6f4</run_address>
         <size>0x84</size>
         <input_file_ref idref="fl-5"/>
      </object_component>
      <object_component id="oc-87">
         <name>.debug_info</name>
         <load_address>0xe778</load_address>
         <run_address>0xe778</run_address>
         <size>0xd8</size>
         <input_file_ref idref="fl-6"/>
      </object_component>
      <object_component id="oc-2d">
         <name>.debug_info</name>
         <load_address>0xe850</load_address>
         <run_address>0xe850</run_address>
         <size>0x740</size>
         <input_file_ref idref="fl-6"/>
      </object_component>
      <object_component id="oc-1bd">
         <name>.debug_info</name>
         <load_address>0xef90</load_address>
         <run_address>0xef90</run_address>
         <size>0x456</size>
         <input_file_ref idref="fl-7"/>
      </object_component>
      <object_component id="oc-205">
         <name>.debug_info</name>
         <load_address>0xf3e6</load_address>
         <run_address>0xf3e6</run_address>
         <size>0x294</size>
         <input_file_ref idref="fl-8"/>
      </object_component>
      <object_component id="oc-14f">
         <name>.debug_info</name>
         <load_address>0xf67a</load_address>
         <run_address>0xf67a</run_address>
         <size>0x640</size>
         <input_file_ref idref="fl-8"/>
      </object_component>
      <object_component id="oc-96">
         <name>.debug_info</name>
         <load_address>0xfcba</load_address>
         <run_address>0xfcba</run_address>
         <size>0x38c</size>
         <input_file_ref idref="fl-9"/>
      </object_component>
      <object_component id="oc-31">
         <name>.debug_info</name>
         <load_address>0x10046</load_address>
         <run_address>0x10046</run_address>
         <size>0x64b</size>
         <input_file_ref idref="fl-9"/>
      </object_component>
      <object_component id="oc-38">
         <name>.debug_info</name>
         <load_address>0x10691</load_address>
         <run_address>0x10691</run_address>
         <size>0x2f0</size>
         <input_file_ref idref="fl-a"/>
      </object_component>
      <object_component id="oc-10">
         <name>.debug_info</name>
         <load_address>0x10981</load_address>
         <run_address>0x10981</run_address>
         <size>0xef</size>
         <input_file_ref idref="fl-a"/>
      </object_component>
      <object_component id="oc-25">
         <name>.debug_info</name>
         <load_address>0x10a70</load_address>
         <run_address>0x10a70</run_address>
         <size>0x26b</size>
         <input_file_ref idref="fl-a"/>
      </object_component>
      <object_component id="oc-e1">
         <name>.debug_info</name>
         <load_address>0x10cdb</load_address>
         <run_address>0x10cdb</run_address>
         <size>0x265</size>
         <input_file_ref idref="fl-b"/>
      </object_component>
      <object_component id="oc-78">
         <name>.debug_info</name>
         <load_address>0x10f40</load_address>
         <run_address>0x10f40</run_address>
         <size>0x34d</size>
         <input_file_ref idref="fl-b"/>
      </object_component>
      <object_component id="oc-12f">
         <name>.debug_info</name>
         <load_address>0x1128d</load_address>
         <run_address>0x1128d</run_address>
         <size>0x126</size>
         <input_file_ref idref="fl-c"/>
      </object_component>
      <object_component id="oc-1ef">
         <name>.debug_info</name>
         <load_address>0x113b3</load_address>
         <run_address>0x113b3</run_address>
         <size>0x334</size>
         <input_file_ref idref="fl-c6"/>
      </object_component>
      <object_component id="oc-11e">
         <name>.debug_info</name>
         <load_address>0x116e7</load_address>
         <run_address>0x116e7</run_address>
         <size>0x1d2</size>
         <input_file_ref idref="fl-c6"/>
      </object_component>
      <object_component id="oc-1e4">
         <name>.debug_info</name>
         <load_address>0x118b9</load_address>
         <run_address>0x118b9</run_address>
         <size>0x18e</size>
         <input_file_ref idref="fl-c6"/>
      </object_component>
      <object_component id="oc-1eb">
         <name>.debug_info</name>
         <load_address>0x11a47</load_address>
         <run_address>0x11a47</run_address>
         <size>0x16e</size>
         <input_file_ref idref="fl-c6"/>
      </object_component>
      <object_component id="oc-30a">
         <name>.debug_info</name>
         <load_address>0x11bb5</load_address>
         <run_address>0x11bb5</run_address>
         <size>0x2c</size>
         <input_file_ref idref="fl-c6"/>
      </object_component>
      <object_component id="oc-c3">
         <name>.debug_info</name>
         <load_address>0x11be1</load_address>
         <run_address>0x11be1</run_address>
         <size>0x148</size>
         <input_file_ref idref="fl-c7"/>
      </object_component>
      <object_component id="oc-13c">
         <name>.debug_info</name>
         <load_address>0x11d29</load_address>
         <run_address>0x11d29</run_address>
         <size>0x14d</size>
         <input_file_ref idref="fl-c8"/>
      </object_component>
      <object_component id="oc-140">
         <name>.debug_info</name>
         <load_address>0x11e76</load_address>
         <run_address>0x11e76</run_address>
         <size>0x13b</size>
         <input_file_ref idref="fl-c9"/>
      </object_component>
      <object_component id="oc-144">
         <name>.debug_info</name>
         <load_address>0x11fb1</load_address>
         <run_address>0x11fb1</run_address>
         <size>0x13b</size>
         <input_file_ref idref="fl-ca"/>
      </object_component>
      <object_component id="oc-149">
         <name>.debug_info</name>
         <load_address>0x120ec</load_address>
         <run_address>0x120ec</run_address>
         <size>0x13f</size>
         <input_file_ref idref="fl-cb"/>
      </object_component>
      <object_component id="oc-167">
         <name>.debug_info</name>
         <load_address>0x1222b</load_address>
         <run_address>0x1222b</run_address>
         <size>0x13a</size>
         <input_file_ref idref="fl-cc"/>
      </object_component>
      <object_component id="oc-155">
         <name>.debug_info</name>
         <load_address>0x12365</load_address>
         <run_address>0x12365</run_address>
         <size>0x12d</size>
         <input_file_ref idref="fl-cd"/>
      </object_component>
      <object_component id="oc-45">
         <name>.debug_info</name>
         <load_address>0x12492</load_address>
         <run_address>0x12492</run_address>
         <size>0x11a</size>
         <input_file_ref idref="fl-ce"/>
      </object_component>
      <object_component id="oc-135">
         <name>.debug_info</name>
         <load_address>0x125ac</load_address>
         <run_address>0x125ac</run_address>
         <size>0x12f</size>
         <input_file_ref idref="fl-cf"/>
      </object_component>
      <object_component id="oc-c1">
         <name>.debug_info</name>
         <load_address>0x126db</load_address>
         <run_address>0x126db</run_address>
         <size>0x2d5</size>
         <input_file_ref idref="fl-d0"/>
      </object_component>
      <object_component id="oc-54">
         <name>.debug_info</name>
         <load_address>0x129b0</load_address>
         <run_address>0x129b0</run_address>
         <size>0x1d3</size>
         <input_file_ref idref="fl-d0"/>
      </object_component>
      <object_component id="oc-bc">
         <name>.debug_info</name>
         <load_address>0x12b83</load_address>
         <run_address>0x12b83</run_address>
         <size>0x46</size>
         <input_file_ref idref="fl-d0"/>
      </object_component>
      <object_component id="oc-10d">
         <name>.debug_info</name>
         <load_address>0x12bc9</load_address>
         <run_address>0x12bc9</run_address>
         <size>0x2c</size>
         <input_file_ref idref="fl-d0"/>
      </object_component>
      <object_component id="oc-4f">
         <name>.debug_info</name>
         <load_address>0x12bf5</load_address>
         <run_address>0x12bf5</run_address>
         <size>0x2a9</size>
         <input_file_ref idref="fl-d1"/>
      </object_component>
      <object_component id="oc-1c">
         <name>.debug_info</name>
         <load_address>0x12e9e</load_address>
         <run_address>0x12e9e</run_address>
         <size>0x1eb</size>
         <input_file_ref idref="fl-d1"/>
      </object_component>
      <object_component id="oc-4a">
         <name>.debug_info</name>
         <load_address>0x13089</load_address>
         <run_address>0x13089</run_address>
         <size>0x46</size>
         <input_file_ref idref="fl-d1"/>
      </object_component>
      <object_component id="oc-b4">
         <name>.debug_info</name>
         <load_address>0x130cf</load_address>
         <run_address>0x130cf</run_address>
         <size>0x2c</size>
         <input_file_ref idref="fl-d1"/>
      </object_component>
      <object_component id="oc-b2">
         <name>.debug_info</name>
         <load_address>0x130fb</load_address>
         <run_address>0x130fb</run_address>
         <size>0x29f</size>
         <input_file_ref idref="fl-d2"/>
      </object_component>
      <object_component id="oc-16">
         <name>.debug_info</name>
         <load_address>0x1339a</load_address>
         <run_address>0x1339a</run_address>
         <size>0x251</size>
         <input_file_ref idref="fl-d2"/>
      </object_component>
      <object_component id="oc-3a">
         <name>.debug_info</name>
         <load_address>0x135eb</load_address>
         <run_address>0x135eb</run_address>
         <size>0x60</size>
         <input_file_ref idref="fl-d2"/>
      </object_component>
      <object_component id="oc-106">
         <name>.debug_info</name>
         <load_address>0x1364b</load_address>
         <run_address>0x1364b</run_address>
         <size>0x46</size>
         <input_file_ref idref="fl-d2"/>
      </object_component>
      <object_component id="oc-ad">
         <name>.debug_info</name>
         <load_address>0x13691</load_address>
         <run_address>0x13691</run_address>
         <size>0x39</size>
         <input_file_ref idref="fl-d2"/>
      </object_component>
      <object_component id="oc-1f9">
         <name>.debug_info</name>
         <load_address>0x136ca</load_address>
         <run_address>0x136ca</run_address>
         <size>0x2ba</size>
         <input_file_ref idref="fl-d3"/>
      </object_component>
      <object_component id="oc-125">
         <name>.debug_info</name>
         <load_address>0x13984</load_address>
         <run_address>0x13984</run_address>
         <size>0x17d</size>
         <input_file_ref idref="fl-d3"/>
      </object_component>
      <object_component id="oc-286">
         <name>.debug_info</name>
         <load_address>0x13b01</load_address>
         <run_address>0x13b01</run_address>
         <size>0xfa</size>
         <input_file_ref idref="fl-d4"/>
      </object_component>
      <object_component id="oc-1f6">
         <name>.debug_info</name>
         <load_address>0x13bfb</load_address>
         <run_address>0x13bfb</run_address>
         <size>0x106</size>
         <input_file_ref idref="fl-d4"/>
      </object_component>
      <object_component id="oc-20c">
         <name>.debug_info</name>
         <load_address>0x13d01</load_address>
         <run_address>0x13d01</run_address>
         <size>0x28b</size>
         <input_file_ref idref="fl-d5"/>
      </object_component>
      <object_component id="oc-160">
         <name>.debug_info</name>
         <load_address>0x13f8c</load_address>
         <run_address>0x13f8c</run_address>
         <size>0x274</size>
         <input_file_ref idref="fl-d5"/>
      </object_component>
      <object_component id="oc-22">
         <name>.debug_info</name>
         <load_address>0x14200</load_address>
         <run_address>0x14200</run_address>
         <size>0x10c</size>
         <input_file_ref idref="fl-d6"/>
      </object_component>
      <object_component id="oc-65">
         <name>.debug_info</name>
         <load_address>0x1430c</load_address>
         <run_address>0x1430c</run_address>
         <size>0x1aa</size>
         <input_file_ref idref="fl-d6"/>
      </object_component>
      <object_component id="oc-275">
         <name>.debug_info</name>
         <load_address>0x144b6</load_address>
         <run_address>0x144b6</run_address>
         <size>0x57c</size>
         <input_file_ref idref="fl-d7"/>
      </object_component>
      <object_component id="oc-240">
         <name>.debug_info</name>
         <load_address>0x14a32</load_address>
         <run_address>0x14a32</run_address>
         <size>0x21f</size>
         <input_file_ref idref="fl-d7"/>
      </object_component>
      <object_component id="oc-2cd">
         <name>.debug_info</name>
         <load_address>0x14c51</load_address>
         <run_address>0x14c51</run_address>
         <size>0x1b4</size>
         <input_file_ref idref="fl-d7"/>
      </object_component>
      <object_component id="oc-2d3">
         <name>.debug_info</name>
         <load_address>0x14e05</load_address>
         <run_address>0x14e05</run_address>
         <size>0x21c</size>
         <input_file_ref idref="fl-d7"/>
      </object_component>
      <object_component id="oc-24b">
         <name>.debug_info</name>
         <load_address>0x15021</load_address>
         <run_address>0x15021</run_address>
         <size>0x3bc</size>
         <input_file_ref idref="fl-d7"/>
      </object_component>
      <object_component id="oc-2da">
         <name>.debug_info</name>
         <load_address>0x153dd</load_address>
         <run_address>0x153dd</run_address>
         <size>0x306</size>
         <input_file_ref idref="fl-d7"/>
      </object_component>
      <object_component id="oc-2e0">
         <name>.debug_info</name>
         <load_address>0x156e3</load_address>
         <run_address>0x156e3</run_address>
         <size>0x216</size>
         <input_file_ref idref="fl-d7"/>
      </object_component>
      <object_component id="oc-251">
         <name>.debug_info</name>
         <load_address>0x158f9</load_address>
         <run_address>0x158f9</run_address>
         <size>0x216</size>
         <input_file_ref idref="fl-d7"/>
      </object_component>
      <object_component id="oc-257">
         <name>.debug_info</name>
         <load_address>0x15b0f</load_address>
         <run_address>0x15b0f</run_address>
         <size>0x305</size>
         <input_file_ref idref="fl-d7"/>
      </object_component>
      <object_component id="oc-25d">
         <name>.debug_info</name>
         <load_address>0x15e14</load_address>
         <run_address>0x15e14</run_address>
         <size>0x4b1</size>
         <input_file_ref idref="fl-d7"/>
      </object_component>
      <object_component id="oc-1de">
         <name>.debug_info</name>
         <load_address>0x162c5</load_address>
         <run_address>0x162c5</run_address>
         <size>0x5f5</size>
         <input_file_ref idref="fl-d7"/>
      </object_component>
      <object_component id="oc-276">
         <name>.debug_info</name>
         <load_address>0x168ba</load_address>
         <run_address>0x168ba</run_address>
         <size>0x86</size>
         <input_file_ref idref="fl-d7"/>
      </object_component>
      <object_component id="oc-30f">
         <name>.debug_info</name>
         <load_address>0x16940</load_address>
         <run_address>0x16940</run_address>
         <size>0x39</size>
         <input_file_ref idref="fl-d7"/>
      </object_component>
      <object_component id="oc-359">
         <name>.debug_info</name>
         <load_address>0x16979</load_address>
         <run_address>0x16979</run_address>
         <size>0xb6</size>
         <input_file_ref idref="fl-d7"/>
      </object_component>
      <object_component id="oc-314">
         <name>.debug_info</name>
         <load_address>0x16a2f</load_address>
         <run_address>0x16a2f</run_address>
         <size>0x46</size>
         <input_file_ref idref="fl-d7"/>
      </object_component>
      <object_component id="oc-27b">
         <name>.debug_info</name>
         <load_address>0x16a75</load_address>
         <run_address>0x16a75</run_address>
         <size>0x46</size>
         <input_file_ref idref="fl-d7"/>
      </object_component>
      <object_component id="oc-33c">
         <name>.debug_info</name>
         <load_address>0x16abb</load_address>
         <run_address>0x16abb</run_address>
         <size>0x29b</size>
         <input_file_ref idref="fl-d8"/>
      </object_component>
      <object_component id="oc-2e9">
         <name>.debug_info</name>
         <load_address>0x16d56</load_address>
         <run_address>0x16d56</run_address>
         <size>0x196</size>
         <input_file_ref idref="fl-d8"/>
      </object_component>
      <object_component id="oc-363">
         <name>.debug_info</name>
         <load_address>0x16eec</load_address>
         <run_address>0x16eec</run_address>
         <size>0x39</size>
         <input_file_ref idref="fl-d8"/>
      </object_component>
      <object_component id="oc-33d">
         <name>.debug_info</name>
         <load_address>0x16f25</load_address>
         <run_address>0x16f25</run_address>
         <size>0x2c</size>
         <input_file_ref idref="fl-d8"/>
      </object_component>
      <object_component id="oc-349">
         <name>.debug_info</name>
         <load_address>0x16f51</load_address>
         <run_address>0x16f51</run_address>
         <size>0x2fe</size>
         <input_file_ref idref="fl-d9"/>
      </object_component>
      <object_component id="oc-2f0">
         <name>.debug_info</name>
         <load_address>0x1724f</load_address>
         <run_address>0x1724f</run_address>
         <size>0x226</size>
         <input_file_ref idref="fl-d9"/>
      </object_component>
      <object_component id="oc-2b1">
         <name>.debug_info</name>
         <load_address>0x17475</load_address>
         <run_address>0x17475</run_address>
         <size>0x135</size>
         <input_file_ref idref="fl-da"/>
      </object_component>
      <object_component id="oc-248">
         <name>.debug_info</name>
         <load_address>0x175aa</load_address>
         <run_address>0x175aa</run_address>
         <size>0x129</size>
         <input_file_ref idref="fl-db"/>
      </object_component>
      <object_component id="oc-2b8">
         <name>.debug_info</name>
         <load_address>0x176d3</load_address>
         <run_address>0x176d3</run_address>
         <size>0x12b</size>
         <input_file_ref idref="fl-db"/>
      </object_component>
      <object_component id="oc-2bf">
         <name>.debug_info</name>
         <load_address>0x177fe</load_address>
         <run_address>0x177fe</run_address>
         <size>0x12f</size>
         <input_file_ref idref="fl-dc"/>
      </object_component>
      <object_component id="oc-2c8">
         <name>.debug_info</name>
         <load_address>0x1792d</load_address>
         <run_address>0x1792d</run_address>
         <size>0x12d</size>
         <input_file_ref idref="fl-dd"/>
      </object_component>
      <object_component id="oc-219">
         <name>.debug_info</name>
         <load_address>0x17a5a</load_address>
         <run_address>0x17a5a</run_address>
         <size>0x4b4</size>
         <input_file_ref idref="fl-de"/>
      </object_component>
      <object_component id="oc-179">
         <name>.debug_info</name>
         <load_address>0x17f0e</load_address>
         <run_address>0x17f0e</run_address>
         <size>0x1a7</size>
         <input_file_ref idref="fl-de"/>
      </object_component>
      <object_component id="oc-29d">
         <name>.debug_info</name>
         <load_address>0x180b5</load_address>
         <run_address>0x180b5</run_address>
         <size>0x39</size>
         <input_file_ref idref="fl-de"/>
      </object_component>
      <object_component id="oc-31e">
         <name>.debug_info</name>
         <load_address>0x180ee</load_address>
         <run_address>0x180ee</run_address>
         <size>0x39</size>
         <input_file_ref idref="fl-de"/>
      </object_component>
      <object_component id="oc-2a2">
         <name>.debug_info</name>
         <load_address>0x18127</load_address>
         <run_address>0x18127</run_address>
         <size>0x39</size>
         <input_file_ref idref="fl-de"/>
      </object_component>
      <object_component id="oc-2a7">
         <name>.debug_info</name>
         <load_address>0x18160</load_address>
         <run_address>0x18160</run_address>
         <size>0xcd</size>
         <input_file_ref idref="fl-de"/>
      </object_component>
      <object_component id="oc-cc">
         <name>.debug_info</name>
         <load_address>0x1822d</load_address>
         <run_address>0x1822d</run_address>
         <size>0x154</size>
         <input_file_ref idref="fl-df"/>
      </object_component>
      <object_component id="oc-16d">
         <name>.debug_info</name>
         <load_address>0x18381</load_address>
         <run_address>0x18381</run_address>
         <size>0x123</size>
         <input_file_ref idref="fl-e1"/>
      </object_component>
      <object_component id="oc-335">
         <name>.debug_info</name>
         <load_address>0x184a4</load_address>
         <run_address>0x184a4</run_address>
         <size>0x29c</size>
         <input_file_ref idref="fl-e4"/>
      </object_component>
      <object_component id="oc-2c2">
         <name>.debug_info</name>
         <load_address>0x18740</load_address>
         <run_address>0x18740</run_address>
         <size>0x1ce</size>
         <input_file_ref idref="fl-e4"/>
      </object_component>
      <object_component id="oc-2fb">
         <name>.debug_info</name>
         <load_address>0x1890e</load_address>
         <run_address>0x1890e</run_address>
         <size>0x297</size>
         <input_file_ref idref="fl-e5"/>
      </object_component>
      <object_component id="oc-263">
         <name>.debug_info</name>
         <load_address>0x18ba5</load_address>
         <run_address>0x18ba5</run_address>
         <size>0x1b7</size>
         <input_file_ref idref="fl-e5"/>
      </object_component>
      <object_component id="oc-34b">
         <name>.debug_info</name>
         <load_address>0x18d5c</load_address>
         <run_address>0x18d5c</run_address>
         <size>0x29b</size>
         <input_file_ref idref="fl-e6"/>
      </object_component>
      <object_component id="oc-2f4">
         <name>.debug_info</name>
         <load_address>0x18ff7</load_address>
         <run_address>0x18ff7</run_address>
         <size>0x263</size>
         <input_file_ref idref="fl-e6"/>
      </object_component>
      <object_component id="oc-2af">
         <name>.debug_info</name>
         <load_address>0x1925a</load_address>
         <run_address>0x1925a</run_address>
         <size>0x290</size>
         <input_file_ref idref="fl-e7"/>
      </object_component>
      <object_component id="oc-23d">
         <name>.debug_info</name>
         <load_address>0x194ea</load_address>
         <run_address>0x194ea</run_address>
         <size>0x246</size>
         <input_file_ref idref="fl-e7"/>
      </object_component>
      <object_component id="oc-307">
         <name>.debug_info</name>
         <load_address>0x19730</load_address>
         <run_address>0x19730</run_address>
         <size>0x28a</size>
         <input_file_ref idref="fl-e8"/>
      </object_component>
      <object_component id="oc-304">
         <name>.debug_info</name>
         <load_address>0x199ba</load_address>
         <run_address>0x199ba</run_address>
         <size>0x10f</size>
         <input_file_ref idref="fl-e8"/>
      </object_component>
      <object_component id="oc-26f">
         <name>.debug_info</name>
         <load_address>0x19ac9</load_address>
         <run_address>0x19ac9</run_address>
         <size>0x14f</size>
         <input_file_ref idref="fl-e8"/>
      </object_component>
      <object_component id="oc-302">
         <name>.debug_info</name>
         <load_address>0x19c18</load_address>
         <run_address>0x19c18</run_address>
         <size>0x290</size>
         <input_file_ref idref="fl-e9"/>
      </object_component>
      <object_component id="oc-26a">
         <name>.debug_info</name>
         <load_address>0x19ea8</load_address>
         <run_address>0x19ea8</run_address>
         <size>0x15b</size>
         <input_file_ref idref="fl-e9"/>
      </object_component>
      <object_component id="oc-34e">
         <name>.debug_info</name>
         <load_address>0x1a003</load_address>
         <run_address>0x1a003</run_address>
         <size>0x46</size>
         <input_file_ref idref="fl-e9"/>
      </object_component>
      <object_component id="oc-2fd">
         <name>.debug_info</name>
         <load_address>0x1a049</load_address>
         <run_address>0x1a049</run_address>
         <size>0x39</size>
         <input_file_ref idref="fl-e9"/>
      </object_component>
      <object_component id="oc-343">
         <name>.debug_info</name>
         <load_address>0x1a082</load_address>
         <run_address>0x1a082</run_address>
         <size>0x162</size>
         <input_file_ref idref="fl-ea"/>
      </object_component>
      <object_component id="oc-32e">
         <name>.debug_info</name>
         <load_address>0x1a1e4</load_address>
         <run_address>0x1a1e4</run_address>
         <size>0x116</size>
         <input_file_ref idref="fl-eb"/>
      </object_component>
      <object_component id="oc-399">
         <name>.debug_info</name>
         <load_address>0x1a2fa</load_address>
         <run_address>0x1a2fa</run_address>
         <size>0xa2</size>
      </object_component>
      <object_component id="oc-1af">
         <name>.debug_line</name>
         <load_address>0x0</load_address>
         <run_address>0x0</run_address>
         <size>0xd6</size>
         <input_file_ref idref="fl-2"/>
      </object_component>
      <object_component id="oc-232">
         <name>.debug_line</name>
         <load_address>0xd6</load_address>
         <run_address>0xd6</run_address>
         <size>0x2d</size>
         <input_file_ref idref="fl-2"/>
      </object_component>
      <object_component id="oc-230">
         <name>.debug_line</name>
         <load_address>0x103</load_address>
         <run_address>0x103</run_address>
         <size>0x2d</size>
         <input_file_ref idref="fl-2"/>
      </object_component>
      <object_component id="oc-234">
         <name>.debug_line</name>
         <load_address>0x130</load_address>
         <run_address>0x130</run_address>
         <size>0x2d</size>
         <input_file_ref idref="fl-2"/>
      </object_component>
      <object_component id="oc-236">
         <name>.debug_line</name>
         <load_address>0x15d</load_address>
         <run_address>0x15d</run_address>
         <size>0x2d</size>
         <input_file_ref idref="fl-2"/>
      </object_component>
      <object_component id="oc-238">
         <name>.debug_line</name>
         <load_address>0x18a</load_address>
         <run_address>0x18a</run_address>
         <size>0x2d</size>
         <input_file_ref idref="fl-2"/>
      </object_component>
      <object_component id="oc-117">
         <name>.debug_line</name>
         <load_address>0x1b7</load_address>
         <run_address>0x1b7</run_address>
         <size>0x14f4</size>
         <input_file_ref idref="fl-2"/>
      </object_component>
      <object_component id="oc-ab">
         <name>.debug_line</name>
         <load_address>0x16ab</load_address>
         <run_address>0x16ab</run_address>
         <size>0x6f</size>
         <input_file_ref idref="fl-2"/>
      </object_component>
      <object_component id="oc-ed">
         <name>.debug_line</name>
         <load_address>0x171a</load_address>
         <run_address>0x171a</run_address>
         <size>0x57</size>
         <input_file_ref idref="fl-2"/>
      </object_component>
      <object_component id="oc-f7">
         <name>.debug_line</name>
         <load_address>0x1771</load_address>
         <run_address>0x1771</run_address>
         <size>0x2d</size>
         <input_file_ref idref="fl-2"/>
      </object_component>
      <object_component id="oc-9f">
         <name>.debug_line</name>
         <load_address>0x179e</load_address>
         <run_address>0x179e</run_address>
         <size>0x20</size>
         <input_file_ref idref="fl-2"/>
      </object_component>
      <object_component id="oc-a4">
         <name>.debug_line</name>
         <load_address>0x17be</load_address>
         <run_address>0x17be</run_address>
         <size>0x2e</size>
         <input_file_ref idref="fl-2"/>
      </object_component>
      <object_component id="oc-fe">
         <name>.debug_line</name>
         <load_address>0x17ec</load_address>
         <run_address>0x17ec</run_address>
         <size>0x73</size>
         <input_file_ref idref="fl-2"/>
      </object_component>
      <object_component id="oc-8d">
         <name>.debug_line</name>
         <load_address>0x185f</load_address>
         <run_address>0x185f</run_address>
         <size>0x70</size>
         <input_file_ref idref="fl-2"/>
      </object_component>
      <object_component id="oc-1b8">
         <name>.debug_line</name>
         <load_address>0x18cf</load_address>
         <run_address>0x18cf</run_address>
         <size>0x6a</size>
         <input_file_ref idref="fl-2"/>
      </object_component>
      <object_component id="oc-1f3">
         <name>.debug_line</name>
         <load_address>0x1939</load_address>
         <run_address>0x1939</run_address>
         <size>0x6b</size>
         <input_file_ref idref="fl-2"/>
      </object_component>
      <object_component id="oc-1b3">
         <name>.debug_line</name>
         <load_address>0x19a4</load_address>
         <run_address>0x19a4</run_address>
         <size>0x2d</size>
         <input_file_ref idref="fl-2"/>
      </object_component>
      <object_component id="oc-e4">
         <name>.debug_line</name>
         <load_address>0x19d1</load_address>
         <run_address>0x19d1</run_address>
         <size>0x122</size>
         <input_file_ref idref="fl-3"/>
      </object_component>
      <object_component id="oc-1fb">
         <name>.debug_line</name>
         <load_address>0x1af3</load_address>
         <run_address>0x1af3</run_address>
         <size>0x31</size>
         <input_file_ref idref="fl-3"/>
      </object_component>
      <object_component id="oc-1fd">
         <name>.debug_line</name>
         <load_address>0x1b24</load_address>
         <run_address>0x1b24</run_address>
         <size>0x31</size>
         <input_file_ref idref="fl-3"/>
      </object_component>
      <object_component id="oc-208">
         <name>.debug_line</name>
         <load_address>0x1b55</load_address>
         <run_address>0x1b55</run_address>
         <size>0x31</size>
         <input_file_ref idref="fl-3"/>
      </object_component>
      <object_component id="oc-20a">
         <name>.debug_line</name>
         <load_address>0x1b86</load_address>
         <run_address>0x1b86</run_address>
         <size>0x31</size>
         <input_file_ref idref="fl-3"/>
      </object_component>
      <object_component id="oc-d2">
         <name>.debug_line</name>
         <load_address>0x1bb7</load_address>
         <run_address>0x1bb7</run_address>
         <size>0xbdb</size>
         <input_file_ref idref="fl-3"/>
      </object_component>
      <object_component id="oc-e8">
         <name>.debug_line</name>
         <load_address>0x2792</load_address>
         <run_address>0x2792</run_address>
         <size>0x2d</size>
         <input_file_ref idref="fl-3"/>
      </object_component>
      <object_component id="oc-f2">
         <name>.debug_line</name>
         <load_address>0x27bf</load_address>
         <run_address>0x27bf</run_address>
         <size>0x31</size>
         <input_file_ref idref="fl-3"/>
      </object_component>
      <object_component id="oc-1ad">
         <name>.debug_line</name>
         <load_address>0x27f0</load_address>
         <run_address>0x27f0</run_address>
         <size>0x20</size>
         <input_file_ref idref="fl-4"/>
      </object_component>
      <object_component id="oc-93">
         <name>.debug_line</name>
         <load_address>0x2810</load_address>
         <run_address>0x2810</run_address>
         <size>0x39a</size>
         <input_file_ref idref="fl-4"/>
      </object_component>
      <object_component id="oc-7f">
         <name>.debug_line</name>
         <load_address>0x2baa</load_address>
         <run_address>0x2baa</run_address>
         <size>0x4b</size>
         <input_file_ref idref="fl-5"/>
      </object_component>
      <object_component id="oc-42">
         <name>.debug_line</name>
         <load_address>0x2bf5</load_address>
         <run_address>0x2bf5</run_address>
         <size>0x20</size>
         <input_file_ref idref="fl-5"/>
      </object_component>
      <object_component id="oc-fa">
         <name>.debug_line</name>
         <load_address>0x2c15</load_address>
         <run_address>0x2c15</run_address>
         <size>0x2c</size>
         <input_file_ref idref="fl-6"/>
      </object_component>
      <object_component id="oc-2f">
         <name>.debug_line</name>
         <load_address>0x2c41</load_address>
         <run_address>0x2c41</run_address>
         <size>0x178</size>
         <input_file_ref idref="fl-6"/>
      </object_component>
      <object_component id="oc-1bc">
         <name>.debug_line</name>
         <load_address>0x2db9</load_address>
         <run_address>0x2db9</run_address>
         <size>0xdd</size>
         <input_file_ref idref="fl-7"/>
      </object_component>
      <object_component id="oc-28a">
         <name>.debug_line</name>
         <load_address>0x2e96</load_address>
         <run_address>0x2e96</run_address>
         <size>0x2c</size>
         <input_file_ref idref="fl-8"/>
      </object_component>
      <object_component id="oc-14e">
         <name>.debug_line</name>
         <load_address>0x2ec2</load_address>
         <run_address>0x2ec2</run_address>
         <size>0xe4</size>
         <input_file_ref idref="fl-8"/>
      </object_component>
      <object_component id="oc-103">
         <name>.debug_line</name>
         <load_address>0x2fa6</load_address>
         <run_address>0x2fa6</run_address>
         <size>0x3b</size>
         <input_file_ref idref="fl-9"/>
      </object_component>
      <object_component id="oc-35">
         <name>.debug_line</name>
         <load_address>0x2fe1</load_address>
         <run_address>0x2fe1</run_address>
         <size>0x201</size>
         <input_file_ref idref="fl-9"/>
      </object_component>
      <object_component id="oc-a7">
         <name>.debug_line</name>
         <load_address>0x31e2</load_address>
         <run_address>0x31e2</run_address>
         <size>0x41</size>
         <input_file_ref idref="fl-a"/>
      </object_component>
[...]
         <value>0x77dd</value>
         <object_component_ref idref="oc-8f"/>
      </symbol>
      <symbol id="sm-5ac">
         <name>selectPinInterruptFallingEdge</name>
         <value>0x7737</value>
         <object_component_ref idref="oc-8f"/>
      </symbol>
      <symbol id="sm-5ad">
         <name>selectPinOpenDrainOutput</name>
         <value>0x73cf</value>
         <object_component_ref idref="oc-8f"/>
      </symbol>
      <symbol id="sm-5ae">
         <name>selectPinInterruptLowLevel</name>
         <value>0x7817</value>
         <object_component_ref idref="oc-8f"/>
      </symbol>
      <symbol id="sm-5af">
         <name>setPortValue</name>
         <value>0x78f1</value>
         <object_component_ref idref="oc-8f"/>
      </symbol>
      <symbol id="sm-5b0">
         <name>enablePinInterrupt</name>
         <value>0x7851</value>
         <object_component_ref idref="oc-8f"/>
      </symbol>
      <symbol id="sm-5b1">
         <name>setPinAuxFunction</name>
         <value>0x75d5</value>
         <object_component_ref idref="oc-8f"/>
      </symbol>
      <symbol id="sm-5b2">
         <name>enablePort</name>
         <value>0x7245</value>
         <object_component_ref idref="oc-8f"/>
      </symbol>
      <symbol id="sm-5b3">
         <name>disablePinPulldown</name>
         <value>0x75ad</value>
         <object_component_ref idref="oc-8f"/>
      </symbol>
      <symbol id="sm-5b4">
         <name>setPinCommitControl</name>
         <value>0x74bb</value>
         <object_component_ref idref="oc-8f"/>
      </symbol>
      <symbol id="sm-5b5">
         <name>disablePort</name>
         <value>0x7301</value>
         <object_component_ref idref="oc-8f"/>
      </symbol>
      <symbol id="sm-5b6">
         <name>disablePinInterrupt</name>
         <value>0x7875</value>
         <object_component_ref idref="oc-8f"/>
      </symbol>
      <symbol id="sm-5b7">
         <name>enablePinPullup</name>
         <value>0x7537</value>
         <object_component_ref idref="oc-8f"/>
      </symbol>
      <symbol id="sm-5b8">
         <name>getPinValue</name>
         <value>0x78bf</value>
         <object_component_ref idref="oc-8f"/>
      </symbol>
      <symbol id="sm-5b9">
         <name>enablePinPulldown</name>
         <value>0x7589</value>
         <object_component_ref idref="oc-8f"/>
      </symbol>
      <symbol id="sm-5ba">
         <name>disablePinPullup</name>
         <value>0x7565</value>
         <object_component_ref idref="oc-8f"/>
      </symbol>
      <symbol id="sm-5bb">
         <name>selectPinDigitalInput</name>
         <value>0x741d</value>
         <object_component_ref idref="oc-8f"/>
      </symbol>
      <symbol id="sm-5bc">
         <name>selectPinInterruptRisingEdge</name>
         <value>0x76e7</value>
         <object_component_ref idref="oc-8f"/>
      </symbol>
      <symbol id="sm-5bd">
         <name>setPinValue</name>
         <value>0x7899</value>
         <object_component_ref idref="oc-8f"/>
      </symbol>
      <symbol id="sm-5ce">
         <name>EnableNoHibWakeUpPeriodic</name>
         <value>0x9749</value>
         <object_component_ref idref="oc-7d"/>
      </symbol>
      <symbol id="sm-5f8">
         <name>RTCInit</name>
         <value>0x882b</value>
         <object_component_ref idref="oc-2a"/>
      </symbol>
      <symbol id="sm-5f9">
         <name>EnableHibernation</name>
         <value>0x87cf</value>
         <object_component_ref idref="oc-2a"/>
      </symbol>
      <symbol id="sm-5fa">
         <name>LoadRTCValue</name>
         <value>0x8751</value>
         <object_component_ref idref="oc-2a"/>
      </symbol>
      <symbol id="sm-5fb">
         <name>SetRTCWEN</name>
         <value>0x8819</value>
         <object_component_ref idref="oc-2a"/>
      </symbol>
      <symbol id="sm-5fc">
         <name>getSecondsValue</name>
         <value>0x873f</value>
         <object_component_ref idref="oc-2a"/>
      </symbol>
      <symbol id="sm-5fd">
         <name>RTCMatchNoHib</name>
         <value>0x8761</value>
         <object_component_ref idref="oc-2a"/>
      </symbol>
      <symbol id="sm-5fe">
         <name>isHibWriteComplete</name>
         <value>0x8735</value>
         <object_component_ref idref="oc-2a"/>
      </symbol>
      <symbol id="sm-5ff">
         <name>StartRTCCounting</name>
         <value>0x8807</value>
         <object_component_ref idref="oc-2a"/>
      </symbol>
      <symbol id="sm-600">
         <name>RTCMatchSetupHib</name>
         <value>0x879b</value>
         <object_component_ref idref="oc-2a"/>
      </symbol>
      <symbol id="sm-601">
         <name>RTCMatchSetupNoHib</name>
         <value>0x8771</value>
         <object_component_ref idref="oc-2a"/>
      </symbol>
      <symbol id="sm-602">
         <name>RTCModuleRCGCInit</name>
         <value>0x8745</value>
         <object_component_ref idref="oc-2a"/>
      </symbol>
      <symbol id="sm-603">
         <name>HibernateMatchISR</name>
         <value>0x87e1</value>
         <object_component_ref idref="oc-2a"/>
      </symbol>
      <symbol id="sm-604">
         <name>clear_value</name>
         <value>0x200010fc</value>
         <object_component_ref idref="oc-86"/>
      </symbol>
      <symbol id="sm-620">
         <name>setSpi0Mode</name>
         <value>0x896b</value>
         <object_component_ref idref="oc-1ba"/>
      </symbol>
      <symbol id="sm-621">
         <name>readSpi0Data</name>
         <value>0x89d1</value>
         <object_component_ref idref="oc-1ba"/>
      </symbol>
      <symbol id="sm-622">
         <name>writeSpi0Data</name>
         <value>0x89b9</value>
         <object_component_ref idref="oc-1ba"/>
      </symbol>
      <symbol id="sm-623">
         <name>initSpi0</name>
         <value>0x8899</value>
         <object_component_ref idref="oc-1ba"/>
      </symbol>
      <symbol id="sm-624">
         <name>setSpi0BaudRate</name>
         <value>0x8935</value>
         <object_component_ref idref="oc-1ba"/>
      </symbol>
      <symbol id="sm-63d">
         <name>InitializeTimeStructure</name>
         <value>0x8035</value>
         <object_component_ref idref="oc-14d"/>
      </symbol>
      <symbol id="sm-63e">
         <name>CalculateCurrentDifference</name>
         <value>0x8095</value>
         <object_component_ref idref="oc-14d"/>
      </symbol>
      <symbol id="sm-63f">
         <name>UpdateDateandTimeValues</name>
         <value>0x80b7</value>
         <object_component_ref idref="oc-14d"/>
      </symbol>
      <symbol id="sm-640">
         <name>InitializeDateStructure</name>
         <value>0x8067</value>
         <object_component_ref idref="oc-14d"/>
      </symbol>
      <symbol id="sm-690">
         <name>fn</name>
         <value>0x20001108</value>
      </symbol>
      <symbol id="sm-691">
         <name>period</name>
         <value>0x20001130</value>
      </symbol>
      <symbol id="sm-692">
         <name>ticks</name>
         <value>0x20001158</value>
      </symbol>
      <symbol id="sm-693">
         <name>reload</name>
         <value>0x20001180</value>
      </symbol>
      <symbol id="sm-694">
         <name>flash</name>
         <value>0x7d25</value>
         <object_component_ref idref="oc-30"/>
      </symbol>
      <symbol id="sm-695">
         <name>initTimer</name>
         <value>0x7a05</value>
         <object_component_ref idref="oc-30"/>
      </symbol>
      <symbol id="sm-696">
         <name>stopTimer</name>
         <value>0x7bb1</value>
         <object_component_ref idref="oc-30"/>
      </symbol>
      <symbol id="sm-697">
         <name>startOneshotTimer</name>
         <value>0x7aa5</value>
         <object_component_ref idref="oc-30"/>
      </symbol>
      <symbol id="sm-698">
         <name>restartTimer</name>
         <value>0x7c17</value>
         <object_component_ref idref="oc-30"/>
      </symbol>
      <symbol id="sm-699">
         <name>random32</name>
         <value>0x7cff</value>
         <object_component_ref idref="oc-30"/>
      </symbol>
      <symbol id="sm-69a">
         <name>flash3</name>
         <value>0x7d83</value>
         <object_component_ref idref="oc-30"/>
      </symbol>
      <symbol id="sm-69b">
         <name>flash2</name>
         <value>0x7d5d</value>
         <object_component_ref idref="oc-30"/>
      </symbol>
      <symbol id="sm-69c">
         <name>flash4</name>
         <value>0x7d91</value>
         <object_component_ref idref="oc-30"/>
      </symbol>
      <symbol id="sm-69d">
         <name>tickIsr</name>
         <value>0x7c85</value>
         <object_component_ref idref="oc-30"/>
      </symbol>
      <symbol id="sm-69e">
         <name>startPeriodicTimer</name>
         <value>0x7b2b</value>
         <object_component_ref idref="oc-30"/>
      </symbol>
      <symbol id="sm-6ba">
         <name>ResetISR</name>
         <value>0x992f</value>
         <object_component_ref idref="oc-24"/>
      </symbol>
      <symbol id="sm-6bb">
         <name>g_pfnVectors</name>
         <value>0x0</value>
         <object_component_ref idref="oc-f"/>
      </symbol>
      <symbol id="sm-6e6">
         <name>getcUart0</name>
         <value>0x86c1</value>
         <object_component_ref idref="oc-77"/>
      </symbol>
      <symbol id="sm-6e7">
         <name>kbhitUart0</name>
         <value>0x86d5</value>
         <object_component_ref idref="oc-77"/>
      </symbol>
      <symbol id="sm-6e8">
         <name>setUart0BaudRate</name>
         <value>0x864d</value>
         <object_component_ref idref="oc-77"/>
      </symbol>
      <symbol id="sm-6e9">
         <name>putsUart0</name>
         <value>0x8695</value>
         <object_component_ref idref="oc-77"/>
      </symbol>
      <symbol id="sm-6ea">
         <name>initUart0</name>
         <value>0x85b9</value>
         <object_component_ref idref="oc-77"/>
      </symbol>
      <symbol id="sm-6eb">
         <name>putcUart0</name>
         <value>0x8679</value>
         <object_component_ref idref="oc-77"/>
      </symbol>
      <symbol id="sm-6f9">
         <name>waitMicrosecond</name>
         <value>0x981f</value>
         <object_component_ref idref="oc-12e"/>
      </symbol>
      <symbol id="sm-720">
         <name>sprintf</name>
         <value>0x96c9</value>
         <object_component_ref idref="oc-11c"/>
      </symbol>
      <symbol id="sm-72f">
         <name>__aeabi_memset</name>
         <value>0x928f</value>
         <object_component_ref idref="oc-c2"/>
      </symbol>
      <symbol id="sm-730">
         <name>memset</name>
         <value>0x9295</value>
         <object_component_ref idref="oc-c2"/>
      </symbol>
      <symbol id="sm-731">
         <name>__aeabi_memset8</name>
         <value>0x928f</value>
         <object_component_ref idref="oc-c2"/>
      </symbol>
      <symbol id="sm-732">
         <name>__aeabi_memset4</name>
         <value>0x928f</value>
         <object_component_ref idref="oc-c2"/>
      </symbol>
      <symbol id="sm-733">
         <name>__aeabi_memclr8</name>
         <value>0x928d</value>
         <object_component_ref idref="oc-c2"/>
      </symbol>
      <symbol id="sm-734">
         <name>__aeabi_memclr4</name>
         <value>0x928d</value>
         <object_component_ref idref="oc-c2"/>
      </symbol>
      <symbol id="sm-735">
         <name>__aeabi_memclr</name>
         <value>0x928d</value>
         <object_component_ref idref="oc-c2"/>
      </symbol>
      <symbol id="sm-74c">
         <name>__aeabi_dsub</name>
         <value>0x8401</value>
         <object_component_ref idref="oc-139"/>
      </symbol>
      <symbol id="sm-74d">
         <name>__aeabi_dadd</name>
         <value>0x840b</value>
         <object_component_ref idref="oc-139"/>
      </symbol>
      <symbol id="sm-761">
         <name>__aeabi_ddiv</name>
         <value>0x8b35</value>
         <object_component_ref idref="oc-13e"/>
      </symbol>
      <symbol id="sm-76c">
         <name>__aeabi_dmul</name>
         <value>0x8ea1</value>
         <object_component_ref idref="oc-143"/>
      </symbol>
      <symbol id="sm-778">
         <name>__aeabi_d2f</name>
         <value>0x9375</value>
         <object_component_ref idref="oc-148"/>
      </symbol>
      <symbol id="sm-782">
         <name>__aeabi_d2uiz</name>
         <value>0x9685</value>
         <object_component_ref idref="oc-166"/>
      </symbol>
      <symbol id="sm-78d">
         <name>__aeabi_f2d</name>
         <value>0x9785</value>
         <object_component_ref idref="oc-153"/>
      </symbol>
      <symbol id="sm-7a8">
         <name>memcpy</name>
         <value>0x904f</value>
         <object_component_ref idref="oc-44"/>
      </symbol>
      <symbol id="sm-7a9">
         <name>__aeabi_memcpy</name>
         <value>0x904f</value>
         <object_component_ref idref="oc-44"/>
      </symbol>
      <symbol id="sm-7aa">
         <name>__aeabi_memcpy8</name>
         <value>0x904f</value>
         <object_component_ref idref="oc-44"/>
      </symbol>
      <symbol id="sm-7ab">
         <name>__aeabi_memcpy4</name>
         <value>0x904f</value>
         <object_component_ref idref="oc-44"/>
      </symbol>
      <symbol id="sm-7b5">
         <name>__aeabi_ui2d</name>
         <value>0x9843</value>
         <object_component_ref idref="oc-134"/>
      </symbol>
      <symbol id="sm-7ce">
         <name>__TI_zero_init_nomemset</name>
         <value>0x9863</value>
         <object_component_ref idref="oc-50"/>
      </symbol>
      <symbol id="sm-7e5">
         <name>__TI_decompress_none</name>
         <value>0x9921</value>
         <object_component_ref idref="oc-18"/>
      </symbol>
      <symbol id="sm-808">
         <name>__TI_decompress_lzss</name>
         <value>0x93e3</value>
         <object_component_ref idref="oc-12"/>
      </symbol>
      <symbol id="sm-81e">
         <name>atoi</name>
         <value>0x95ad</value>
         <object_component_ref idref="oc-122"/>
      </symbol>
      <symbol id="sm-829">
         <name>_ctypes_</name>
         <value>0x9954</value>
         <object_component_ref idref="oc-1f5"/>
      </symbol>
      <symbol id="sm-838">
         <name>strcmp</name>
         <value>0x98cd</value>
         <object_component_ref idref="oc-15e"/>
      </symbol>
      <symbol id="sm-84b">
         <name>__stack</name>
         <value>0x20000000</value>
         <object_component_ref idref="oc-21"/>
      </symbol>
      <symbol id="sm-84c">
         <name>_c_int00_noargs</name>
         <value>0x97bd</value>
         <object_component_ref idref="oc-62"/>
      </symbol>
      <symbol id="sm-9b1">
         <name>__TI_printfi</name>
         <value>0x67f5</value>
         <object_component_ref idref="oc-1dc"/>
      </symbol>
      <symbol id="sm-9d1">
         <name>frexpl</name>
         <value>0x944d</value>
         <object_component_ref idref="oc-2e7"/>
      </symbol>
      <symbol id="sm-9d2">
         <name>frexp</name>
         <value>0x944d</value>
         <object_component_ref idref="oc-2e7"/>
      </symbol>
      <symbol id="sm-9ef">
         <name>scalbn</name>
         <value>0x8d91</value>
         <object_component_ref idref="oc-2ed"/>
      </symbol>
      <symbol id="sm-9f0">
         <name>scalbnl</name>
         <value>0x8d91</value>
         <object_component_ref idref="oc-2ed"/>
      </symbol>
      <symbol id="sm-9f1">
         <name>ldexpl</name>
         <value>0x8d91</value>
         <object_component_ref idref="oc-2ed"/>
      </symbol>
      <symbol id="sm-9f2">
         <name>ldexp</name>
         <value>0x8d91</value>
         <object_component_ref idref="oc-2ed"/>
      </symbol>
      <symbol id="sm-9ff">
         <name>__aeabi_uldivmod</name>
         <value>0x90eb</value>
         <object_component_ref idref="oc-2b0"/>
      </symbol>
      <symbol id="sm-a21">
         <name>__aeabi_cdcmpeq</name>
         <value>0x9181</value>
         <object_component_ref idref="oc-245"/>
      </symbol>
      <symbol id="sm-a22">
         <name>__aeabi_cdcmple</name>
         <value>0x9181</value>
         <object_component_ref idref="oc-245"/>
      </symbol>
      <symbol id="sm-a23">
         <name>__aeabi_cdrcmple</name>
         <value>0x9207</value>
         <object_component_ref idref="oc-2b7"/>
      </symbol>
      <symbol id="sm-a2d">
         <name>__aeabi_d2iz</name>
         <value>0x95f9</value>
         <object_component_ref idref="oc-2bc"/>
      </symbol>
      <symbol id="sm-a37">
         <name>__aeabi_i2d</name>
         <value>0x97f1</value>
         <object_component_ref idref="oc-2c7"/>
      </symbol>
      <symbol id="sm-a5f">
         <name>__TI_auto_init_nobinit_nopinit</name>
         <value>0x9641</value>
         <object_component_ref idref="oc-178"/>
      </symbol>
      <symbol id="sm-a69">
         <name>_system_pre_init</name>
         <value>0x994d</value>
         <object_component_ref idref="oc-c8"/>
      </symbol>
      <symbol id="sm-a75">
         <name>C$$EXIT</name>
         <value>0x9951</value>
         <object_component_ref idref="oc-16c"/>
      </symbol>
      <symbol id="sm-a76">
         <name>abort</name>
         <value>0x9951</value>
         <object_component_ref idref="oc-16c"/>
      </symbol>
      <symbol id="sm-a87">
         <name>ltoa</name>
         <value>0x9507</value>
         <object_component_ref idref="oc-2c1"/>
      </symbol>
      <symbol id="sm-a97">
         <name>memccpy</name>
         <value>0x987f</value>
         <object_component_ref idref="oc-262"/>
      </symbol>
      <symbol id="sm-aa7">
         <name>strchr</name>
         <value>0x98e5</value>
         <object_component_ref idref="oc-2f3"/>
      </symbol>
      <symbol id="sm-ab5">
         <name>strlen</name>
         <value>0x98fb</value>
         <object_component_ref idref="oc-239"/>
      </symbol>
      <symbol id="sm-acb">
         <name>__aeabi_errno_addr</name>
         <value>0x9945</value>
         <object_component_ref idref="oc-26e"/>
      </symbol>
      <symbol id="sm-acc">
         <name>errno</name>
         <value>0x20001100</value>
         <object_component_ref idref="oc-303"/>
      </symbol>
      <symbol id="sm-ae5">
         <name>wcslen</name>
         <value>0x990f</value>
         <object_component_ref idref="oc-268"/>
      </symbol>
      <symbol id="sm-aef">
         <name>copysign</name>
         <value>0x989b</value>
         <object_component_ref idref="oc-342"/>
      </symbol>
      <symbol id="sm-af0">
         <name>copysignl</name>
         <value>0x989b</value>
         <object_component_ref idref="oc-342"/>
      </symbol>
      <symbol id="sm-afa">
         <name>__aeabi_idiv0</name>
         <value>0x7243</value>
         <object_component_ref idref="oc-32c"/>
      </symbol>
      <symbol id="sm-afb">
         <name>__aeabi_ldiv0</name>
         <value>0x7243</value>
         <object_component_ref idref="oc-32c"/>
      </symbol>
      <symbol id="sm-afc">
         <name>__TI_static_base__</name>
         <value>0x0</value>
      </symbol>
      <symbol id="sm-aff">
         <name>__mpu_init</name>
         <value>0x0</value>
      </symbol>
      <symbol id="sm-b00">
         <name>_system_post_cinit</name>
         <value>0x0</value>
      </symbol>
   </symbol_table>
   <title>Link successful</title>
</link_info>
