******************************************************************************
                  TI ARM Linker PC v18.12.2                    
******************************************************************************
>> Linked Tue Mar 24 06:14:13 2020

OUTPUT FILE NAME:   <ethernet.out>
ENTRY POINT SYMBOL: "_c_int00_noargs"  address: 0000712d


MEMORY CONFIGURATION

         name            origin    length      used     unused   attr    fill
----------------------  --------  ---------  --------  --------  ----  --------
  FLASH                 00000000   00040000  0000740d  00038bf3  R  X
  SRAM                  20000000   00008000  000010d8  00006f28  RW X


SEGMENT ALLOCATION MAP

run origin  load origin   length   init length attrs members
----------  ----------- ---------- ----------- ----- -------
00000000    00000000    00007410   00007410    r-x
  00000000    00000000    0000026c   0000026c    r-- .intvecs
  0000026c    0000026c    00007058   00007058    r-x .text
  000072c4    000072c4    00000101   00000101    r-- .const
  000073c8    000073c8    00000048   00000048    r-- .cinit
20000000    20000000    000010d8   00000000    rw-
  20000000    20000000    00001000   00000000    rw- .stack
  20001000    20001000    000000b0   00000000    rw- .bss
  200010b0    200010b0    00000028   00000000    rw- .data


SECTION ALLOCATION MAP

 output                                  attributes/
section   page    origin      length       input sections
--------  ----  ----------  ----------   ----------------
.intvecs   0    00000000    0000026c     
                  00000000    0000026c     tm4c123gh6pm_startup_ccs.obj (.intvecs)

.text      0    0000026c    00007058     
                  0000026c    0000342c     eth0.obj (.text)
                  00003698    00000f10     ethernet.obj (.text)
                  000045a8    00000a4e     rtsv7M4_T_le_v4SPD16_eabi.lib : _printfi.c.obj (.text:__TI_printfi)
                  00004ff6    00000002                                   : div0.asm.obj (.text)
                  00004ff8    000007c0     gpio.obj (.text)
                  000057b8    000003c0     timer.obj (.text)
                  00005b78    00000270     rtsv7M4_T_le_v4SPD16_eabi.lib : _printfi.c.obj (.text:_pconv_a)
                  00005de8    000001d0                                   : _printfi.c.obj (.text:_pconv_g)
                  00005fb8    000001b6                                   : fd_add_t2.asm.obj (.text)
                  0000616e    00000002     --HOLE-- [fill = 0]
                  00006170    0000017c     uart0.obj (.text)
                  000062ec    00000160     spi0.obj (.text)
                  0000644c    0000013c     rtsv7M4_T_le_v4SPD16_eabi.lib : _printfi.c.obj (.text:_pconv_e)
                  00006588    00000136                                   : fd_div_t2.asm.obj (.text)
                  000066be    00000002     --HOLE-- [fill = 0]
                  000066c0    00000124                                   : _printfi.c.obj (.text:fcvt)
                  000067e4    00000110                                   : s_scalbn.c.obj (.text:scalbn)
                  000068f4    000000fc                                   : fd_mul_t2.asm.obj (.text)
                  000069f0    000000b1                                   : _printfi.c.obj (.text:_ltostr)
                  00006aa1    00000001     --HOLE-- [fill = 0]
                  00006aa2    0000009c                                   : memcpy_t2.asm.obj (.text)
                  00006b3e    00000096                                   : ull_div_t2.asm.obj (.text)
                  00006bd4    00000086                                   : fd_cmp_t2.asm.obj (.text:__aeabi_cdcmple)
                  00006c5a    00000086                                   : fd_cmp_t2.asm.obj (.text:__aeabi_cdrcmple)
                  00006ce0    0000007a                                   : memset_t2.asm.obj (.text)
                  00006d5a    0000006e                                   : _printfi.c.obj (.text:_mcpy)
                  00006dc8    00000068                                   : copy_decompress_lzss.c.obj (.text:decompress:lzss:__TI_decompress_lzss)
                  00006e30    00000064                                   : s_frexp.c.obj (.text:frexp)
                  00006e94    00000056                                   : _printfi.c.obj (.text:_pconv_f)
                  00006eea    00000054                                   : ltoa.c.obj (.text:ltoa)
                  00006f3e    00000052                                   : _printfi.c.obj (.text:_ecpy)
                  00006f90    0000004c                                   : atoi.c.obj (.text:atoi)
                  00006fdc    00000048                                   : fd_toi_t2.asm.obj (.text)
                  00007024    00000044                                   : autoinit.c.obj (.text:__TI_auto_init_nobinit_nopinit:__TI_auto_init_nobinit_nopinit)
                  00007068    00000044                                   : fd_tou_t2.asm.obj (.text)
                  000070ac    00000040                                   : sprintf.c.obj (.text:sprintf)
                  000070ec    0000003e                                   : _printfi.c.obj (.text:_fcpy)
                  0000712a    00000002     --HOLE-- [fill = 0]
                  0000712c    00000034                                   : boot_cortex_m.c.obj (.text:_c_int00_noargs:_c_int00_noargs)
                  00007160    0000002e                                   : i_tofd_t2.asm.obj (.text)
                  0000718e    00000024     wait.obj (.text)
                  000071b2    00000020     rtsv7M4_T_le_v4SPD16_eabi.lib : u_tofd_t2.asm.obj (.text)
                  000071d2    0000001c                                   : copy_zero_init.c.obj (.text:decompress:ZI:__TI_zero_init_nomemset:__TI_zero_init_nomemset)
                  000071ee    0000001c                                   : memccpy.c.obj (.text:memccpy)
                  0000720a    0000001a                                   : s_copysign.c.obj (.text:copysign)
                  00007224    00000018                                   : sprintf.c.obj (.text:_outs)
                  0000723c    00000018                                   : strcmp.c.obj (.text:strcmp)
                  00007254    00000016                                   : strchr.c.obj (.text:strchr)
                  0000726a    00000014                                   : strlen.c.obj (.text:strlen)
                  0000727e    00000012                                   : wcslen.c.obj (.text:wcslen)
                  00007290    0000000e                                   : copy_decompress_none.c.obj (.text:decompress:none:__TI_decompress_none)
                  0000729e    0000000c     tm4c123gh6pm_startup_ccs.obj (.text)
                  000072aa    0000000a     rtsv7M4_T_le_v4SPD16_eabi.lib : sprintf.c.obj (.text:_outc)
                  000072b4    00000008                                   : errno.c.obj (.text:__aeabi_errno_addr)
                  000072bc    00000004                                   : pre_init.c.obj (.text:_system_pre_init)
                  000072c0    00000004                                   : exit.c.obj (.text:abort:abort)

.const     0    000072c4    00000101     
                  000072c4    00000101     rtsv7M4_T_le_v4SPD16_eabi.lib : ctype.c.obj (.const:.string:_ctypes_)

.cinit     0    000073c8    00000048     
                  000073c8    0000001f     (.cinit..data.load) [load image, compression = lzss]
                  000073e7    00000001     --HOLE-- [fill = 0]
                  000073e8    0000000c     (__TI_handler_table)
                  000073f4    00000004     --HOLE-- [fill = 0]
                  000073f8    00000008     (.cinit..bss.load) [load image, compression = zero_init]
                  00007400    00000010     (__TI_cinit_table)

.init_array 
*          0    00000000    00000000     UNINITIALIZED

.bss       0    20001000    000000b0     UNINITIALIZED
                  20001000    00000028     (.common:fn)
                  20001028    00000028     (.common:period)
                  20001050    00000028     (.common:ticks)
                  20001078    0000000c     (.common:reload)
                  20001084    00000008     eth0.obj (.bss:ip_l_time$1)
                  2000108c    00000008     (.common:g_ether_server)
                  20001094    00000004     (.common:ack_ip_lease)
                  20001098    00000004     (.common:g_dns)
                  2000109c    00000004     (.common:g_gateway)
                  200010a0    00000004     (.common:g_siaddr)
                  200010a4    00000004     (.common:g_subnet)
                  200010a8    00000004     (.common:g_yiaddr)
                  200010ac    00000004     (.common:sum)

.data      0    200010b0    00000028     UNINITIALIZED
                  200010b0    0000000b     ethernet.obj (.data)
                  200010bb    00000006     eth0.obj (.data:macAddress)
                  200010c1    00000005     eth0.obj (.data)
                  200010c6    00000004     eth0.obj (.data:ipAddress)
                  200010ca    00000004     eth0.obj (.data:ipGwAddress)
                  200010ce    00000004     eth0.obj (.data:ipSubnetMask)
                  200010d2    00000002     --HOLE--
                  200010d4    00000004     rtsv7M4_T_le_v4SPD16_eabi.lib : errno.c.obj (.data)

.stack     0    20000000    00001000     UNINITIALIZED
                  20000000    00000004     rtsv7M4_T_le_v4SPD16_eabi.lib : boot_cortex_m.c.obj (.stack)
                  20000004    00000ffc     --HOLE--

MODULE SUMMARY

       Module                         code    ro data   rw data
       ------                         ----    -------   -------
    .\
       eth0.obj                       13356   0         67     
       ethernet.obj                   3856    0         11     
       gpio.obj                       1984    0         0      
       timer.obj                      960     0         132    
       tm4c123gh6pm_startup_ccs.obj   12      620       0      
       uart0.obj                      380     0         0      
       spi0.obj                       352     0         0      
       wait.obj                       36      0         0      
    +--+------------------------------+-------+---------+---------+
       Total:                         20936   620       210    
                                                               
    C:\ti\ccs910\ccs\tools\compiler\ti-cgt-arm_18.12.2.LTS\lib\rtsv7M4_T_le_v4SPD16_eabi.lib
       _printfi.c.obj                 4851    0         0      
       fd_add_t2.asm.obj              438     0         0      
       fd_div_t2.asm.obj              310     0         0      
       s_scalbn.c.obj                 272     0         0      
       fd_cmp_t2.asm.obj              268     0         0      
       ctype.c.obj                    0       257       0      
       fd_mul_t2.asm.obj              252     0         0      
       memcpy_t2.asm.obj              156     0         0      
       ull_div_t2.asm.obj             150     0         0      
       memset_t2.asm.obj              122     0         0      
       copy_decompress_lzss.c.obj     104     0         0      
       s_frexp.c.obj                  100     0         0      
       sprintf.c.obj                  98      0         0      
       ltoa.c.obj                     84      0         0      
       atoi.c.obj                     76      0         0      
       fd_toi_t2.asm.obj              72      0         0      
       autoinit.c.obj                 68      0         0      
       fd_tou_t2.asm.obj              68      0         0      
       boot_cortex_m.c.obj            52      0         0      
       i_tofd_t2.asm.obj              46      0         0      
       u_tofd_t2.asm.obj              32      0         0      
       copy_zero_init.c.obj           28      0         0      
       memccpy.c.obj                  28      0         0      
       s_copysign.c.obj               26      0         0      
       strcmp.c.obj                   24      0         0      
       strchr.c.obj                   22      0         0      
       strlen.c.obj                   20      0         0      
       wcslen.c.obj                   18      0         0      
       copy_decompress_none.c.obj     14      0         0      
       errno.c.obj                    8       0         4      
       exit.c.obj                     4       0         0      
       pre_init.c.obj                 4       0         0      
       div0.asm.obj                   2       0         0      
    +--+------------------------------+-------+---------+---------+
       Total:                         7817    257       4      
                                                               
       Stack:                         0       0         4096   
       Linker Generated:              0       67        0      
    +--+------------------------------+-------+---------+---------+
       Grand Total:                   28753   944       4310   


LINKER GENERATED COPY TABLES

__TI_cinit_table @ 00007400 records: 2, size/record: 8, table size: 16
	.data: load addr=000073c8, load size=0000001f bytes, run addr=200010b0, run size=00000028 bytes, compression=lzss
	.bss: load addr=000073f8, load size=00000008 bytes, run addr=20001000, run size=000000b0 bytes, compression=zero_init


LINKER GENERATED HANDLER TABLE

__TI_handler_table @ 000073e8 records: 3, size/record: 4, table size: 12
	index: 0, handler: __TI_decompress_lzss
	index: 1, handler: __TI_decompress_none
	index: 2, handler: __TI_zero_init


GLOBAL SYMBOLS: SORTED ALPHABETICALLY BY Name 

address   name                          
-------   ----                          
000072c1  C$$EXIT                       
0000729f  ResetISR                      
20001000  __STACK_END                   
00001000  __STACK_SIZE                  
20000200  __STACK_TOP                   
00007400  __TI_CINIT_Base               
00007410  __TI_CINIT_Limit              
000073e8  __TI_Handler_Table_Base       
000073f4  __TI_Handler_Table_Limit      
00007025  __TI_auto_init_nobinit_nopinit
00006dc9  __TI_decompress_lzss          
00007291  __TI_decompress_none          
ffffffff  __TI_pprof_out_hndl           
000045a9  __TI_printfi                  
ffffffff  __TI_prof_data_size           
ffffffff  __TI_prof_data_start          
00000000  __TI_static_base__            
000071d3  __TI_zero_init_nomemset       
00006bd5  __aeabi_cdcmpeq               
00006bd5  __aeabi_cdcmple               
00006c5b  __aeabi_cdrcmple              
00006fdd  __aeabi_d2iz                  
00007069  __aeabi_d2uiz                 
00005fc3  __aeabi_dadd                  
00006589  __aeabi_ddiv                  
000068f5  __aeabi_dmul                  
00005fb9  __aeabi_dsub                  
000072b5  __aeabi_errno_addr            
00007161  __aeabi_i2d                   
00004ff7  __aeabi_idiv0                 
00004ff7  __aeabi_ldiv0                 
00006ce1  __aeabi_memclr                
00006ce1  __aeabi_memclr4               
00006ce1  __aeabi_memclr8               
00006aa3  __aeabi_memcpy                
00006aa3  __aeabi_memcpy4               
00006aa3  __aeabi_memcpy8               
00006ce3  __aeabi_memset                
00006ce3  __aeabi_memset4               
00006ce3  __aeabi_memset8               
000071b3  __aeabi_ui2d                  
00006b3f  __aeabi_uldivmod              
ffffffff  __binit__                     
ffffffff  __c_args__                    
UNDEFED   __mpu_init                    
20000000  __stack                       
0000712d  _c_int00_noargs               
000072c4  _ctypes_                      
UNDEFED   _system_post_cinit            
000072bd  _system_pre_init              
000072c1  abort                         
20001094  ack_ip_lease                  
00006f91  atoi                          
ffffffff  binit                         
0000720b  copysign                      
0000720b  copysignl                     
200010c4  dhcpEnabled                   
00005629  disablePinInterrupt           
00005361  disablePinPulldown            
00005319  disablePinPullup              
000050b5  disablePort                   
000039df  discover_flag_check           
000036cf  displayConnectionInfo         
00005605  enablePinInterrupt            
0000533d  enablePinPulldown             
000052eb  enablePinPullup               
00004ff9  enablePort                    
200010d4  errno                         
00000977  etherCalcIpChecksum           
0000032b  etherClearReg                 
00000283  etherCsOff                    
0000026d  etherCsOn                     
0000337f  etherDisableDhcpMode          
00003377  etherEnableDhcpMode           
00003361  etherGetId                    
000033eb  etherGetIpAddress             
0000357f  etherGetIpGatewayAddress      
000034d5  etherGetIpSubnetMask          
000035fb  etherGetMacAddress            
000006a5  etherGetPacket                
000016a1  etherGetUdpData               
00003429  etherGet_g_IpAddress          
00003463  etherGetdnsAddress            
0000336d  etherIncId                    
00000477  etherInit                     
0000122d  etherIsAck                    
00000db3  etherIsArpRequest             
0000065b  etherIsDataAvailable          
00003387  etherIsDhcpEnabled            
000009d5  etherIsIp                     
00000aa7  etherIsIpBroadcast            
00000a3f  etherIsIpUnicast              
0000338d  etherIsIpValid                
00000641  etherIsLinkUp                 
00000b59  etherIsOffer                  
00000675  etherIsOverflow               
00000b09  etherIsPingRequest            
00001571  etherIsTcp                    
0000118d  etherIsUdp                    
00000791  etherPutPacket                
0000045f  etherReadMem                  
0000044d  etherReadMemStart             
0000046f  etherReadMemStop              
000003b3  etherReadPhy                  
000002c5  etherReadReg                  
00000f59  etherSendArpRequest           
00000e6d  etherSendArpResponse          
00002391  etherSendDHCPRebind           
00002031  etherSendDHCPRelease          
000026fd  etherSendDHCPRequest          
00001ccd  etherSendDeclineMessage       
00001961  etherSendDiscoverMessage      
00001075  etherSendGratuitousArpRequest 
00000ca1  etherSendPingResponse         
00001701  etherSendUdpResponse          
000012c1  etherSetAck                   
0000035f  etherSetBank                  
000033b3  etherSetIpAddress             
0000350f  etherSetIpGatewayAddress      
0000349d  etherSetIpSubnetMask          
000035b9  etherSetMacAddress            
00000bd5  etherSetOffer                 
000002f7  etherSetReg                   
00003547  etherSet_g_DNS                
000018cd  etherSet_g_IP                 
00000873  etherSumWords                 
00000431  etherWriteMem                 
0000041f  etherWriteMemStart            
00000445  etherWriteMemStop             
0000037b  etherWritePhy                 
00000291  etherWriteReg                 
200010b4  f_ack                         
200010b0  f_dhcp                        
200010b1  f_discover                    
200010b2  f_offer                       
200010b3  f_request                     
200010b5  f_unicast                     
00005ad9  flash                         
00005b11  flash2                        
00005b37  flash3                        
00005b45  flash4                        
20001000  fn                            
00006e31  frexp                         
00006e31  frexpl                        
20001098  g_dns                         
2000108c  g_ether_server                
2000109c  g_gateway                     
00000000  g_pfnVectors                  
200010a0  g_siaddr                      
200010a4  g_subnet                      
200010a8  g_yiaddr                      
000008f9  getEtherChecksum              
00005673  getPinValue                   
00005729  getPortValue                  
00000945  get_g_ip_l_time               
00001665  get_ip_lease_time             
0000162d  get_tcp_flag                  
00006279  getcUart0                     
00003929  getsUart0                     
00002e13  htonl                         
000009a9  htons                         
000038af  initEeprom                    
00003699  initHw                        
000062ed  initSpi0                      
000057b9  initTimer                     
00006171  initUart0                     
200010c6  ipAddress                     
200010ca  ipGwAddress                   
200010ce  ipSubnetMask                  
200010b6  isOffer                       
200010b8  isRebind                      
200010b7  isRenewed                     
200010c5  isUnicast                     
200010b9  isack                         
200010ba  isarp                         
0000628d  kbhitUart0                    
000067e5  ldexp                         
000067e5  ldexpl                        
00006eeb  ltoa                          
200010bb  macAddress                    
00003b51  main                          
000071ef  memccpy                       
00006aa3  memcpy                        
00006ce9  memset                        
200010c1  nextPacketLsb                 
200010c2  nextPacketMsb                 
20001028  period                        
00006231  putcUart0                     
0000624d  putsUart0                     
00005ab3  random32                      
000038f7  readEeprom                    
00006425  readSpi0Data                  
00003a0b  readconfig                    
20001078  reload                        
000059cb  restartTimer                  
000067e5  scalbn                        
000067e5  scalbnl                       
0000521f  selectPinAnalogInput          
000051d1  selectPinDigitalInput         
0000553b  selectPinInterruptBothEdges   
000054eb  selectPinInterruptFallingEdge 
00005591  selectPinInterruptHighLevel   
000055cb  selectPinInterruptLowLevel    
0000549b  selectPinInterruptRisingEdge  
00005183  selectPinOpenDrainOutput      
00005135  selectPinPushPullOutput       
00002ffd  send_ack                      
000031b1  send_fin_ack                  
00002e49  send_syn_ack                  
200010c3  sequenceId                    
00005389  setPinAuxFunction             
0000526f  setPinCommitControl           
0000564d  setPinValue                   
000056a5  setPortValue                  
00006389  setSpi0BaudRate               
000063bf  setSpi0Mode                   
00006205  setUart0BaudRate              
00003acb  set_is_rebind_false           
00003ac3  set_is_rebind_true            
000039f5  set_offer_flag_false          
00003a03  set_offer_flag_true           
00003a43  set_renewal_flag_false        
00003a3b  set_renewal_flag_true         
000008e5  set_to_unicast                
000070ad  sprintf                       
00005859  startOneshotTimer             
000058df  startPeriodicTimer            
00005965  stopTimer                     
00007255  strchr                        
0000723d  strcmp                        
0000726b  strlen                        
200010ac  sum                           
00003a97  t1                            
00003adb  t2                            
00003a51  testip                        
00005a39  tickIsr                       
20001050  ticks                         
0000718f  waitMicrosecond               
0000727f  wcslen                        
000038c5  writeEeprom                   
0000640d  writeSpi0Data                 


GLOBAL SYMBOLS: SORTED BY Symbol Address 

address   name                          
-------   ----                          
00000000  __TI_static_base__            
00000000  g_pfnVectors                  
0000026d  etherCsOn                     
00000283  etherCsOff                    
00000291  etherWriteReg                 
000002c5  etherReadReg                  
000002f7  etherSetReg                   
0000032b  etherClearReg                 
0000035f  etherSetBank                  
0000037b  etherWritePhy                 
000003b3  etherReadPhy                  
0000041f  etherWriteMemStart            
00000431  etherWriteMem                 
00000445  etherWriteMemStop             
0000044d  etherReadMemStart             
0000045f  etherReadMem                  
0000046f  etherReadMemStop              
00000477  etherInit                     
00000641  etherIsLinkUp                 
0000065b  etherIsDataAvailable          
00000675  etherIsOverflow               
000006a5  etherGetPacket                
00000791  etherPutPacket                
00000873  etherSumWords                 
000008e5  set_to_unicast                
000008f9  getEtherChecksum              
00000945  get_g_ip_l_time               
00000977  etherCalcIpChecksum           
000009a9  htons                         
000009d5  etherIsIp                     
00000a3f  etherIsIpUnicast              
00000aa7  etherIsIpBroadcast            
00000b09  etherIsPingRequest            
00000b59  etherIsOffer                  
00000bd5  etherSetOffer                 
00000ca1  etherSendPingResponse         
00000db3  etherIsArpRequest             
00000e6d  etherSendArpResponse          
00000f59  etherSendArpRequest           
00001000  __STACK_SIZE                  
00001075  etherSendGratuitousArpRequest 
0000118d  etherIsUdp                    
0000122d  etherIsAck                    
000012c1  etherSetAck                   
00001571  etherIsTcp                    
0000162d  get_tcp_flag                  
00001665  get_ip_lease_time             
000016a1  etherGetUdpData               
00001701  etherSendUdpResponse          
000018cd  etherSet_g_IP                 
00001961  etherSendDiscoverMessage      
00001ccd  etherSendDeclineMessage       
00002031  etherSendDHCPRelease          
00002391  etherSendDHCPRebind           
000026fd  etherSendDHCPRequest          
00002e13  htonl                         
00002e49  send_syn_ack                  
00002ffd  send_ack                      
000031b1  send_fin_ack                  
00003361  etherGetId                    
0000336d  etherIncId                    
00003377  etherEnableDhcpMode           
0000337f  etherDisableDhcpMode          
00003387  etherIsDhcpEnabled            
0000338d  etherIsIpValid                
000033b3  etherSetIpAddress             
000033eb  etherGetIpAddress             
00003429  etherGet_g_IpAddress          
00003463  etherGetdnsAddress            
0000349d  etherSetIpSubnetMask          
000034d5  etherGetIpSubnetMask          
0000350f  etherSetIpGatewayAddress      
00003547  etherSet_g_DNS                
0000357f  etherGetIpGatewayAddress      
000035b9  etherSetMacAddress            
000035fb  etherGetMacAddress            
00003699  initHw                        
000036cf  displayConnectionInfo         
000038af  initEeprom                    
000038c5  writeEeprom                   
000038f7  readEeprom                    
00003929  getsUart0                     
000039df  discover_flag_check           
000039f5  set_offer_flag_false          
00003a03  set_offer_flag_true           
00003a0b  readconfig                    
00003a3b  set_renewal_flag_true         
00003a43  set_renewal_flag_false        
00003a51  testip                        
00003a97  t1                            
00003ac3  set_is_rebind_true            
00003acb  set_is_rebind_false           
00003adb  t2                            
00003b51  main                          
000045a9  __TI_printfi                  
00004ff7  __aeabi_idiv0                 
00004ff7  __aeabi_ldiv0                 
00004ff9  enablePort                    
000050b5  disablePort                   
00005135  selectPinPushPullOutput       
00005183  selectPinOpenDrainOutput      
000051d1  selectPinDigitalInput         
0000521f  selectPinAnalogInput          
0000526f  setPinCommitControl           
000052eb  enablePinPullup               
00005319  disablePinPullup              
0000533d  enablePinPulldown             
00005361  disablePinPulldown            
00005389  setPinAuxFunction             
0000549b  selectPinInterruptRisingEdge  
000054eb  selectPinInterruptFallingEdge 
0000553b  selectPinInterruptBothEdges   
00005591  selectPinInterruptHighLevel   
000055cb  selectPinInterruptLowLevel    
00005605  enablePinInterrupt            
00005629  disablePinInterrupt           
0000564d  setPinValue                   
00005673  getPinValue                   
000056a5  setPortValue                  
00005729  getPortValue                  
000057b9  initTimer                     
00005859  startOneshotTimer             
000058df  startPeriodicTimer            
00005965  stopTimer                     
000059cb  restartTimer                  
00005a39  tickIsr                       
00005ab3  random32                      
00005ad9  flash                         
00005b11  flash2                        
00005b37  flash3                        
00005b45  flash4                        
00005fb9  __aeabi_dsub                  
00005fc3  __aeabi_dadd                  
00006171  initUart0                     
00006205  setUart0BaudRate              
00006231  putcUart0                     
0000624d  putsUart0                     
00006279  getcUart0                     
0000628d  kbhitUart0                    
000062ed  initSpi0                      
00006389  setSpi0BaudRate               
000063bf  setSpi0Mode                   
0000640d  writeSpi0Data                 
00006425  readSpi0Data                  
00006589  __aeabi_ddiv                  
000067e5  ldexp                         
000067e5  ldexpl                        
000067e5  scalbn                        
000067e5  scalbnl                       
000068f5  __aeabi_dmul                  
00006aa3  __aeabi_memcpy                
00006aa3  __aeabi_memcpy4               
00006aa3  __aeabi_memcpy8               
00006aa3  memcpy                        
00006b3f  __aeabi_uldivmod              
00006bd5  __aeabi_cdcmpeq               
00006bd5  __aeabi_cdcmple               
00006c5b  __aeabi_cdrcmple              
00006ce1  __aeabi_memclr                
00006ce1  __aeabi_memclr4               
00006ce1  __aeabi_memclr8               
00006ce3  __aeabi_memset                
00006ce3  __aeabi_memset4               
00006ce3  __aeabi_memset8               
00006ce9  memset                        
00006dc9  __TI_decompress_lzss          
00006e31  frexp                         
00006e31  frexpl                        
00006eeb  ltoa                          
00006f91  atoi                          
00006fdd  __aeabi_d2iz                  
00007025  __TI_auto_init_nobinit_nopinit
00007069  __aeabi_d2uiz                 
000070ad  sprintf                       
0000712d  _c_int00_noargs               
00007161  __aeabi_i2d                   
0000718f  waitMicrosecond               
000071b3  __aeabi_ui2d                  
000071d3  __TI_zero_init_nomemset       
000071ef  memccpy                       
0000720b  copysign                      
0000720b  copysignl                     
0000723d  strcmp                        
00007255  strchr                        
0000726b  strlen                        
0000727f  wcslen                        
00007291  __TI_decompress_none          
0000729f  ResetISR                      
000072b5  __aeabi_errno_addr            
000072bd  _system_pre_init              
000072c1  C$$EXIT                       
000072c1  abort                         
000072c4  _ctypes_                      
000073e8  __TI_Handler_Table_Base       
000073f4  __TI_Handler_Table_Limit      
00007400  __TI_CINIT_Base               
00007410  __TI_CINIT_Limit              
20000000  __stack                       
20000200  __STACK_TOP                   
20001000  __STACK_END                   
20001000  fn                            
20001028  period                        
20001050  ticks                         
20001078  reload                        
2000108c  g_ether_server                
20001094  ack_ip_lease                  
20001098  g_dns                         
2000109c  g_gateway                     
200010a0  g_siaddr                      
200010a4  g_subnet                      
200010a8  g_yiaddr                      
200010ac  sum                           
200010b0  f_dhcp                        
200010b1  f_discover                    
200010b2  f_offer                       
200010b3  f_request                     
200010b4  f_ack                         
200010b5  f_unicast                     
200010b6  isOffer                       
200010b7  isRenewed                     
200010b8  isRebind                      
200010b9  isack                         
200010ba  isarp                         
200010bb  macAddress                    
200010c1  nextPacketLsb                 
200010c2  nextPacketMsb                 
200010c3  sequenceId                    
200010c4  dhcpEnabled                   
200010c5  isUnicast                     
200010c6  ipAddress                     
200010ca  ipGwAddress                   
200010ce  ipSubnetMask                  
200010d4  errno                         
ffffffff  __TI_pprof_out_hndl           
ffffffff  __TI_prof_data_size           
ffffffff  __TI_prof_data_start          
ffffffff  __binit__                     
ffffffff  __c_args__                    
ffffffff  binit                         
UNDEFED   __mpu_init                    
UNDEFED   _system_post_cinit            

[241 symbols]
