<?xml version="1.0" encoding="ISO-8859-1" ?>
<link_info>
   <banner>TI ARM Linker PC v18.12.2.LTS</banner>
   <copyright>Copyright (c) 1996-2018 Texas Instruments Incorporated</copyright>
   <link_time>0x5e79f0e6</link_time>
   <link_errors>0x0</link_errors>
   <output_file>118_Menon.out</output_file>
   <entry_point>
      <name>_c_int00_noargs</name>
      <address>0x712d</address>
   </entry_point>
   <input_file_list>
      <input_file id="fl-2">
         <path>.\</path>
         <kind>object</kind>
         <file>eth0.obj</file>
         <name>eth0.obj</name>
      </input_file>
      <input_file id="fl-3">
         <path>.\</path>
         <kind>object</kind>
         <file>ethernet.obj</file>
         <name>ethernet.obj</name>
      </input_file>
      <input_file id="fl-4">
         <path>.\</path>
         <kind>object</kind>
         <file>gpio.obj</file>
         <name>gpio.obj</name>
      </input_file>
      <input_file id="fl-5">
         <path>.\</path>
         <kind>object</kind>
         <file>spi0.obj</file>
         <name>spi0.obj</name>
      </input_file>
      <input_file id="fl-6">
         <path>.\</path>
         <kind>object</kind>
         <file>timer.obj</file>
         <name>timer.obj</name>
      </input_file>
      <input_file id="fl-7">
         <path>.\</path>
         <kind>object</kind>
         <file>tm4c123gh6pm_startup_ccs.obj</file>
         <name>tm4c123gh6pm_startup_ccs.obj</name>
      </input_file>
      <input_file id="fl-8">
         <path>.\</path>
         <kind>object</kind>
         <file>uart0.obj</file>
         <name>uart0.obj</name>
      </input_file>
      <input_file id="fl-9">
         <path>.\</path>
         <kind>object</kind>
         <file>wait.obj</file>
         <name>wait.obj</name>
      </input_file>
      <input_file id="fl-d">
         <kind>object</kind>
         <file>&lt;internal&gt;</file>
         <name>&lt;internal&gt;</name>
      </input_file>
      <input_file id="fl-c3">
         <path>C:\ti\ccs910\ccs\tools\compiler\ti-cgt-arm_18.12.2.LTS\lib\</path>
         <kind>archive</kind>
         <file>rtsv7M4_T_le_v4SPD16_eabi.lib</file>
         <name>sprintf.c.obj</name>
      </input_file>
      <input_file id="fl-c4">
         <path>C:\ti\ccs910\ccs\tools\compiler\ti-cgt-arm_18.12.2.LTS\lib\</path>
         <kind>archive</kind>
         <file>rtsv7M4_T_le_v4SPD16_eabi.lib</file>
         <name>memset_t2.asm.obj</name>
      </input_file>
      <input_file id="fl-c5">
         <path>C:\ti\ccs910\ccs\tools\compiler\ti-cgt-arm_18.12.2.LTS\lib\</path>
         <kind>archive</kind>
         <file>rtsv7M4_T_le_v4SPD16_eabi.lib</file>
         <name>fd_mul_t2.asm.obj</name>
      </input_file>
      <input_file id="fl-c6">
         <path>C:\ti\ccs910\ccs\tools\compiler\ti-cgt-arm_18.12.2.LTS\lib\</path>
         <kind>archive</kind>
         <file>rtsv7M4_T_le_v4SPD16_eabi.lib</file>
         <name>fd_tou_t2.asm.obj</name>
      </input_file>
      <input_file id="fl-c7">
         <path>C:\ti\ccs910\ccs\tools\compiler\ti-cgt-arm_18.12.2.LTS\lib\</path>
         <kind>archive</kind>
         <file>rtsv7M4_T_le_v4SPD16_eabi.lib</file>
         <name>memcpy_t2.asm.obj</name>
      </input_file>
      <input_file id="fl-c8">
         <path>C:\ti\ccs910\ccs\tools\compiler\ti-cgt-arm_18.12.2.LTS\lib\</path>
         <kind>archive</kind>
         <file>rtsv7M4_T_le_v4SPD16_eabi.lib</file>
         <name>u_tofd_t2.asm.obj</name>
      </input_file>
      <input_file id="fl-c9">
         <path>C:\ti\ccs910\ccs\tools\compiler\ti-cgt-arm_18.12.2.LTS\lib\</path>
         <kind>archive</kind>
         <file>rtsv7M4_T_le_v4SPD16_eabi.lib</file>
         <name>copy_zero_init.c.obj</name>
      </input_file>
      <input_file id="fl-ca">
         <path>C:\ti\ccs910\ccs\tools\compiler\ti-cgt-arm_18.12.2.LTS\lib\</path>
         <kind>archive</kind>
         <file>rtsv7M4_T_le_v4SPD16_eabi.lib</file>
         <name>copy_decompress_none.c.obj</name>
      </input_file>
      <input_file id="fl-cb">
         <path>C:\ti\ccs910\ccs\tools\compiler\ti-cgt-arm_18.12.2.LTS\lib\</path>
         <kind>archive</kind>
         <file>rtsv7M4_T_le_v4SPD16_eabi.lib</file>
         <name>copy_decompress_lzss.c.obj</name>
      </input_file>
      <input_file id="fl-cc">
         <path>C:\ti\ccs910\ccs\tools\compiler\ti-cgt-arm_18.12.2.LTS\lib\</path>
         <kind>archive</kind>
         <file>rtsv7M4_T_le_v4SPD16_eabi.lib</file>
         <name>atoi.c.obj</name>
      </input_file>
      <input_file id="fl-cd">
         <path>C:\ti\ccs910\ccs\tools\compiler\ti-cgt-arm_18.12.2.LTS\lib\</path>
         <kind>archive</kind>
         <file>rtsv7M4_T_le_v4SPD16_eabi.lib</file>
         <name>ctype.c.obj</name>
      </input_file>
      <input_file id="fl-ce">
         <path>C:\ti\ccs910\ccs\tools\compiler\ti-cgt-arm_18.12.2.LTS\lib\</path>
         <kind>archive</kind>
         <file>rtsv7M4_T_le_v4SPD16_eabi.lib</file>
         <name>strcmp.c.obj</name>
      </input_file>
      <input_file id="fl-cf">
         <path>C:\ti\ccs910\ccs\tools\compiler\ti-cgt-arm_18.12.2.LTS\lib\</path>
         <kind>archive</kind>
         <file>rtsv7M4_T_le_v4SPD16_eabi.lib</file>
         <name>boot_cortex_m.c.obj</name>
      </input_file>
      <input_file id="fl-d0">
         <path>C:\ti\ccs910\ccs\tools\compiler\ti-cgt-arm_18.12.2.LTS\lib\</path>
         <kind>archive</kind>
         <file>rtsv7M4_T_le_v4SPD16_eabi.lib</file>
         <name>_printfi.c.obj</name>
      </input_file>
      <input_file id="fl-d1">
         <path>C:\ti\ccs910\ccs\tools\compiler\ti-cgt-arm_18.12.2.LTS\lib\</path>
         <kind>archive</kind>
         <file>rtsv7M4_T_le_v4SPD16_eabi.lib</file>
         <name>s_frexp.c.obj</name>
      </input_file>
      <input_file id="fl-d2">
         <path>C:\ti\ccs910\ccs\tools\compiler\ti-cgt-arm_18.12.2.LTS\lib\</path>
         <kind>archive</kind>
         <file>rtsv7M4_T_le_v4SPD16_eabi.lib</file>
         <name>s_scalbn.c.obj</name>
      </input_file>
      <input_file id="fl-d3">
         <path>C:\ti\ccs910\ccs\tools\compiler\ti-cgt-arm_18.12.2.LTS\lib\</path>
         <kind>archive</kind>
         <file>rtsv7M4_T_le_v4SPD16_eabi.lib</file>
         <name>ull_div_t2.asm.obj</name>
      </input_file>
      <input_file id="fl-d4">
         <path>C:\ti\ccs910\ccs\tools\compiler\ti-cgt-arm_18.12.2.LTS\lib\</path>
         <kind>archive</kind>
         <file>rtsv7M4_T_le_v4SPD16_eabi.lib</file>
         <name>fd_add_t2.asm.obj</name>
      </input_file>
      <input_file id="fl-d5">
         <path>C:\ti\ccs910\ccs\tools\compiler\ti-cgt-arm_18.12.2.LTS\lib\</path>
         <kind>archive</kind>
         <file>rtsv7M4_T_le_v4SPD16_eabi.lib</file>
         <name>fd_cmp_t2.asm.obj</name>
      </input_file>
      <input_file id="fl-d6">
         <path>C:\ti\ccs910\ccs\tools\compiler\ti-cgt-arm_18.12.2.LTS\lib\</path>
         <kind>archive</kind>
         <file>rtsv7M4_T_le_v4SPD16_eabi.lib</file>
         <name>fd_div_t2.asm.obj</name>
      </input_file>
      <input_file id="fl-d7">
         <path>C:\ti\ccs910\ccs\tools\compiler\ti-cgt-arm_18.12.2.LTS\lib\</path>
         <kind>archive</kind>
         <file>rtsv7M4_T_le_v4SPD16_eabi.lib</file>
         <name>fd_toi_t2.asm.obj</name>
      </input_file>
      <input_file id="fl-d8">
         <path>C:\ti\ccs910\ccs\tools\compiler\ti-cgt-arm_18.12.2.LTS\lib\</path>
         <kind>archive</kind>
         <file>rtsv7M4_T_le_v4SPD16_eabi.lib</file>
         <name>i_tofd_t2.asm.obj</name>
      </input_file>
      <input_file id="fl-d9">
         <path>C:\ti\ccs910\ccs\tools\compiler\ti-cgt-arm_18.12.2.LTS\lib\</path>
         <kind>archive</kind>
         <file>rtsv7M4_T_le_v4SPD16_eabi.lib</file>
         <name>autoinit.c.obj</name>
      </input_file>
      <input_file id="fl-da">
         <path>C:\ti\ccs910\ccs\tools\compiler\ti-cgt-arm_18.12.2.LTS\lib\</path>
         <kind>archive</kind>
         <file>rtsv7M4_T_le_v4SPD16_eabi.lib</file>
         <name>pre_init.c.obj</name>
      </input_file>
      <input_file id="fl-db">
         <path>C:\ti\ccs910\ccs\tools\compiler\ti-cgt-arm_18.12.2.LTS\lib\</path>
         <kind>archive</kind>
         <file>rtsv7M4_T_le_v4SPD16_eabi.lib</file>
         <name>cpy_tbl.c.obj</name>
      </input_file>
      <input_file id="fl-dc">
         <path>C:\ti\ccs910\ccs\tools\compiler\ti-cgt-arm_18.12.2.LTS\lib\</path>
         <kind>archive</kind>
         <file>rtsv7M4_T_le_v4SPD16_eabi.lib</file>
         <name>exit.c.obj</name>
      </input_file>
      <input_file id="fl-dd">
         <path>C:\ti\ccs910\ccs\tools\compiler\ti-cgt-arm_18.12.2.LTS\lib\</path>
         <kind>archive</kind>
         <file>rtsv7M4_T_le_v4SPD16_eabi.lib</file>
         <name>_lock.c.obj</name>
      </input_file>
      <input_file id="fl-de">
         <path>C:\ti\ccs910\ccs\tools\compiler\ti-cgt-arm_18.12.2.LTS\lib\</path>
         <kind>archive</kind>
         <file>rtsv7M4_T_le_v4SPD16_eabi.lib</file>
         <name>args_main.c.obj</name>
      </input_file>
      <input_file id="fl-df">
         <path>C:\ti\ccs910\ccs\tools\compiler\ti-cgt-arm_18.12.2.LTS\lib\</path>
         <kind>archive</kind>
         <file>rtsv7M4_T_le_v4SPD16_eabi.lib</file>
         <name>ltoa.c.obj</name>
      </input_file>
      <input_file id="fl-e0">
         <path>C:\ti\ccs910\ccs\tools\compiler\ti-cgt-arm_18.12.2.LTS\lib\</path>
         <kind>archive</kind>
         <file>rtsv7M4_T_le_v4SPD16_eabi.lib</file>
         <name>memccpy.c.obj</name>
      </input_file>
      <input_file id="fl-e1">
         <path>C:\ti\ccs910\ccs\tools\compiler\ti-cgt-arm_18.12.2.LTS\lib\</path>
         <kind>archive</kind>
         <file>rtsv7M4_T_le_v4SPD16_eabi.lib</file>
         <name>strchr.c.obj</name>
      </input_file>
      <input_file id="fl-e2">
         <path>C:\ti\ccs910\ccs\tools\compiler\ti-cgt-arm_18.12.2.LTS\lib\</path>
         <kind>archive</kind>
         <file>rtsv7M4_T_le_v4SPD16_eabi.lib</file>
         <name>strlen.c.obj</name>
      </input_file>
      <input_file id="fl-e3">
         <path>C:\ti\ccs910\ccs\tools\compiler\ti-cgt-arm_18.12.2.LTS\lib\</path>
         <kind>archive</kind>
         <file>rtsv7M4_T_le_v4SPD16_eabi.lib</file>
         <name>errno.c.obj</name>
      </input_file>
      <input_file id="fl-e4">
         <path>C:\ti\ccs910\ccs\tools\compiler\ti-cgt-arm_18.12.2.LTS\lib\</path>
         <kind>archive</kind>
         <file>rtsv7M4_T_le_v4SPD16_eabi.lib</file>
         <name>wcslen.c.obj</name>
      </input_file>
      <input_file id="fl-e5">
         <path>C:\ti\ccs910\ccs\tools\compiler\ti-cgt-arm_18.12.2.LTS\lib\</path>
         <kind>archive</kind>
         <file>rtsv7M4_T_le_v4SPD16_eabi.lib</file>
         <name>s_copysign.c.obj</name>
      </input_file>
      <input_file id="fl-e6">
         <path>C:\ti\ccs910\ccs\tools\compiler\ti-cgt-arm_18.12.2.LTS\lib\</path>
         <kind>archive</kind>
         <file>rtsv7M4_T_le_v4SPD16_eabi.lib</file>
         <name>div0.asm.obj</name>
      </input_file>
   </input_file_list>
   <object_component_list>
      <object_component id="oc-f">
         <name>.intvecs</name>
         <load_address>0x0</load_address>
         <run_address>0x0</run_address>
         <size>0x26c</size>
         <input_file_ref idref="fl-7"/>
      </object_component>
      <object_component id="oc-e7">
         <name>.text</name>
         <load_address>0x26c</load_address>
         <run_address>0x26c</run_address>
         <size>0x342c</size>
         <input_file_ref idref="fl-2"/>
      </object_component>
      <object_component id="oc-b5">
         <name>.text</name>
         <load_address>0x3698</load_address>
         <run_address>0x3698</run_address>
         <size>0xf10</size>
         <input_file_ref idref="fl-3"/>
      </object_component>
      <object_component id="oc-18c">
         <name>.text:__TI_printfi</name>
         <load_address>0x45a8</load_address>
         <run_address>0x45a8</run_address>
         <size>0xa4e</size>
         <input_file_ref idref="fl-d0"/>
      </object_component>
      <object_component id="oc-2dc">
         <name>.text</name>
         <load_address>0x4ff6</load_address>
         <run_address>0x4ff6</run_address>
         <size>0x2</size>
         <input_file_ref idref="fl-e6"/>
      </object_component>
      <object_component id="oc-71">
         <name>.text</name>
         <load_address>0x4ff8</load_address>
         <run_address>0x4ff8</run_address>
         <size>0x7c0</size>
         <input_file_ref idref="fl-4"/>
      </object_component>
      <object_component id="oc-2a">
         <name>.text</name>
         <load_address>0x57b8</load_address>
         <run_address>0x57b8</run_address>
         <size>0x3c0</size>
         <input_file_ref idref="fl-6"/>
      </object_component>
      <object_component id="oc-204">
         <name>.text:_pconv_a</name>
         <load_address>0x5b78</load_address>
         <run_address>0x5b78</run_address>
         <size>0x270</size>
         <input_file_ref idref="fl-d0"/>
      </object_component>
      <object_component id="oc-1f2">
         <name>.text:_pconv_g</name>
         <load_address>0x5de8</load_address>
         <run_address>0x5de8</run_address>
         <size>0x1d0</size>
         <input_file_ref idref="fl-d0"/>
      </object_component>
      <object_component id="oc-277">
         <name>.text</name>
         <load_address>0x5fb8</load_address>
         <run_address>0x5fb8</run_address>
         <size>0x1b6</size>
         <input_file_ref idref="fl-d4"/>
      </object_component>
      <object_component id="oc-ed">
         <name>.text</name>
         <load_address>0x6170</load_address>
         <run_address>0x6170</run_address>
         <size>0x17c</size>
         <input_file_ref idref="fl-8"/>
      </object_component>
      <object_component id="oc-16b">
         <name>.text</name>
         <load_address>0x62ec</load_address>
         <run_address>0x62ec</run_address>
         <size>0x160</size>
         <input_file_ref idref="fl-5"/>
      </object_component>
      <object_component id="oc-1fe">
         <name>.text:_pconv_e</name>
         <load_address>0x644c</load_address>
         <run_address>0x644c</run_address>
         <size>0x13c</size>
         <input_file_ref idref="fl-d0"/>
      </object_component>
      <object_component id="oc-25d">
         <name>.text</name>
         <load_address>0x6588</load_address>
         <run_address>0x6588</run_address>
         <size>0x136</size>
         <input_file_ref idref="fl-d6"/>
      </object_component>
      <object_component id="oc-289">
         <name>.text:fcvt</name>
         <load_address>0x66c0</load_address>
         <run_address>0x66c0</run_address>
         <size>0x124</size>
         <input_file_ref idref="fl-d0"/>
      </object_component>
      <object_component id="oc-29d">
         <name>.text:scalbn</name>
         <load_address>0x67e4</load_address>
         <run_address>0x67e4</run_address>
         <size>0x110</size>
         <input_file_ref idref="fl-d2"/>
      </object_component>
      <object_component id="oc-113">
         <name>.text</name>
         <load_address>0x68f4</load_address>
         <run_address>0x68f4</run_address>
         <size>0xfc</size>
         <input_file_ref idref="fl-c5"/>
      </object_component>
      <object_component id="oc-1e7">
         <name>.text:_ltostr</name>
         <load_address>0x69f0</load_address>
         <run_address>0x69f0</run_address>
         <size>0xb1</size>
         <input_file_ref idref="fl-d0"/>
      </object_component>
      <object_component id="oc-3e">
         <name>.text</name>
         <load_address>0x6aa2</load_address>
         <run_address>0x6aa2</run_address>
         <size>0x9c</size>
         <input_file_ref idref="fl-c7"/>
      </object_component>
      <object_component id="oc-256">
         <name>.text</name>
         <load_address>0x6b3e</load_address>
         <run_address>0x6b3e</run_address>
         <size>0x96</size>
         <input_file_ref idref="fl-d3"/>
      </object_component>
      <object_component id="oc-1ed">
         <name>.text:__aeabi_cdcmple</name>
         <load_address>0x6bd4</load_address>
         <run_address>0x6bd4</run_address>
         <size>0x86</size>
         <input_file_ref idref="fl-d5"/>
      </object_component>
      <object_component id="oc-262">
         <name>.text:__aeabi_cdrcmple</name>
         <load_address>0x6c5a</load_address>
         <run_address>0x6c5a</run_address>
         <size>0x86</size>
         <input_file_ref idref="fl-d5"/>
      </object_component>
      <object_component id="oc-a9">
         <name>.text</name>
         <load_address>0x6ce0</load_address>
         <run_address>0x6ce0</run_address>
         <size>0x7a</size>
         <input_file_ref idref="fl-c4"/>
      </object_component>
      <object_component id="oc-282">
         <name>.text:_mcpy</name>
         <load_address>0x6d5a</load_address>
         <run_address>0x6d5a</run_address>
         <size>0x6e</size>
         <input_file_ref idref="fl-d0"/>
      </object_component>
      <object_component id="oc-12">
         <name>.text:decompress:lzss:__TI_decompress_lzss</name>
         <load_address>0x6dc8</load_address>
         <run_address>0x6dc8</run_address>
         <size>0x68</size>
         <input_file_ref idref="fl-cb"/>
      </object_component>
      <object_component id="oc-297">
         <name>.text:frexp</name>
         <load_address>0x6e30</load_address>
         <run_address>0x6e30</run_address>
         <size>0x64</size>
         <input_file_ref idref="fl-d1"/>
      </object_component>
      <object_component id="oc-1f8">
         <name>.text:_pconv_f</name>
         <load_address>0x6e94</load_address>
         <run_address>0x6e94</run_address>
         <size>0x56</size>
         <input_file_ref idref="fl-d0"/>
      </object_component>
      <object_component id="oc-26c">
         <name>.text:ltoa</name>
         <load_address>0x6eea</load_address>
         <run_address>0x6eea</run_address>
         <size>0x54</size>
         <input_file_ref idref="fl-df"/>
      </object_component>
      <object_component id="oc-27c">
         <name>.text:_ecpy</name>
         <load_address>0x6f3e</load_address>
         <run_address>0x6f3e</run_address>
         <size>0x52</size>
         <input_file_ref idref="fl-d0"/>
      </object_component>
      <object_component id="oc-108">
         <name>.text:atoi</name>
         <load_address>0x6f90</load_address>
         <run_address>0x6f90</run_address>
         <size>0x4c</size>
         <input_file_ref idref="fl-cc"/>
      </object_component>
      <object_component id="oc-267">
         <name>.text</name>
         <load_address>0x6fdc</load_address>
         <run_address>0x6fdc</run_address>
         <size>0x48</size>
         <input_file_ref idref="fl-d7"/>
      </object_component>
      <object_component id="oc-12b">
         <name>.text:__TI_auto_init_nobinit_nopinit:__TI_auto_init_nobinit_nopinit</name>
         <load_address>0x7024</load_address>
         <run_address>0x7024</run_address>
         <size>0x44</size>
         <input_file_ref idref="fl-d9"/>
      </object_component>
      <object_component id="oc-118">
         <name>.text</name>
         <load_address>0x7068</load_address>
         <run_address>0x7068</run_address>
         <size>0x44</size>
         <input_file_ref idref="fl-c6"/>
      </object_component>
      <object_component id="oc-f3">
         <name>.text:sprintf</name>
         <load_address>0x70ac</load_address>
         <run_address>0x70ac</run_address>
         <size>0x40</size>
         <input_file_ref idref="fl-c3"/>
      </object_component>
      <object_component id="oc-28f">
         <name>.text:_fcpy</name>
         <load_address>0x70ec</load_address>
         <run_address>0x70ec</run_address>
         <size>0x3e</size>
         <input_file_ref idref="fl-d0"/>
      </object_component>
      <object_component id="oc-5c">
         <name>.text:_c_int00_noargs:_c_int00_noargs</name>
         <load_address>0x712c</load_address>
         <run_address>0x712c</run_address>
         <size>0x34</size>
         <input_file_ref idref="fl-cf"/>
      </object_component>
      <object_component id="oc-272">
         <name>.text</name>
         <load_address>0x7160</load_address>
         <run_address>0x7160</run_address>
         <size>0x2e</size>
         <input_file_ref idref="fl-d8"/>
      </object_component>
      <object_component id="oc-fc">
         <name>.text</name>
         <load_address>0x718e</load_address>
         <run_address>0x718e</run_address>
         <size>0x24</size>
         <input_file_ref idref="fl-9"/>
      </object_component>
      <object_component id="oc-10e">
         <name>.text</name>
         <load_address>0x71b2</load_address>
         <run_address>0x71b2</run_address>
         <size>0x20</size>
         <input_file_ref idref="fl-c8"/>
      </object_component>
      <object_component id="oc-4a">
         <name>.text:decompress:ZI:__TI_zero_init_nomemset:__TI_zero_init_nomemset</name>
         <load_address>0x71d2</load_address>
         <run_address>0x71d2</run_address>
         <size>0x1c</size>
         <input_file_ref idref="fl-c9"/>
      </object_component>
      <object_component id="oc-20a">
         <name>.text:memccpy</name>
         <load_address>0x71ee</load_address>
         <run_address>0x71ee</run_address>
         <size>0x1c</size>
         <input_file_ref idref="fl-e0"/>
      </object_component>
      <object_component id="oc-2f4">
         <name>.text:copysign</name>
         <load_address>0x720a</load_address>
         <run_address>0x720a</run_address>
         <size>0x1a</size>
         <input_file_ref idref="fl-e5"/>
      </object_component>
      <object_component id="oc-192">
         <name>.text:_outs</name>
         <load_address>0x7224</load_address>
         <run_address>0x7224</run_address>
         <size>0x18</size>
         <input_file_ref idref="fl-c3"/>
      </object_component>
      <object_component id="oc-102">
         <name>.text:strcmp</name>
         <load_address>0x723c</load_address>
         <run_address>0x723c</run_address>
         <size>0x18</size>
         <input_file_ref idref="fl-ce"/>
      </object_component>
      <object_component id="oc-2a3">
         <name>.text:strchr</name>
         <load_address>0x7254</load_address>
         <run_address>0x7254</run_address>
         <size>0x16</size>
         <input_file_ref idref="fl-e1"/>
      </object_component>
      <object_component id="oc-1e1">
         <name>.text:strlen</name>
         <load_address>0x726a</load_address>
         <run_address>0x726a</run_address>
         <size>0x14</size>
         <input_file_ref idref="fl-e2"/>
      </object_component>
      <object_component id="oc-210">
         <name>.text:wcslen</name>
         <load_address>0x727e</load_address>
         <run_address>0x727e</run_address>
         <size>0x12</size>
         <input_file_ref idref="fl-e4"/>
      </object_component>
      <object_component id="oc-18">
         <name>.text:decompress:none:__TI_decompress_none</name>
         <load_address>0x7290</load_address>
         <run_address>0x7290</run_address>
         <size>0xe</size>
         <input_file_ref idref="fl-ca"/>
      </object_component>
      <object_component id="oc-24">
         <name>.text</name>
         <load_address>0x729e</load_address>
         <run_address>0x729e</run_address>
         <size>0xc</size>
         <input_file_ref idref="fl-7"/>
      </object_component>
      <object_component id="oc-198">
         <name>.text:_outc</name>
         <load_address>0x72aa</load_address>
         <run_address>0x72aa</run_address>
         <size>0xa</size>
         <input_file_ref idref="fl-c3"/>
      </object_component>
      <object_component id="oc-216">
         <name>.text:__aeabi_errno_addr</name>
         <load_address>0x72b4</load_address>
         <run_address>0x72b4</run_address>
         <size>0x8</size>
         <input_file_ref idref="fl-e3"/>
      </object_component>
      <object_component id="oc-af">
         <name>.text:_system_pre_init</name>
         <load_address>0x72bc</load_address>
         <run_address>0x72bc</run_address>
         <size>0x4</size>
         <input_file_ref idref="fl-da"/>
      </object_component>
      <object_component id="oc-11f">
         <name>.text:abort:abort</name>
         <load_address>0x72c0</load_address>
         <run_address>0x72c0</run_address>
         <size>0x4</size>
         <input_file_ref idref="fl-dc"/>
      </object_component>
      <object_component id="oc-1aa">
         <name>.const:.string:_ctypes_</name>
         <load_address>0x72c4</load_address>
         <run_address>0x72c4</run_address>
         <size>0x101</size>
         <input_file_ref idref="fl-cd"/>
      </object_component>
      <object_component id="oc-348">
         <name>.cinit..data.load</name>
         <load_address>0x73c8</load_address>
         <run_address>0x73c8</run_address>
         <size>0x1f</size>
      </object_component>
      <object_component id="oc-346">
         <name>__TI_handler_table</name>
         <load_address>0x73e8</load_address>
         <run_address>0x73e8</run_address>
         <size>0xc</size>
      </object_component>
      <object_component id="oc-349">
         <name>.cinit..bss.load</name>
         <load_address>0x73f8</load_address>
         <run_address>0x73f8</run_address>
         <size>0x8</size>
      </object_component>
      <object_component id="oc-347">
         <name>__TI_cinit_table</name>
         <load_address>0x7400</load_address>
         <run_address>0x7400</run_address>
         <size>0x10</size>
      </object_component>
      <object_component id="oc-174">
         <name>.data</name>
         <load_address>0x200010c1</load_address>
         <run_address>0x200010c1</run_address>
         <size>0x5</size>
         <input_file_ref idref="fl-2"/>
      </object_component>
      <object_component id="oc-171">
         <name>.data:macAddress</name>
         <load_address>0x200010bb</load_address>
         <run_address>0x200010bb</run_address>
         <size>0x6</size>
         <input_file_ref idref="fl-2"/>
      </object_component>
      <object_component id="oc-17a">
         <name>.data:ipAddress</name>
         <load_address>0x200010c6</load_address>
         <run_address>0x200010c6</run_address>
         <size>0x4</size>
         <input_file_ref idref="fl-2"/>
      </object_component>
      <object_component id="oc-183">
         <name>.data:ipSubnetMask</name>
         <load_address>0x200010ce</load_address>
         <run_address>0x200010ce</run_address>
         <size>0x4</size>
         <input_file_ref idref="fl-2"/>
      </object_component>
      <object_component id="oc-186">
         <name>.data:ipGwAddress</name>
         <load_address>0x200010ca</load_address>
         <run_address>0x200010ca</run_address>
         <size>0x4</size>
         <input_file_ref idref="fl-2"/>
      </object_component>
      <object_component id="oc-f9">
         <name>.data</name>
         <load_address>0x200010b0</load_address>
         <run_address>0x200010b0</run_address>
         <size>0xb</size>
         <input_file_ref idref="fl-3"/>
      </object_component>
      <object_component id="oc-2b3">
         <name>.data</name>
         <load_address>0x200010d4</load_address>
         <run_address>0x200010d4</run_address>
         <size>0x4</size>
         <input_file_ref idref="fl-e3"/>
      </object_component>
      <object_component id="oc-178">
         <name>.bss:ip_l_time$1</name>
         <uninitialized>true</uninitialized>
         <run_address>0x20001084</run_address>
         <size>0x8</size>
         <input_file_ref idref="fl-2"/>
      </object_component>
      <object_component id="oc-177">
         <name>.common:sum</name>
         <uninitialized>true</uninitialized>
         <run_address>0x200010ac</run_address>
         <size>0x4</size>
      </object_component>
      <object_component id="oc-17d">
         <name>.common:g_yiaddr</name>
         <uninitialized>true</uninitialized>
         <run_address>0x200010a8</run_address>
         <size>0x4</size>
      </object_component>
      <object_component id="oc-17e">
         <name>.common:g_siaddr</name>
         <uninitialized>true</uninitialized>
         <run_address>0x200010a0</run_address>
         <size>0x4</size>
      </object_component>
      <object_component id="oc-180">
         <name>.common:g_subnet</name>
         <uninitialized>true</uninitialized>
         <run_address>0x200010a4</run_address>
         <size>0x4</size>
      </object_component>
      <object_component id="oc-181">
         <name>.common:g_gateway</name>
         <uninitialized>true</uninitialized>
         <run_address>0x2000109c</run_address>
         <size>0x4</size>
      </object_component>
      <object_component id="oc-182">
         <name>.common:g_dns</name>
         <uninitialized>true</uninitialized>
         <run_address>0x20001098</run_address>
         <size>0x4</size>
      </object_component>
      <object_component id="oc-17f">
         <name>.common:g_ether_server</name>
         <uninitialized>true</uninitialized>
         <run_address>0x2000108c</run_address>
         <size>0x8</size>
      </object_component>
      <object_component id="oc-179">
         <name>.common:ack_ip_lease</name>
         <uninitialized>true</uninitialized>
         <run_address>0x20001094</run_address>
         <size>0x4</size>
      </object_component>
      <object_component id="oc-7b">
         <name>.common:fn</name>
         <uninitialized>true</uninitialized>
         <run_address>0x20001000</run_address>
         <size>0x28</size>
      </object_component>
      <object_component id="oc-77">
         <name>.common:period</name>
         <uninitialized>true</uninitialized>
         <run_address>0x20001028</run_address>
         <size>0x28</size>
      </object_component>
      <object_component id="oc-7a">
         <name>.common:ticks</name>
         <uninitialized>true</uninitialized>
         <run_address>0x20001050</run_address>
         <size>0x28</size>
      </object_component>
      <object_component id="oc-7c">
         <name>.common:reload</name>
         <uninitialized>true</uninitialized>
         <run_address>0x20001078</run_address>
         <size>0xc</size>
      </object_component>
      <object_component id="oc-21">
         <name>.stack</name>
         <uninitialized>true</uninitialized>
         <run_address>0x20000000</run_address>
         <size>0x4</size>
         <input_file_ref idref="fl-cf"/>
      </object_component>
      <object_component id="oc-34a">
         <name>.stack</name>
         <uninitialized>true</uninitialized>
         <run_address>0x20000000</run_address>
         <size>0x0</size>
      </object_component>
      <object_component id="oc-d5">
         <name>.debug_info</name>
         <load_address>0x0</load_address>
         <run_address>0x0</run_address>
         <size>0x65e</size>
         <input_file_ref idref="fl-2"/>
      </object_component>
      <object_component id="oc-175">
         <name>.debug_info</name>
         <load_address>0x65e</load_address>
         <run_address>0x65e</run_address>
         <size>0x177</size>
         <input_file_ref idref="fl-2"/>
      </object_component>
      <object_component id="oc-172">
         <name>.debug_info</name>
         <load_address>0x7d5</load_address>
         <run_address>0x7d5</run_address>
         <size>0xd7</size>
         <input_file_ref idref="fl-2"/>
      </object_component>
      <object_component id="oc-17b">
         <name>.debug_info</name>
         <load_address>0x8ac</load_address>
         <run_address>0x8ac</run_address>
         <size>0xd5</size>
         <input_file_ref idref="fl-2"/>
      </object_component>
      <object_component id="oc-184">
         <name>.debug_info</name>
         <load_address>0x981</load_address>
         <run_address>0x981</run_address>
         <size>0xdb</size>
         <input_file_ref idref="fl-2"/>
      </object_component>
      <object_component id="oc-187">
         <name>.debug_info</name>
         <load_address>0xa5c</load_address>
         <run_address>0xa5c</run_address>
         <size>0xd9</size>
         <input_file_ref idref="fl-2"/>
      </object_component>
      <object_component id="oc-e9">
         <name>.debug_info</name>
         <load_address>0xb35</load_address>
         <run_address>0xb35</run_address>
         <size>0x481b</size>
         <input_file_ref idref="fl-2"/>
      </object_component>
      <object_component id="oc-8f">
         <name>.debug_info</name>
         <load_address>0x5350</load_address>
         <run_address>0x5350</run_address>
         <size>0x26b</size>
         <input_file_ref idref="fl-2"/>
      </object_component>
      <object_component id="oc-c8">
         <name>.debug_info</name>
         <load_address>0x55bb</load_address>
         <run_address>0x55bb</run_address>
         <size>0x88</size>
         <input_file_ref idref="fl-2"/>
      </object_component>
      <object_component id="oc-83">
         <name>.debug_info</name>
         <load_address>0x5643</load_address>
         <run_address>0x5643</run_address>
         <size>0x8b</size>
         <input_file_ref idref="fl-2"/>
      </object_component>
      <object_component id="oc-88">
         <name>.debug_info</name>
         <load_address>0x56ce</load_address>
         <run_address>0x56ce</run_address>
         <size>0x2c</size>
         <input_file_ref idref="fl-2"/>
      </object_component>
      <object_component id="oc-d0">
         <name>.debug_info</name>
         <load_address>0x56fa</load_address>
         <run_address>0x56fa</run_address>
         <size>0x297</size>
         <input_file_ref idref="fl-2"/>
      </object_component>
      <object_component id="oc-7e">
         <name>.debug_info</name>
         <load_address>0x5991</load_address>
         <run_address>0x5991</run_address>
         <size>0xbb</size>
         <input_file_ref idref="fl-2"/>
      </object_component>
      <object_component id="oc-166">
         <name>.debug_info</name>
         <load_address>0x5a4c</load_address>
         <run_address>0x5a4c</run_address>
         <size>0xcc</size>
         <input_file_ref idref="fl-2"/>
      </object_component>
      <object_component id="oc-1a0">
         <name>.debug_info</name>
         <load_address>0x5b18</load_address>
         <run_address>0x5b18</run_address>
         <size>0x2c</size>
         <input_file_ref idref="fl-2"/>
      </object_component>
      <object_component id="oc-161">
         <name>.debug_info</name>
         <load_address>0x5b44</load_address>
         <run_address>0x5b44</run_address>
         <size>0x73a</size>
         <input_file_ref idref="fl-2"/>
      </object_component>
      <object_component id="oc-11e">
         <name>.debug_info</name>
         <load_address>0x627e</load_address>
         <run_address>0x627e</run_address>
         <size>0xf8c</size>
         <input_file_ref idref="fl-3"/>
      </object_component>
      <object_component id="oc-fa">
         <name>.debug_info</name>
         <load_address>0x720a</load_address>
         <run_address>0x720a</run_address>
         <size>0x211</size>
         <input_file_ref idref="fl-3"/>
      </object_component>
      <object_component id="oc-b6">
         <name>.debug_info</name>
         <load_address>0x741b</load_address>
         <run_address>0x741b</run_address>
         <size>0x21c3</size>
         <input_file_ref idref="fl-3"/>
      </object_component>
      <object_component id="oc-cd">
         <name>.debug_info</name>
         <load_address>0x95de</load_address>
         <run_address>0x95de</run_address>
         <size>0x264</size>
         <input_file_ref idref="fl-4"/>
      </object_component>
      <object_component id="oc-74">
         <name>.debug_info</name>
         <load_address>0x9842</load_address>
         <run_address>0x9842</run_address>
         <size>0xfa1</size>
         <input_file_ref idref="fl-4"/>
      </object_component>
      <object_component id="oc-16d">
         <name>.debug_info</name>
         <load_address>0xa7e3</load_address>
         <run_address>0xa7e3</run_address>
         <size>0x456</size>
         <input_file_ref idref="fl-5"/>
      </object_component>
      <object_component id="oc-39">
         <name>.debug_info</name>
         <load_address>0xac39</load_address>
         <run_address>0xac39</run_address>
         <size>0x84</size>
         <input_file_ref idref="fl-5"/>
      </object_component>
      <object_component id="oc-78">
         <name>.debug_info</name>
         <load_address>0xacbd</load_address>
         <run_address>0xacbd</run_address>
         <size>0x38c</size>
         <input_file_ref idref="fl-6"/>
      </object_component>
      <object_component id="oc-2d">
         <name>.debug_info</name>
         <load_address>0xb049</load_address>
         <run_address>0xb049</run_address>
         <size>0x64b</size>
         <input_file_ref idref="fl-6"/>
      </object_component>
      <object_component id="oc-32">
         <name>.debug_info</name>
         <load_address>0xb694</load_address>
         <run_address>0xb694</run_address>
         <size>0x2c6</size>
         <input_file_ref idref="fl-7"/>
      </object_component>
      <object_component id="oc-10">
         <name>.debug_info</name>
         <load_address>0xb95a</load_address>
         <run_address>0xb95a</run_address>
         <size>0xef</size>
         <input_file_ref idref="fl-7"/>
      </object_component>
      <object_component id="oc-28">
         <name>.debug_info</name>
         <load_address>0xba49</load_address>
         <run_address>0xba49</run_address>
         <size>0x26b</size>
         <input_file_ref idref="fl-7"/>
      </object_component>
      <object_component id="oc-18b">
         <name>.debug_info</name>
         <load_address>0xbcb4</load_address>
         <run_address>0xbcb4</run_address>
         <size>0x265</size>
         <input_file_ref idref="fl-8"/>
      </object_component>
      <object_component id="oc-ef">
         <name>.debug_info</name>
         <load_address>0xbf19</load_address>
         <run_address>0xbf19</run_address>
         <size>0x34d</size>
         <input_file_ref idref="fl-8"/>
      </object_component>
      <object_component id="oc-100">
         <name>.debug_info</name>
         <load_address>0xc266</load_address>
         <run_address>0xc266</run_address>
         <size>0x126</size>
         <input_file_ref idref="fl-9"/>
      </object_component>
      <object_component id="oc-19f">
         <name>.debug_info</name>
         <load_address>0xc38c</load_address>
         <run_address>0xc38c</run_address>
         <size>0x334</size>
         <input_file_ref idref="fl-c3"/>
      </object_component>
      <object_component id="oc-f5">
         <name>.debug_info</name>
         <load_address>0xc6c0</load_address>
         <run_address>0xc6c0</run_address>
         <size>0x1d2</size>
         <input_file_ref idref="fl-c3"/>
      </object_component>
      <object_component id="oc-195">
         <name>.debug_info</name>
         <load_address>0xc892</load_address>
         <run_address>0xc892</run_address>
         <size>0x18e</size>
         <input_file_ref idref="fl-c3"/>
      </object_component>
      <object_component id="oc-19c">
         <name>.debug_info</name>
         <load_address>0xca20</load_address>
         <run_address>0xca20</run_address>
         <size>0x16e</size>
         <input_file_ref idref="fl-c3"/>
      </object_component>
      <object_component id="oc-2ba">
         <name>.debug_info</name>
         <load_address>0xcb8e</load_address>
         <run_address>0xcb8e</run_address>
         <size>0x2c</size>
         <input_file_ref idref="fl-c3"/>
      </object_component>
      <object_component id="oc-ac">
         <name>.debug_info</name>
         <load_address>0xcbba</load_address>
         <run_address>0xcbba</run_address>
         <size>0x148</size>
         <input_file_ref idref="fl-c4"/>
      </object_component>
      <object_component id="oc-114">
         <name>.debug_info</name>
         <load_address>0xcd02</load_address>
         <run_address>0xcd02</run_address>
         <size>0x13b</size>
         <input_file_ref idref="fl-c5"/>
      </object_component>
      <object_component id="oc-119">
         <name>.debug_info</name>
         <load_address>0xce3d</load_address>
         <run_address>0xce3d</run_address>
         <size>0x13a</size>
         <input_file_ref idref="fl-c6"/>
      </object_component>
      <object_component id="oc-41">
         <name>.debug_info</name>
         <load_address>0xcf77</load_address>
         <run_address>0xcf77</run_address>
         <size>0x11a</size>
         <input_file_ref idref="fl-c7"/>
      </object_component>
      <object_component id="oc-10f">
         <name>.debug_info</name>
         <load_address>0xd091</load_address>
         <run_address>0xd091</run_address>
         <size>0x12f</size>
         <input_file_ref idref="fl-c8"/>
      </object_component>
      <object_component id="oc-a8">
         <name>.debug_info</name>
         <load_address>0xd1c0</load_address>
         <run_address>0xd1c0</run_address>
         <size>0x2d5</size>
         <input_file_ref idref="fl-c9"/>
      </object_component>
      <object_component id="oc-4c">
         <name>.debug_info</name>
         <load_address>0xd495</load_address>
         <run_address>0xd495</run_address>
         <size>0x1d3</size>
         <input_file_ref idref="fl-c9"/>
      </object_component>
      <object_component id="oc-a3">
         <name>.debug_info</name>
         <load_address>0xd668</load_address>
         <run_address>0xd668</run_address>
         <size>0x46</size>
         <input_file_ref idref="fl-c9"/>
      </object_component>
      <object_component id="oc-de">
         <name>.debug_info</name>
         <load_address>0xd6ae</load_address>
         <run_address>0xd6ae</run_address>
         <size>0x2c</size>
         <input_file_ref idref="fl-c9"/>
      </object_component>
      <object_component id="oc-49">
         <name>.debug_info</name>
         <load_address>0xd6da</load_address>
         <run_address>0xd6da</run_address>
         <size>0x2a9</size>
         <input_file_ref idref="fl-ca"/>
      </object_component>
      <object_component id="oc-1c">
         <name>.debug_info</name>
         <load_address>0xd983</load_address>
         <run_address>0xd983</run_address>
         <size>0x1eb</size>
         <input_file_ref idref="fl-ca"/>
      </object_component>
      <object_component id="oc-44">
         <name>.debug_info</name>
         <load_address>0xdb6e</load_address>
         <run_address>0xdb6e</run_address>
         <size>0x46</size>
         <input_file_ref idref="fl-ca"/>
      </object_component>
      <object_component id="oc-9b">
         <name>.debug_info</name>
         <load_address>0xdbb4</load_address>
         <run_address>0xdbb4</run_address>
         <size>0x2c</size>
         <input_file_ref idref="fl-ca"/>
      </object_component>
      <object_component id="oc-99">
         <name>.debug_info</name>
         <load_address>0xdbe0</load_address>
         <run_address>0xdbe0</run_address>
         <size>0x29f</size>
         <input_file_ref idref="fl-cb"/>
      </object_component>
      <object_component id="oc-16">
         <name>.debug_info</name>
         <load_address>0xde7f</load_address>
         <run_address>0xde7f</run_address>
         <size>0x251</size>
         <input_file_ref idref="fl-cb"/>
      </object_component>
      <object_component id="oc-34">
         <name>.debug_info</name>
         <load_address>0xe0d0</load_address>
         <run_address>0xe0d0</run_address>
         <size>0x60</size>
         <input_file_ref idref="fl-cb"/>
      </object_component>
      <object_component id="oc-d7">
         <name>.debug_info</name>
         <load_address>0xe130</load_address>
         <run_address>0xe130</run_address>
         <size>0x46</size>
         <input_file_ref idref="fl-cb"/>
      </object_component>
      <object_component id="oc-94">
         <name>.debug_info</name>
         <load_address>0xe176</load_address>
         <run_address>0xe176</run_address>
         <size>0x39</size>
         <input_file_ref idref="fl-cb"/>
      </object_component>
      <object_component id="oc-1ae">
         <name>.debug_info</name>
         <load_address>0xe1af</load_address>
         <run_address>0xe1af</run_address>
         <size>0x2ba</size>
         <input_file_ref idref="fl-cc"/>
      </object_component>
      <object_component id="oc-109">
         <name>.debug_info</name>
         <load_address>0xe469</load_address>
         <run_address>0xe469</run_address>
         <size>0x17d</size>
         <input_file_ref idref="fl-cc"/>
      </object_component>
      <object_component id="oc-230">
         <name>.debug_info</name>
         <load_address>0xe5e6</load_address>
         <run_address>0xe5e6</run_address>
         <size>0xfa</size>
         <input_file_ref idref="fl-cd"/>
      </object_component>
      <object_component id="oc-1ab">
         <name>.debug_info</name>
         <load_address>0xe6e0</load_address>
         <run_address>0xe6e0</run_address>
         <size>0x106</size>
         <input_file_ref idref="fl-cd"/>
      </object_component>
      <object_component id="oc-1a9">
         <name>.debug_info</name>
         <load_address>0xe7e6</load_address>
         <run_address>0xe7e6</run_address>
         <size>0x28b</size>
         <input_file_ref idref="fl-ce"/>
      </object_component>
      <object_component id="oc-104">
         <name>.debug_info</name>
         <load_address>0xea71</load_address>
         <run_address>0xea71</run_address>
         <size>0x274</size>
         <input_file_ref idref="fl-ce"/>
      </object_component>
      <object_component id="oc-22">
         <name>.debug_info</name>
         <load_address>0xece5</load_address>
         <run_address>0xece5</run_address>
         <size>0x10c</size>
         <input_file_ref idref="fl-cf"/>
      </object_component>
      <object_component id="oc-5e">
         <name>.debug_info</name>
         <load_address>0xedf1</load_address>
         <run_address>0xedf1</run_address>
         <size>0x1aa</size>
         <input_file_ref idref="fl-cf"/>
      </object_component>
      <object_component id="oc-21d">
         <name>.debug_info</name>
         <load_address>0xef9b</load_address>
         <run_address>0xef9b</run_address>
         <size>0x57c</size>
         <input_file_ref idref="fl-d0"/>
      </object_component>
      <object_component id="oc-1e8">
         <name>.debug_info</name>
         <load_address>0xf517</load_address>
         <run_address>0xf517</run_address>
         <size>0x21f</size>
         <input_file_ref idref="fl-d0"/>
      </object_component>
      <object_component id="oc-27d">
         <name>.debug_info</name>
         <load_address>0xf736</load_address>
         <run_address>0xf736</run_address>
         <size>0x1b4</size>
         <input_file_ref idref="fl-d0"/>
      </object_component>
      <object_component id="oc-283">
         <name>.debug_info</name>
         <load_address>0xf8ea</load_address>
         <run_address>0xf8ea</run_address>
         <size>0x21c</size>
         <input_file_ref idref="fl-d0"/>
      </object_component>
      <object_component id="oc-1f3">
         <name>.debug_info</name>
         <load_address>0xfb06</load_address>
         <run_address>0xfb06</run_address>
         <size>0x3bc</size>
         <input_file_ref idref="fl-d0"/>
      </object_component>
      <object_component id="oc-28a">
         <name>.debug_info</name>
         <load_address>0xfec2</load_address>
         <run_address>0xfec2</run_address>
         <size>0x306</size>
         <input_file_ref idref="fl-d0"/>
      </object_component>
      <object_component id="oc-290">
         <name>.debug_info</name>
         <load_address>0x101c8</load_address>
         <run_address>0x101c8</run_address>
         <size>0x216</size>
         <input_file_ref idref="fl-d0"/>
      </object_component>
      <object_component id="oc-1f9">
         <name>.debug_info</name>
         <load_address>0x103de</load_address>
         <run_address>0x103de</run_address>
         <size>0x216</size>
         <input_file_ref idref="fl-d0"/>
      </object_component>
      <object_component id="oc-1ff">
         <name>.debug_info</name>
         <load_address>0x105f4</load_address>
         <run_address>0x105f4</run_address>
         <size>0x305</size>
         <input_file_ref idref="fl-d0"/>
      </object_component>
      <object_component id="oc-205">
         <name>.debug_info</name>
         <load_address>0x108f9</load_address>
         <run_address>0x108f9</run_address>
         <size>0x4b1</size>
         <input_file_ref idref="fl-d0"/>
      </object_component>
      <object_component id="oc-18d">
         <name>.debug_info</name>
         <load_address>0x10daa</load_address>
         <run_address>0x10daa</run_address>
         <size>0x5f5</size>
         <input_file_ref idref="fl-d0"/>
      </object_component>
      <object_component id="oc-21e">
         <name>.debug_info</name>
         <load_address>0x1139f</load_address>
         <run_address>0x1139f</run_address>
         <size>0x86</size>
         <input_file_ref idref="fl-d0"/>
      </object_component>
      <object_component id="oc-2bf">
         <name>.debug_info</name>
         <load_address>0x11425</load_address>
         <run_address>0x11425</run_address>
         <size>0x39</size>
         <input_file_ref idref="fl-d0"/>
      </object_component>
      <object_component id="oc-30b">
         <name>.debug_info</name>
         <load_address>0x1145e</load_address>
         <run_address>0x1145e</run_address>
         <size>0xb6</size>
         <input_file_ref idref="fl-d0"/>
      </object_component>
      <object_component id="oc-2c4">
         <name>.debug_info</name>
         <load_address>0x11514</load_address>
         <run_address>0x11514</run_address>
         <size>0x46</size>
         <input_file_ref idref="fl-d0"/>
      </object_component>
      <object_component id="oc-223">
         <name>.debug_info</name>
         <load_address>0x1155a</load_address>
         <run_address>0x1155a</run_address>
         <size>0x46</size>
         <input_file_ref idref="fl-d0"/>
      </object_component>
      <object_component id="oc-2ee">
         <name>.debug_info</name>
         <load_address>0x115a0</load_address>
         <run_address>0x115a0</run_address>
         <size>0x29b</size>
         <input_file_ref idref="fl-d1"/>
      </object_component>
      <object_component id="oc-298">
         <name>.debug_info</name>
         <load_address>0x1183b</load_address>
         <run_address>0x1183b</run_address>
         <size>0x196</size>
         <input_file_ref idref="fl-d1"/>
      </object_component>
      <object_component id="oc-315">
         <name>.debug_info</name>
         <load_address>0x119d1</load_address>
         <run_address>0x119d1</run_address>
         <size>0x39</size>
         <input_file_ref idref="fl-d1"/>
      </object_component>
      <object_component id="oc-2ef">
         <name>.debug_info</name>
         <load_address>0x11a0a</load_address>
         <run_address>0x11a0a</run_address>
         <size>0x2c</size>
         <input_file_ref idref="fl-d1"/>
      </object_component>
      <object_component id="oc-2fb">
         <name>.debug_info</name>
         <load_address>0x11a36</load_address>
         <run_address>0x11a36</run_address>
         <size>0x2fe</size>
         <input_file_ref idref="fl-d2"/>
      </object_component>
      <object_component id="oc-29e">
         <name>.debug_info</name>
         <load_address>0x11d34</load_address>
         <run_address>0x11d34</run_address>
         <size>0x226</size>
         <input_file_ref idref="fl-d2"/>
      </object_component>
      <object_component id="oc-257">
         <name>.debug_info</name>
         <load_address>0x11f5a</load_address>
         <run_address>0x11f5a</run_address>
         <size>0x135</size>
         <input_file_ref idref="fl-d3"/>
      </object_component>
      <object_component id="oc-27a">
         <name>.debug_info</name>
         <load_address>0x1208f</load_address>
         <run_address>0x1208f</run_address>
         <size>0x14d</size>
         <input_file_ref idref="fl-d4"/>
      </object_component>
      <object_component id="oc-1ee">
         <name>.debug_info</name>
         <load_address>0x121dc</load_address>
         <run_address>0x121dc</run_address>
         <size>0x129</size>
         <input_file_ref idref="fl-d5"/>
      </object_component>
      <object_component id="oc-264">
         <name>.debug_info</name>
         <load_address>0x12305</load_address>
         <run_address>0x12305</run_address>
         <size>0x12b</size>
         <input_file_ref idref="fl-d5"/>
      </object_component>
      <object_component id="oc-25e">
         <name>.debug_info</name>
         <load_address>0x12430</load_address>
         <run_address>0x12430</run_address>
         <size>0x13b</size>
         <input_file_ref idref="fl-d6"/>
      </object_component>
      <object_component id="oc-269">
         <name>.debug_info</name>
         <load_address>0x1256b</load_address>
         <run_address>0x1256b</run_address>
         <size>0x12f</size>
         <input_file_ref idref="fl-d7"/>
      </object_component>
      <object_component id="oc-274">
         <name>.debug_info</name>
         <load_address>0x1269a</load_address>
         <run_address>0x1269a</run_address>
         <size>0x12d</size>
         <input_file_ref idref="fl-d8"/>
      </object_component>
      <object_component id="oc-1bf">
         <name>.debug_info</name>
         <load_address>0x127c7</load_address>
         <run_address>0x127c7</run_address>
         <size>0x4b4</size>
         <input_file_ref idref="fl-d9"/>
      </object_component>
      <object_component id="oc-12e">
         <name>.debug_info</name>
         <load_address>0x12c7b</load_address>
         <run_address>0x12c7b</run_address>
         <size>0x1a7</size>
         <input_file_ref idref="fl-d9"/>
      </object_component>
      <object_component id="oc-243">
         <name>.debug_info</name>
         <load_address>0x12e22</load_address>
         <run_address>0x12e22</run_address>
         <size>0x39</size>
         <input_file_ref idref="fl-d9"/>
      </object_component>
      <object_component id="oc-2ce">
         <name>.debug_info</name>
         <load_address>0x12e5b</load_address>
         <run_address>0x12e5b</run_address>
         <size>0x39</size>
         <input_file_ref idref="fl-d9"/>
      </object_component>
      <object_component id="oc-248">
         <name>.debug_info</name>
         <load_address>0x12e94</load_address>
         <run_address>0x12e94</run_address>
         <size>0x39</size>
         <input_file_ref idref="fl-d9"/>
      </object_component>
      <object_component id="oc-24d">
         <name>.debug_info</name>
         <load_address>0x12ecd</load_address>
         <run_address>0x12ecd</run_address>
         <size>0xcd</size>
         <input_file_ref idref="fl-d9"/>
      </object_component>
      <object_component id="oc-b2">
         <name>.debug_info</name>
         <load_address>0x12f9a</load_address>
         <run_address>0x12f9a</run_address>
         <size>0x154</size>
         <input_file_ref idref="fl-da"/>
      </object_component>
      <object_component id="oc-120">
         <name>.debug_info</name>
         <load_address>0x130ee</load_address>
         <run_address>0x130ee</run_address>
         <size>0x123</size>
         <input_file_ref idref="fl-dc"/>
      </object_component>
      <object_component id="oc-2e6">
         <name>.debug_info</name>
         <load_address>0x13211</load_address>
         <run_address>0x13211</run_address>
         <size>0x29c</size>
         <input_file_ref idref="fl-df"/>
      </object_component>
      <object_component id="oc-26d">
         <name>.debug_info</name>
         <load_address>0x134ad</load_address>
         <run_address>0x134ad</run_address>
         <size>0x1ce</size>
         <input_file_ref idref="fl-df"/>
      </object_component>
      <object_component id="oc-2ab">
         <name>.debug_info</name>
         <load_address>0x1367b</load_address>
         <run_address>0x1367b</run_address>
         <size>0x297</size>
         <input_file_ref idref="fl-e0"/>
      </object_component>
      <object_component id="oc-20b">
         <name>.debug_info</name>
         <load_address>0x13912</load_address>
         <run_address>0x13912</run_address>
         <size>0x1b7</size>
         <input_file_ref idref="fl-e0"/>
      </object_component>
      <object_component id="oc-2fd">
         <name>.debug_info</name>
         <load_address>0x13ac9</load_address>
         <run_address>0x13ac9</run_address>
         <size>0x29b</size>
         <input_file_ref idref="fl-e1"/>
      </object_component>
      <object_component id="oc-2a6">
         <name>.debug_info</name>
         <load_address>0x13d64</load_address>
         <run_address>0x13d64</run_address>
         <size>0x263</size>
         <input_file_ref idref="fl-e1"/>
      </object_component>
      <object_component id="oc-255">
         <name>.debug_info</name>
         <load_address>0x13fc7</load_address>
         <run_address>0x13fc7</run_address>
         <size>0x290</size>
         <input_file_ref idref="fl-e2"/>
      </object_component>
      <object_component id="oc-1e2">
         <name>.debug_info</name>
         <load_address>0x14257</load_address>
         <run_address>0x14257</run_address>
         <size>0x246</size>
         <input_file_ref idref="fl-e2"/>
      </object_component>
      <object_component id="oc-2b7">
         <name>.debug_info</name>
         <load_address>0x1449d</load_address>
         <run_address>0x1449d</run_address>
         <size>0x28a</size>
         <input_file_ref idref="fl-e3"/>
      </object_component>
      <object_component id="oc-2b4">
         <name>.debug_info</name>
         <load_address>0x14727</load_address>
         <run_address>0x14727</run_address>
         <size>0x10f</size>
         <input_file_ref idref="fl-e3"/>
      </object_component>
      <object_component id="oc-219">
         <name>.debug_info</name>
         <load_address>0x14836</load_address>
         <run_address>0x14836</run_address>
         <size>0x14f</size>
         <input_file_ref idref="fl-e3"/>
      </object_component>
      <object_component id="oc-2b2">
         <name>.debug_info</name>
         <load_address>0x14985</load_address>
         <run_address>0x14985</run_address>
         <size>0x290</size>
         <input_file_ref idref="fl-e4"/>
      </object_component>
      <object_component id="oc-214">
         <name>.debug_info</name>
         <load_address>0x14c15</load_address>
         <run_address>0x14c15</run_address>
         <size>0x15b</size>
         <input_file_ref idref="fl-e4"/>
      </object_component>
      <object_component id="oc-300">
         <name>.debug_info</name>
         <load_address>0x14d70</load_address>
         <run_address>0x14d70</run_address>
         <size>0x46</size>
         <input_file_ref idref="fl-e4"/>
      </object_component>
      <object_component id="oc-2ad">
         <name>.debug_info</name>
         <load_address>0x14db6</load_address>
         <run_address>0x14db6</run_address>
         <size>0x39</size>
         <input_file_ref idref="fl-e4"/>
      </object_component>
      <object_component id="oc-2f6">
         <name>.debug_info</name>
         <load_address>0x14def</load_address>
         <run_address>0x14def</run_address>
         <size>0x162</size>
         <input_file_ref idref="fl-e5"/>
      </object_component>
      <object_component id="oc-2de">
         <name>.debug_info</name>
         <load_address>0x14f51</load_address>
         <run_address>0x14f51</run_address>
         <size>0x116</size>
         <input_file_ref idref="fl-e6"/>
      </object_component>
      <object_component id="oc-34b">
         <name>.debug_info</name>
         <load_address>0x15067</load_address>
         <run_address>0x15067</run_address>
         <size>0xa2</size>
      </object_component>
      <object_component id="oc-160">
         <name>.debug_line</name>
         <load_address>0x0</load_address>
         <run_address>0x0</run_address>
         <size>0x9f</size>
         <input_file_ref idref="fl-2"/>
      </object_component>
      <object_component id="oc-1d8">
         <name>.debug_line</name>
         <load_address>0x9f</load_address>
         <run_address>0x9f</run_address>
         <size>0x2d</size>
         <input_file_ref idref="fl-2"/>
      </object_component>
      <object_component id="oc-1d6">
         <name>.debug_line</name>
         <load_address>0xcc</load_address>
         <run_address>0xcc</run_address>
         <size>0x2d</size>
         <input_file_ref idref="fl-2"/>
      </object_component>
      <object_component id="oc-1da">
         <name>.debug_line</name>
         <load_address>0xf9</load_address>
         <run_address>0xf9</run_address>
         <size>0x2d</size>
         <input_file_ref idref="fl-2"/>
      </object_component>
      <object_component id="oc-1dc">
         <name>.debug_line</name>
         <load_address>0x126</load_address>
         <run_address>0x126</run_address>
         <size>0x2d</size>
         <input_file_ref idref="fl-2"/>
      </object_component>
      <object_component id="oc-1de">
         <name>.debug_line</name>
         <load_address>0x153</load_address>
         <run_address>0x153</run_address>
         <size>0x2d</size>
         <input_file_ref idref="fl-2"/>
      </object_component>
      <object_component id="oc-e8">
         <name>.debug_line</name>
         <load_address>0x180</load_address>
         <run_address>0x180</run_address>
         <size>0x11f7</size>
         <input_file_ref idref="fl-2"/>
      </object_component>
      <object_component id="oc-92">
         <name>.debug_line</name>
         <load_address>0x1377</load_address>
         <run_address>0x1377</run_address>
         <size>0x6f</size>
         <input_file_ref idref="fl-2"/>
      </object_component>
      <object_component id="oc-cb">
         <name>.debug_line</name>
         <load_address>0x13e6</load_address>
         <run_address>0x13e6</run_address>
         <size>0x2d</size>
         <input_file_ref idref="fl-2"/>
      </object_component>
      <object_component id="oc-86">
         <name>.debug_line</name>
         <load_address>0x1413</load_address>
         <run_address>0x1413</run_address>
         <size>0x20</size>
         <input_file_ref idref="fl-2"/>
      </object_component>
      <object_component id="oc-8b">
         <name>.debug_line</name>
         <load_address>0x1433</load_address>
         <run_address>0x1433</run_address>
         <size>0x2e</size>
         <input_file_ref idref="fl-2"/>
      </object_component>
      <object_component id="oc-d3">
         <name>.debug_line</name>
         <load_address>0x1461</load_address>
         <run_address>0x1461</run_address>
         <size>0x73</size>
         <input_file_ref idref="fl-2"/>
      </object_component>
      <object_component id="oc-81">
         <name>.debug_line</name>
         <load_address>0x14d4</load_address>
         <run_address>0x14d4</run_address>
         <size>0x70</size>
         <input_file_ref idref="fl-2"/>
      </object_component>
      <object_component id="oc-169">
         <name>.debug_line</name>
         <load_address>0x1544</load_address>
         <run_address>0x1544</run_address>
         <size>0x6a</size>
         <input_file_ref idref="fl-2"/>
      </object_component>
      <object_component id="oc-1a3">
         <name>.debug_line</name>
         <load_address>0x15ae</load_address>
         <run_address>0x15ae</run_address>
         <size>0x6b</size>
         <input_file_ref idref="fl-2"/>
      </object_component>
      <object_component id="oc-164">
         <name>.debug_line</name>
         <load_address>0x1619</load_address>
         <run_address>0x1619</run_address>
         <size>0x2d</size>
         <input_file_ref idref="fl-2"/>
      </object_component>
      <object_component id="oc-1b3">
         <name>.debug_line</name>
         <load_address>0x1646</load_address>
         <run_address>0x1646</run_address>
         <size>0x109</size>
         <input_file_ref idref="fl-3"/>
      </object_component>
      <object_component id="oc-1a6">
         <name>.debug_line</name>
         <load_address>0x174f</load_address>
         <run_address>0x174f</run_address>
         <size>0x31</size>
         <input_file_ref idref="fl-3"/>
      </object_component>
      <object_component id="oc-b9">
         <name>.debug_line</name>
         <load_address>0x1780</load_address>
         <run_address>0x1780</run_address>
         <size>0x554</size>
         <input_file_ref idref="fl-3"/>
      </object_component>
      <object_component id="oc-15e">
         <name>.debug_line</name>
         <load_address>0x1cd4</load_address>
         <run_address>0x1cd4</run_address>
         <size>0x20</size>
         <input_file_ref idref="fl-4"/>
      </object_component>
      <object_component id="oc-72">
         <name>.debug_line</name>
         <load_address>0x1cf4</load_address>
         <run_address>0x1cf4</run_address>
         <size>0x39a</size>
         <input_file_ref idref="fl-4"/>
      </object_component>
      <object_component id="oc-170">
         <name>.debug_line</name>
         <load_address>0x208e</load_address>
         <run_address>0x208e</run_address>
         <size>0xdd</size>
         <input_file_ref idref="fl-5"/>
      </object_component>
      <object_component id="oc-3c">
         <name>.debug_line</name>
         <load_address>0x216b</load_address>
         <run_address>0x216b</run_address>
         <size>0x20</size>
         <input_file_ref idref="fl-5"/>
      </object_component>
      <object_component id="oc-cf">
         <name>.debug_line</name>
         <load_address>0x218b</load_address>
         <run_address>0x218b</run_address>
         <size>0x3b</size>
         <input_file_ref idref="fl-6"/>
      </object_component>
      <object_component id="oc-2c">
         <name>.debug_line</name>
         <load_address>0x21c6</load_address>
         <run_address>0x21c6</run_address>
         <size>0x201</size>
         <input_file_ref idref="fl-6"/>
      </object_component>
      <object_component id="oc-8e">
         <name>.debug_line</name>
         <load_address>0x23c7</load_address>
         <run_address>0x23c7</run_address>
         <size>0x41</size>
         <input_file_ref idref="fl-7"/>
      </object_component>
      <object_component id="oc-31">
         <name>.debug_line</name>
         <load_address>0x2408</load_address>
         <run_address>0x2408</run_address>
         <size>0x41</size>
         <input_file_ref idref="fl-7"/>
      </object_component>
      <object_component id="oc-26">
         <name>.debug_line</name>
         <load_address>0x2449</load_address>
         <run_address>0x2449</run_address>
         <size>0xa1</size>
         <input_file_ref idref="fl-7"/>
      </object_component>
      <object_component id="oc-1e0">
         <name>.debug_line</name>
         <load_address>0x24ea</load_address>
         <run_address>0x24ea</run_address>
         <size>0x20</size>
         <input_file_ref idref="fl-8"/>
      </object_component>
      <object_component id="oc-ee">
         <name>.debug_line</name>
         <load_address>0x250a</load_address>
         <run_address>0x250a</run_address>
         <size>0xec</size>
         <input_file_ref idref="fl-8"/>
      </object_component>
      <object_component id="oc-ff">
         <name>.debug_line</name>
         <load_address>0x25f6</load_address>
         <run_address>0x25f6</run_address>
         <size>0x4c</size>
         <input_file_ref idref="fl-9"/>
      </object_component>
      <object_component id="oc-22b">
         <name>.debug_line</name>
         <load_address>0x2642</load_address>
         <run_address>0x2642</run_address>
         <size>0x2d</size>
         <input_file_ref idref="fl-c3"/>
      </object_component>
      <object_component id="oc-f7">
         <name>.debug_line</name>
         <load_address>0x266f</load_address>
         <run_address>0x266f</run_address>
         <size>0x4b</size>
         <input_file_ref idref="fl-c3"/>
      </object_component>
      <object_component id="oc-197">
         <name>.debug_line</name>
         <load_address>0x26ba</load_address>
         <run_address>0x26ba</run_address>
         <size>0x4b</size>
         <input_file_ref idref="fl-c3"/>
      </object_component>
      <object_component id="oc-19a">
         <name>.debug_line</name>
         <load_address>0x2705</load_address>
         <run_address>0x2705</run_address>
         <size>0x3f</size>
         <input_file_ref idref="fl-c3"/>
      </object_component>
      <object_component id="oc-2bd">
         <name>.debug_line</name>
         <load_address>0x2744</load_address>
         <run_address>0x2744</run_address>
         <size>0x91</size>
         <input_file_ref idref="fl-c3"/>
      </object_component>
      <object_component id="oc-aa">
         <name>.debug_line</name>
         <load_address>0x27d5</load_address>
         <run_address>0x27d5</run_address>
         <size>0x79</size>
         <input_file_ref idref="fl-c4"/>
      </object_component>
      <object_component id="oc-117">
         <name>.debug_line</name>
         <load_address>0x284e</load_address>
         <run_address>0x284e</run_address>
         <size>0x8e</size>
         <input_file_ref idref="fl-c5"/>
      </object_component>
      <object_component id="oc-11c">
         <name>.debug_line</name>
         <load_address>0x28dc</load_address>
         <run_address>0x28dc</run_address>
         <size>0x59</size>
         <input_file_ref idref="fl-c6"/>
      </object_component>
      <object_component id="oc-40">
         <name>.debug_line</name>
         <load_address>0x2935</load_address>
         <run_address>0x2935</run_address>
         <size>0x88</size>
         <input_file_ref idref="fl-c7"/>
      </object_component>
      <object_component id="oc-112">
         <name>.debug_line</name>
         <load_address>0x29bd</load_address>
         <run_address>0x29bd</run_address>
         <size>0x4c</size>
         <input_file_ref idref="fl-c8"/>
      </object_component>
      <object_component id="oc-e4">
         <name>.debug_line</name>
         <load_address>0x2a09</load_address>
         <run_address>0x2a09</run_address>
         <size>0x92</size>
         <input_file_ref idref="fl-c9"/>
      </object_component>
      <object_component id="oc-4e">
         <name>.debug_line</name>
         <load_address>0x2a9b</load_address>
         <run_address>0x2a9b</run_address>
         <size>0x56</size>
         <input_file_ref idref="fl-c9"/>
      </object_component>
      <object_component id="oc-a6">
         <name>.debug_line</name>
         <load_address>0x2af1</load_address>
         <run_address>0x2af1</run_address>
         <size>0x34</size>
         <input_file_ref idref="fl-c9"/>
      </object_component>
      <object_component id="oc-e1">
         <name>.debug_line</name>
         <load_address>0x2b25</load_address>
         <run_address>0x2b25</run_address>
         <size>0x92</size>
         <input_file_ref idref="fl-c9"/>
      </object_component>
      <object_component id="oc-a1">
         <name>.debug_line</name>
         <load_address>0x2bb7</load_address>
         <run_address>0x2bb7</run_address>
         <size>0x20</size>
         <input_file_ref idref="fl-ca"/>
      </object_component>
      <object_component id="oc-1b">
         <name>.debug_line</name>
         <load_address>0x2bd7</load_address>
         <run_address>0x2bd7</run_address>
         <size>0x55</size>
         <input_file_ref idref="fl-ca"/>
      </object_component>
      <object_component id="oc-47">
         <name>.debug_line</name>
         <load_address>0x2c2c</load_address>
         <run_address>0x2c2c</run_address>
         <size>0x3a</size>
         <input_file_ref idref="fl-ca"/>
      </object_component>
      <object_component id="oc-9e">
         <name>.debug_line</name>
         <load_address>0x2c66</load_address>
         <run_address>0x2c66</run_address>
         <size>0x92</size>
         <input_file_ref idref="fl-ca"/>
      </object_component>
      <object_component id="oc-dd">
         <name>.debug_line</name>
         <load_address>0x2cf8</load_address>
         <run_address>0x2cf8</run_address>
         <size>0x20</size>
         <input_file_ref idref="fl-cb"/>
      </object_component>
      <object_component id="oc-15">
         <name>.debug_line</name>
         <load_address>0x2d18</load_address>
         <run_address>0x2d18</run_address>
         <size>0xa9</size>
         <input_file_ref idref="fl-cb"/>
      </object_component>
      <object_component id="oc-37">
         <name>.debug_line</name>
         <load_address>0x2dc1</load_address>
         <run_address>0x2dc1</run_address>
         <size>0x3a</size>
         <input_file_ref idref="fl-cb"/>
      </object_component>
      <object_component id="oc-da">
         <name>.debug_line</name>
         <load_address>0x2dfb</load_address>
         <run_address>0x2dfb</run_address>
         <size>0x9a</size>
         <input_file_ref idref="fl-cb"/>
      </object_component>
      <object_component id="oc-97">
         <name>.debug_line</name>
         <load_address>0x2e95</load_address>
         <run_address>0x2e95</run_address>
         <size>0x96</size>
         <input_file_ref idref="fl-cb"/>
      </object_component>
      <object_component id="oc-232">
         <name>.debug_line</name>
         <load_address>0x2f2b</load_address>
         <run_address>0x2f2b</run_address>
         <size>0x91</size>
         <input_file_ref idref="fl-cc"/>
      </object_component>
      <object_component id="oc-10d">
         <name>.debug_line</name>
         <load_address>0x2fbc</load_address>
         <run_address>0x2fbc</run_address>
         <size>0x63</size>
         <input_file_ref idref="fl-cc"/>
      </object_component>
      <object_component id="oc-2ca">
         <name>.debug_line</name>
         <load_address>0x301f</load_address>
         <run_address>0x301f</run_address>
         <size>0x20</size>
         <input_file_ref idref="fl-cd"/>
      </object_component>
      <object_component id="oc-22f">
         <name>.debug_line</name>
         <load_address>0x303f</load_address>
         <run_address>0x303f</run_address>
         <size>0x2b</size>
         <input_file_ref idref="fl-cd"/>
      </object_component>
      <object_component id="oc-22d">
         <name>.debug_line</name>
         <load_address>0x306a</load_address>
         <run_address>0x306a</run_address>
         <size>0x20</size>
         <input_file_ref idref="fl-ce"/>
      </object_component>
      <object_component id="oc-107">
         <name>.debug_line</name>
         <load_address>0x308a</load_address>
         <run_address>0x308a</run_address>
         <size>0xad</size>
         <input_file_ref idref="fl-ce"/>
      </object_component>
      <object_component id="oc-6f">
         <name>.debug_line</name>
         <load_address>0x3137</load_address>
         <run_address>0x3137</run_address>
         <size>0x33</size>
         <input_file_ref idref="fl-cf"/>
      </object_component>
      <object_component id="oc-61">
         <name>.debug_line</name>
         <load_address>0x316a</load_address>
         <run_address>0x316a</run_address>
         <size>0x45</size>
         <input_file_ref idref="fl-cf"/>
      </object_component>
      <object_component id="oc-2b9">
         <name>.debug_line</name>
         <load_address>0x31af</load_address>
         <run_address>0x31af</run_address>
         <size>0x264</size>
         <input_file_ref idref="fl-d0"/>
      </object_component>
      <object_component id="oc-1eb">
         <name>.debug_line</name>
         <load_address>0x3413</load_address>
         <run_address>0x3413</run_address>
         <size>0x7a</size>
         <input_file_ref idref="fl-d0"/>
      </object_component>
      <object_component id="oc-280">
         <name>.debug_line</name>
         <load_address>0x348d</load_address>
         <run_address>0x348d</run_address>
         <size>0x51</size>
         <input_file_ref idref="fl-d0"/>
      </object_component>
      <object_component id="oc-287">
         <name>.debug_line</name>
         <load_address>0x34de</load_address>
         <run_address>0x34de</run_address>
         <size>0x88</size>
         <input_file_ref idref="fl-d0"/>
      </object_component>
      <object_component id="oc-1f6">
         <name>.debug_line</name>
         <load_address>0x3566</load_address>
         <run_address>0x3566</run_address>
         <size>0x14d</size>
         <input_file_ref idref="fl-d0"/>
      </object_component>
      <object_component id="oc-28e">
         <name>.debug_line</name>
         <load_address>0x36b3</load_address>
         <run_address>0x36b3</run_address>
         <size>0xee</size>
         <input_file_ref idref="fl-d0"/>
      </object_component>
      <object_component id="oc-294">
         <name>.debug_line</name>
         <load_address>0x37a1</load_address>
         <run_address>0x37a1</run_address>
[...]
      </symbol>
      <symbol id="sm-375">
         <name>t1</name>
         <value>0x3a97</value>
         <object_component_ref idref="oc-b5"/>
      </symbol>
      <symbol id="sm-376">
         <name>displayConnectionInfo</name>
         <value>0x36cf</value>
         <object_component_ref idref="oc-b5"/>
      </symbol>
      <symbol id="sm-377">
         <name>isack</name>
         <value>0x200010b9</value>
         <object_component_ref idref="oc-f9"/>
      </symbol>
      <symbol id="sm-378">
         <name>main</name>
         <value>0x3b51</value>
         <object_component_ref idref="oc-b5"/>
      </symbol>
      <symbol id="sm-379">
         <name>isRebind</name>
         <value>0x200010b8</value>
         <object_component_ref idref="oc-f9"/>
      </symbol>
      <symbol id="sm-37a">
         <name>isRenewed</name>
         <value>0x200010b7</value>
         <object_component_ref idref="oc-f9"/>
      </symbol>
      <symbol id="sm-37b">
         <name>testip</name>
         <value>0x3a51</value>
         <object_component_ref idref="oc-b5"/>
      </symbol>
      <symbol id="sm-37c">
         <name>initEeprom</name>
         <value>0x38af</value>
         <object_component_ref idref="oc-b5"/>
      </symbol>
      <symbol id="sm-37d">
         <name>f_ack</name>
         <value>0x200010b4</value>
         <object_component_ref idref="oc-f9"/>
      </symbol>
      <symbol id="sm-37e">
         <name>f_dhcp</name>
         <value>0x200010b0</value>
         <object_component_ref idref="oc-f9"/>
      </symbol>
      <symbol id="sm-37f">
         <name>readEeprom</name>
         <value>0x38f7</value>
         <object_component_ref idref="oc-b5"/>
      </symbol>
      <symbol id="sm-380">
         <name>f_discover</name>
         <value>0x200010b1</value>
         <object_component_ref idref="oc-f9"/>
      </symbol>
      <symbol id="sm-381">
         <name>set_renewal_flag_false</name>
         <value>0x3a43</value>
         <object_component_ref idref="oc-b5"/>
      </symbol>
      <symbol id="sm-382">
         <name>f_request</name>
         <value>0x200010b3</value>
         <object_component_ref idref="oc-f9"/>
      </symbol>
      <symbol id="sm-383">
         <name>f_unicast</name>
         <value>0x200010b5</value>
         <object_component_ref idref="oc-f9"/>
      </symbol>
      <symbol id="sm-384">
         <name>getsUart0</name>
         <value>0x3929</value>
         <object_component_ref idref="oc-b5"/>
      </symbol>
      <symbol id="sm-3f8">
         <name>selectPinInterruptBothEdges</name>
         <value>0x553b</value>
         <object_component_ref idref="oc-71"/>
      </symbol>
      <symbol id="sm-3f9">
         <name>getPortValue</name>
         <value>0x5729</value>
         <object_component_ref idref="oc-71"/>
      </symbol>
      <symbol id="sm-3fa">
         <name>selectPinAnalogInput</name>
         <value>0x521f</value>
         <object_component_ref idref="oc-71"/>
      </symbol>
      <symbol id="sm-3fb">
         <name>selectPinPushPullOutput</name>
         <value>0x5135</value>
         <object_component_ref idref="oc-71"/>
      </symbol>
      <symbol id="sm-3fc">
         <name>selectPinInterruptHighLevel</name>
         <value>0x5591</value>
         <object_component_ref idref="oc-71"/>
      </symbol>
      <symbol id="sm-3fd">
         <name>selectPinInterruptFallingEdge</name>
         <value>0x54eb</value>
         <object_component_ref idref="oc-71"/>
      </symbol>
      <symbol id="sm-3fe">
         <name>selectPinOpenDrainOutput</name>
         <value>0x5183</value>
         <object_component_ref idref="oc-71"/>
      </symbol>
      <symbol id="sm-3ff">
         <name>selectPinInterruptLowLevel</name>
         <value>0x55cb</value>
         <object_component_ref idref="oc-71"/>
      </symbol>
      <symbol id="sm-400">
         <name>setPortValue</name>
         <value>0x56a5</value>
         <object_component_ref idref="oc-71"/>
      </symbol>
      <symbol id="sm-401">
         <name>enablePinInterrupt</name>
         <value>0x5605</value>
         <object_component_ref idref="oc-71"/>
      </symbol>
      <symbol id="sm-402">
         <name>setPinAuxFunction</name>
         <value>0x5389</value>
         <object_component_ref idref="oc-71"/>
      </symbol>
      <symbol id="sm-403">
         <name>enablePort</name>
         <value>0x4ff9</value>
         <object_component_ref idref="oc-71"/>
      </symbol>
      <symbol id="sm-404">
         <name>disablePinPulldown</name>
         <value>0x5361</value>
         <object_component_ref idref="oc-71"/>
      </symbol>
      <symbol id="sm-405">
         <name>setPinCommitControl</name>
         <value>0x526f</value>
         <object_component_ref idref="oc-71"/>
      </symbol>
      <symbol id="sm-406">
         <name>disablePort</name>
         <value>0x50b5</value>
         <object_component_ref idref="oc-71"/>
      </symbol>
      <symbol id="sm-407">
         <name>disablePinInterrupt</name>
         <value>0x5629</value>
         <object_component_ref idref="oc-71"/>
      </symbol>
      <symbol id="sm-408">
         <name>enablePinPullup</name>
         <value>0x52eb</value>
         <object_component_ref idref="oc-71"/>
      </symbol>
      <symbol id="sm-409">
         <name>getPinValue</name>
         <value>0x5673</value>
         <object_component_ref idref="oc-71"/>
      </symbol>
      <symbol id="sm-40a">
         <name>enablePinPulldown</name>
         <value>0x533d</value>
         <object_component_ref idref="oc-71"/>
      </symbol>
      <symbol id="sm-40b">
         <name>disablePinPullup</name>
         <value>0x5319</value>
         <object_component_ref idref="oc-71"/>
      </symbol>
      <symbol id="sm-40c">
         <name>selectPinDigitalInput</name>
         <value>0x51d1</value>
         <object_component_ref idref="oc-71"/>
      </symbol>
      <symbol id="sm-40d">
         <name>selectPinInterruptRisingEdge</name>
         <value>0x549b</value>
         <object_component_ref idref="oc-71"/>
      </symbol>
      <symbol id="sm-40e">
         <name>setPinValue</name>
         <value>0x564d</value>
         <object_component_ref idref="oc-71"/>
      </symbol>
      <symbol id="sm-42f">
         <name>setSpi0Mode</name>
         <value>0x63bf</value>
         <object_component_ref idref="oc-16b"/>
      </symbol>
      <symbol id="sm-430">
         <name>readSpi0Data</name>
         <value>0x6425</value>
         <object_component_ref idref="oc-16b"/>
      </symbol>
      <symbol id="sm-431">
         <name>writeSpi0Data</name>
         <value>0x640d</value>
         <object_component_ref idref="oc-16b"/>
      </symbol>
      <symbol id="sm-432">
         <name>initSpi0</name>
         <value>0x62ed</value>
         <object_component_ref idref="oc-16b"/>
      </symbol>
      <symbol id="sm-433">
         <name>setSpi0BaudRate</name>
         <value>0x6389</value>
         <object_component_ref idref="oc-16b"/>
      </symbol>
      <symbol id="sm-483">
         <name>fn</name>
         <value>0x20001000</value>
      </symbol>
      <symbol id="sm-484">
         <name>period</name>
         <value>0x20001028</value>
      </symbol>
      <symbol id="sm-485">
         <name>ticks</name>
         <value>0x20001050</value>
      </symbol>
      <symbol id="sm-486">
         <name>reload</name>
         <value>0x20001078</value>
      </symbol>
      <symbol id="sm-487">
         <name>flash</name>
         <value>0x5ad9</value>
         <object_component_ref idref="oc-2a"/>
      </symbol>
      <symbol id="sm-488">
         <name>initTimer</name>
         <value>0x57b9</value>
         <object_component_ref idref="oc-2a"/>
      </symbol>
      <symbol id="sm-489">
         <name>stopTimer</name>
         <value>0x5965</value>
         <object_component_ref idref="oc-2a"/>
      </symbol>
      <symbol id="sm-48a">
         <name>startOneshotTimer</name>
         <value>0x5859</value>
         <object_component_ref idref="oc-2a"/>
      </symbol>
      <symbol id="sm-48b">
         <name>restartTimer</name>
         <value>0x59cb</value>
         <object_component_ref idref="oc-2a"/>
      </symbol>
      <symbol id="sm-48c">
         <name>random32</name>
         <value>0x5ab3</value>
         <object_component_ref idref="oc-2a"/>
      </symbol>
      <symbol id="sm-48d">
         <name>flash3</name>
         <value>0x5b37</value>
         <object_component_ref idref="oc-2a"/>
      </symbol>
      <symbol id="sm-48e">
         <name>flash2</name>
         <value>0x5b11</value>
         <object_component_ref idref="oc-2a"/>
      </symbol>
      <symbol id="sm-48f">
         <name>flash4</name>
         <value>0x5b45</value>
         <object_component_ref idref="oc-2a"/>
      </symbol>
      <symbol id="sm-490">
         <name>tickIsr</name>
         <value>0x5a39</value>
         <object_component_ref idref="oc-2a"/>
      </symbol>
      <symbol id="sm-491">
         <name>startPeriodicTimer</name>
         <value>0x58df</value>
         <object_component_ref idref="oc-2a"/>
      </symbol>
      <symbol id="sm-4ad">
         <name>ResetISR</name>
         <value>0x729f</value>
         <object_component_ref idref="oc-24"/>
      </symbol>
      <symbol id="sm-4ae">
         <name>g_pfnVectors</name>
         <value>0x0</value>
         <object_component_ref idref="oc-f"/>
      </symbol>
      <symbol id="sm-4d9">
         <name>getcUart0</name>
         <value>0x6279</value>
         <object_component_ref idref="oc-ed"/>
      </symbol>
      <symbol id="sm-4da">
         <name>kbhitUart0</name>
         <value>0x628d</value>
         <object_component_ref idref="oc-ed"/>
      </symbol>
      <symbol id="sm-4db">
         <name>setUart0BaudRate</name>
         <value>0x6205</value>
         <object_component_ref idref="oc-ed"/>
      </symbol>
      <symbol id="sm-4dc">
         <name>putsUart0</name>
         <value>0x624d</value>
         <object_component_ref idref="oc-ed"/>
      </symbol>
      <symbol id="sm-4dd">
         <name>initUart0</name>
         <value>0x6171</value>
         <object_component_ref idref="oc-ed"/>
      </symbol>
      <symbol id="sm-4de">
         <name>putcUart0</name>
         <value>0x6231</value>
         <object_component_ref idref="oc-ed"/>
      </symbol>
      <symbol id="sm-4ec">
         <name>waitMicrosecond</name>
         <value>0x718f</value>
         <object_component_ref idref="oc-fc"/>
      </symbol>
      <symbol id="sm-513">
         <name>sprintf</name>
         <value>0x70ad</value>
         <object_component_ref idref="oc-f3"/>
      </symbol>
      <symbol id="sm-522">
         <name>__aeabi_memset</name>
         <value>0x6ce3</value>
         <object_component_ref idref="oc-a9"/>
      </symbol>
      <symbol id="sm-523">
         <name>memset</name>
         <value>0x6ce9</value>
         <object_component_ref idref="oc-a9"/>
      </symbol>
      <symbol id="sm-524">
         <name>__aeabi_memset8</name>
         <value>0x6ce3</value>
         <object_component_ref idref="oc-a9"/>
      </symbol>
      <symbol id="sm-525">
         <name>__aeabi_memset4</name>
         <value>0x6ce3</value>
         <object_component_ref idref="oc-a9"/>
      </symbol>
      <symbol id="sm-526">
         <name>__aeabi_memclr8</name>
         <value>0x6ce1</value>
         <object_component_ref idref="oc-a9"/>
      </symbol>
      <symbol id="sm-527">
         <name>__aeabi_memclr4</name>
         <value>0x6ce1</value>
         <object_component_ref idref="oc-a9"/>
      </symbol>
      <symbol id="sm-528">
         <name>__aeabi_memclr</name>
         <value>0x6ce1</value>
         <object_component_ref idref="oc-a9"/>
      </symbol>
      <symbol id="sm-533">
         <name>__aeabi_dmul</name>
         <value>0x68f5</value>
         <object_component_ref idref="oc-113"/>
      </symbol>
      <symbol id="sm-53d">
         <name>__aeabi_d2uiz</name>
         <value>0x7069</value>
         <object_component_ref idref="oc-118"/>
      </symbol>
      <symbol id="sm-558">
         <name>memcpy</name>
         <value>0x6aa3</value>
         <object_component_ref idref="oc-3e"/>
      </symbol>
      <symbol id="sm-559">
         <name>__aeabi_memcpy</name>
         <value>0x6aa3</value>
         <object_component_ref idref="oc-3e"/>
      </symbol>
      <symbol id="sm-55a">
         <name>__aeabi_memcpy8</name>
         <value>0x6aa3</value>
         <object_component_ref idref="oc-3e"/>
      </symbol>
      <symbol id="sm-55b">
         <name>__aeabi_memcpy4</name>
         <value>0x6aa3</value>
         <object_component_ref idref="oc-3e"/>
      </symbol>
      <symbol id="sm-565">
         <name>__aeabi_ui2d</name>
         <value>0x71b3</value>
         <object_component_ref idref="oc-10e"/>
      </symbol>
      <symbol id="sm-57e">
         <name>__TI_zero_init_nomemset</name>
         <value>0x71d3</value>
         <object_component_ref idref="oc-4a"/>
      </symbol>
      <symbol id="sm-595">
         <name>__TI_decompress_none</name>
         <value>0x7291</value>
         <object_component_ref idref="oc-18"/>
      </symbol>
      <symbol id="sm-5b8">
         <name>__TI_decompress_lzss</name>
         <value>0x6dc9</value>
         <object_component_ref idref="oc-12"/>
      </symbol>
      <symbol id="sm-5ce">
         <name>atoi</name>
         <value>0x6f91</value>
         <object_component_ref idref="oc-108"/>
      </symbol>
      <symbol id="sm-5d9">
         <name>_ctypes_</name>
         <value>0x72c4</value>
         <object_component_ref idref="oc-1aa"/>
      </symbol>
      <symbol id="sm-5e8">
         <name>strcmp</name>
         <value>0x723d</value>
         <object_component_ref idref="oc-102"/>
      </symbol>
      <symbol id="sm-5fb">
         <name>__stack</name>
         <value>0x20000000</value>
         <object_component_ref idref="oc-21"/>
      </symbol>
      <symbol id="sm-5fc">
         <name>_c_int00_noargs</name>
         <value>0x712d</value>
         <object_component_ref idref="oc-5c"/>
      </symbol>
      <symbol id="sm-761">
         <name>__TI_printfi</name>
         <value>0x45a9</value>
         <object_component_ref idref="oc-18c"/>
      </symbol>
      <symbol id="sm-781">
         <name>frexpl</name>
         <value>0x6e31</value>
         <object_component_ref idref="oc-297"/>
      </symbol>
      <symbol id="sm-782">
         <name>frexp</name>
         <value>0x6e31</value>
         <object_component_ref idref="oc-297"/>
      </symbol>
      <symbol id="sm-79f">
         <name>scalbn</name>
         <value>0x67e5</value>
         <object_component_ref idref="oc-29d"/>
      </symbol>
      <symbol id="sm-7a0">
         <name>scalbnl</name>
         <value>0x67e5</value>
         <object_component_ref idref="oc-29d"/>
      </symbol>
      <symbol id="sm-7a1">
         <name>ldexpl</name>
         <value>0x67e5</value>
         <object_component_ref idref="oc-29d"/>
      </symbol>
      <symbol id="sm-7a2">
         <name>ldexp</name>
         <value>0x67e5</value>
         <object_component_ref idref="oc-29d"/>
      </symbol>
      <symbol id="sm-7af">
         <name>__aeabi_uldivmod</name>
         <value>0x6b3f</value>
         <object_component_ref idref="oc-256"/>
      </symbol>
      <symbol id="sm-7c6">
         <name>__aeabi_dsub</name>
         <value>0x5fb9</value>
         <object_component_ref idref="oc-277"/>
      </symbol>
      <symbol id="sm-7c7">
         <name>__aeabi_dadd</name>
         <value>0x5fc3</value>
         <object_component_ref idref="oc-277"/>
      </symbol>
      <symbol id="sm-7e9">
         <name>__aeabi_cdcmpeq</name>
         <value>0x6bd5</value>
         <object_component_ref idref="oc-1ed"/>
      </symbol>
      <symbol id="sm-7ea">
         <name>__aeabi_cdcmple</name>
         <value>0x6bd5</value>
         <object_component_ref idref="oc-1ed"/>
      </symbol>
      <symbol id="sm-7eb">
         <name>__aeabi_cdrcmple</name>
         <value>0x6c5b</value>
         <object_component_ref idref="oc-262"/>
      </symbol>
      <symbol id="sm-7ff">
         <name>__aeabi_ddiv</name>
         <value>0x6589</value>
         <object_component_ref idref="oc-25d"/>
      </symbol>
      <symbol id="sm-809">
         <name>__aeabi_d2iz</name>
         <value>0x6fdd</value>
         <object_component_ref idref="oc-267"/>
      </symbol>
      <symbol id="sm-813">
         <name>__aeabi_i2d</name>
         <value>0x7161</value>
         <object_component_ref idref="oc-272"/>
      </symbol>
      <symbol id="sm-83b">
         <name>__TI_auto_init_nobinit_nopinit</name>
         <value>0x7025</value>
         <object_component_ref idref="oc-12b"/>
      </symbol>
      <symbol id="sm-845">
         <name>_system_pre_init</name>
         <value>0x72bd</value>
         <object_component_ref idref="oc-af"/>
      </symbol>
      <symbol id="sm-851">
         <name>C$$EXIT</name>
         <value>0x72c1</value>
         <object_component_ref idref="oc-11f"/>
      </symbol>
      <symbol id="sm-852">
         <name>abort</name>
         <value>0x72c1</value>
         <object_component_ref idref="oc-11f"/>
      </symbol>
      <symbol id="sm-863">
         <name>ltoa</name>
         <value>0x6eeb</value>
         <object_component_ref idref="oc-26c"/>
      </symbol>
      <symbol id="sm-873">
         <name>memccpy</name>
         <value>0x71ef</value>
         <object_component_ref idref="oc-20a"/>
      </symbol>
      <symbol id="sm-883">
         <name>strchr</name>
         <value>0x7255</value>
         <object_component_ref idref="oc-2a3"/>
      </symbol>
      <symbol id="sm-891">
         <name>strlen</name>
         <value>0x726b</value>
         <object_component_ref idref="oc-1e1"/>
      </symbol>
      <symbol id="sm-8a7">
         <name>__aeabi_errno_addr</name>
         <value>0x72b5</value>
         <object_component_ref idref="oc-216"/>
      </symbol>
      <symbol id="sm-8a8">
         <name>errno</name>
         <value>0x200010d4</value>
         <object_component_ref idref="oc-2b3"/>
      </symbol>
      <symbol id="sm-8c1">
         <name>wcslen</name>
         <value>0x727f</value>
         <object_component_ref idref="oc-210"/>
      </symbol>
      <symbol id="sm-8cb">
         <name>copysign</name>
         <value>0x720b</value>
         <object_component_ref idref="oc-2f4"/>
      </symbol>
      <symbol id="sm-8cc">
         <name>copysignl</name>
         <value>0x720b</value>
         <object_component_ref idref="oc-2f4"/>
      </symbol>
      <symbol id="sm-8d6">
         <name>__aeabi_idiv0</name>
         <value>0x4ff7</value>
         <object_component_ref idref="oc-2dc"/>
      </symbol>
      <symbol id="sm-8d7">
         <name>__aeabi_ldiv0</name>
         <value>0x4ff7</value>
         <object_component_ref idref="oc-2dc"/>
      </symbol>
      <symbol id="sm-8d8">
         <name>__TI_static_base__</name>
         <value>0x0</value>
      </symbol>
      <symbol id="sm-8db">
         <name>__mpu_init</name>
         <value>0x0</value>
      </symbol>
      <symbol id="sm-8dc">
         <name>_system_post_cinit</name>
         <value>0x0</value>
      </symbol>
   </symbol_table>
   <title>Link successful</title>
</link_info>
